#
# There is insufficient memory for the Java Runtime Environment to continue.
# Native memory allocation (mmap) failed to map 65536 bytes for Failed to commit metaspace.
# Possible reasons:
#   The system is out of physical RAM or swap space
#   The process is running with CompressedOops enabled, and the Java Heap may be blocking the growth of the native heap
# Possible solutions:
#   Reduce memory load on the system
#   Increase physical memory or swap space
#   Check if swap backing store is full
#   Decrease Java heap size (-Xmx/-Xms)
#   Decrease number of Java threads
#   Decrease Java thread stack sizes (-Xss)
#   Set larger code cache with -XX:ReservedCodeCacheSize=
#   JVM is running with Zero Based Compressed Oops mode in which the Java heap is
#     placed in the first 32GB address space. The Java Heap base address is the
#     maximum limit for the native heap growth. Please use -XX:HeapBaseMinAddress
#     to set the Java Heap base and to place the Java Heap above 32GB virtual address.
# This output file may be truncated or incomplete.
#
#  Out of Memory Error (virtualSpaceNode.cpp:110), pid=17912, tid=25168
#
# JRE version: OpenJDK Runtime Environment (17.0.9) (build 17.0.9+0--11185874)
# Java VM: OpenJDK 64-Bit Server VM (17.0.9+0--11185874, mixed mode, tiered, compressed oops, compressed class ptrs, g1 gc, windows-amd64)
# No core dump will be written. Minidumps are not enabled by default on client versions of Windows
#

---------------  S U M M A R Y ------------

Command Line: -Dorg.gradle.appname=gradlew org.gradle.wrapper.GradleWrapperMain -q -Ptarget-platform=android-x64 -Ptarget=D:\Workspace\HTC\csam_mobile\lib\main.dart -Pbase-application-name=android.app.Application -Pdart-defines=Zmx1dHRlci5pbnNwZWN0b3Iuc3RydWN0dXJlZEVycm9ycz10cnVl,RkxVVFRFUl9WRVJTSU9OPTMuMzUuMw==,RkxVVFRFUl9DSEFOTkVMPXN0YWJsZQ==,RkxVVFRFUl9HSVRfVVJMPWh0dHBzOi8vZ2l0aHViLmNvbS9mbHV0dGVyL2ZsdXR0ZXIuZ2l0,RkxVVFRFUl9GUkFNRVdPUktfUkVWSVNJT049YTQwMmQ5YTQzNw==,RkxVVFRFUl9FTkdJTkVfUkVWSVNJT049ZGRmNDdkZDNmZg==,RkxVVFRFUl9EQVJUX1ZFUlNJT049My45LjI= -Pdart-obfuscation=false -Ptrack-widget-creation=true -Ptree-shake-icons=false -Pfilesystem-scheme=org-dartlang-root assembleDebug

Host: 11th Gen Intel(R) Core(TM) i7-1165G7 @ 2.80GHz, 8 cores, 15G,  Windows 11 , 64 bit Build 26100 (10.0.26100.3575)
Time: Tue Sep  9 08:26:42 2025 SE Asia Standard Time elapsed time: 40.648401 seconds (0d 0h 0m 40s)

---------------  T H R E A D  ---------------

Current thread (0x000001da0a63cc70):  JavaThread "main" [_thread_in_vm, id=25168, stack(0x000000c57f400000,0x000000c57f500000)]

Stack: [0x000000c57f400000,0x000000c57f500000]
Native frames: (J=compiled Java code, j=interpreted, Vv=VM code, C=native code)
V  [jvm.dll+0x6886e9]
V  [jvm.dll+0x841e4a]
V  [jvm.dll+0x843a8e]
V  [jvm.dll+0x8440f3]
V  [jvm.dll+0x24c14f]
V  [jvm.dll+0x83ce2b]
V  [jvm.dll+0x62cae6]
V  [jvm.dll+0x1c2f6e]
V  [jvm.dll+0x62f441]
V  [jvm.dll+0x62d486]
V  [jvm.dll+0x2411d6]
V  [jvm.dll+0x1efbab]
V  [jvm.dll+0x1e54cc]
V  [jvm.dll+0x54e1bc]
V  [jvm.dll+0x7bb33f]
V  [jvm.dll+0x7bb284]
V  [jvm.dll+0x416da8]
V  [jvm.dll+0x42a51c]
C  [java.dll+0x1657]

Java frames: (J=compiled Java code, j=interpreted, Vv=VM code)
j  java.lang.ClassLoader.defineClass0(Ljava/lang/ClassLoader;Ljava/lang/Class;Ljava/lang/String;[BIILjava/security/ProtectionDomain;ZILjava/lang/Object;)Ljava/lang/Class;+0 java.base@17.0.9
j  java.lang.System$2.defineClass(Ljava/lang/ClassLoader;Ljava/lang/Class;Ljava/lang/String;[BLjava/security/ProtectionDomain;ZILjava/lang/Object;)Ljava/lang/Class;+17 java.base@17.0.9
j  java.lang.invoke.MethodHandles$Lookup$ClassDefiner.defineClass(ZLjava/lang/Object;)Ljava/lang/Class;+54 java.base@17.0.9
j  java.lang.invoke.InvokerBytecodeGenerator.loadMethod([B)Ljava/lang/invoke/MemberName;+16 java.base@17.0.9
j  java.lang.invoke.InvokerBytecodeGenerator.generateCustomizedCode(Ljava/lang/invoke/LambdaForm;Ljava/lang/invoke/MethodType;)Ljava/lang/invoke/MemberName;+30 java.base@17.0.9
j  java.lang.invoke.LambdaForm.compileToBytecode()V+69 java.base@17.0.9
j  java.lang.invoke.DirectMethodHandle.makePreparedLambdaForm(Ljava/lang/invoke/MethodType;I)Ljava/lang/invoke/LambdaForm;+792 java.base@17.0.9
j  java.lang.invoke.DirectMethodHandle.preparedLambdaForm(Ljava/lang/invoke/MethodType;I)Ljava/lang/invoke/LambdaForm;+17 java.base@17.0.9
j  java.lang.invoke.DirectMethodHandle.preparedLambdaForm(Ljava/lang/invoke/MemberName;Z)Ljava/lang/invoke/LambdaForm;+159 java.base@17.0.9
j  java.lang.invoke.DirectMethodHandle.preparedLambdaForm(Ljava/lang/invoke/MemberName;)Ljava/lang/invoke/LambdaForm;+2 java.base@17.0.9
j  java.lang.invoke.DirectMethodHandle.make(BLjava/lang/Class;Ljava/lang/invoke/MemberName;Ljava/lang/Class;)Ljava/lang/invoke/DirectMethodHandle;+163 java.base@17.0.9
j  java.lang.invoke.MethodHandles$Lookup.getDirectMethodCommon(BLjava/lang/Class;Ljava/lang/invoke/MemberName;ZZLjava/lang/invoke/MethodHandles$Lookup;)Ljava/lang/invoke/MethodHandle;+210 java.base@17.0.9
j  java.lang.invoke.MethodHandles$Lookup.getDirectMethodNoSecurityManager(BLjava/lang/Class;Ljava/lang/invoke/MemberName;Ljava/lang/invoke/MethodHandles$Lookup;)Ljava/lang/invoke/MethodHandle;+14 java.base@17.0.9
j  java.lang.invoke.MethodHandles$Lookup.getDirectMethodForConstant(BLjava/lang/Class;Ljava/lang/invoke/MemberName;)Ljava/lang/invoke/MethodHandle;+31 java.base@17.0.9
j  java.lang.invoke.MethodHandles$Lookup.linkMethodHandleConstant(BLjava/lang/Class;Ljava/lang/String;Ljava/lang/Object;)Ljava/lang/invoke/MethodHandle;+153 java.base@17.0.9
j  java.lang.invoke.MethodHandleNatives.linkMethodHandleConstant(Ljava/lang/Class;ILjava/lang/Class;Ljava/lang/String;Ljava/lang/Object;)Ljava/lang/invoke/MethodHandle;+38 java.base@17.0.9
v  ~StubRoutines::call_stub
j  org.gradle.internal.buildevents.BuildExceptionReporter.fillInFailureResolution(Lorg/gradle/internal/buildevents/BuildExceptionReporter$FailureDetails;Lorg/gradle/api/problems/internal/ProblemLookup;)V+168
j  org.gradle.internal.buildevents.BuildExceptionReporter.constructFailureDetails(Ljava/lang/String;Ljava/lang/Throwable;Lorg/gradle/api/problems/internal/ProblemLookup;)Lorg/gradle/internal/buildevents/BuildExceptionReporter$FailureDetails;+37
j  org.gradle.internal.buildevents.BuildExceptionReporter.renderSingleBuildException(Ljava/lang/Throwable;Lorg/gradle/api/problems/internal/ProblemLookup;)V+20
j  org.gradle.internal.buildevents.BuildExceptionReporter.execute(Ljava/lang/Throwable;Lorg/gradle/api/problems/internal/ProblemLookup;)V+22
j  org.gradle.internal.buildevents.BuildExceptionReporter.execute(Ljava/lang/Throwable;)V+7
j  org.gradle.internal.buildevents.BuildExceptionReporter.execute(Ljava/lang/Object;)V+5
j  org.gradle.launcher.cli.ExceptionReportingAction.execute(Lorg/gradle/launcher/bootstrap/ExecutionListener;)V+89
j  org.gradle.launcher.cli.ExceptionReportingAction.execute(Ljava/lang/Object;)V+5
j  org.gradle.launcher.cli.DefaultCommandLineActionFactory$WithLogging.execute(Lorg/gradle/launcher/bootstrap/ExecutionListener;)V+309
j  org.gradle.launcher.Main.doAction([Ljava/lang/String;Lorg/gradle/launcher/bootstrap/ExecutionListener;)V+14
j  org.gradle.launcher.bootstrap.EntryPoint.run([Ljava/lang/String;)V+12
v  ~StubRoutines::call_stub
j  jdk.internal.reflect.NativeMethodAccessorImpl.invoke0(Ljava/lang/reflect/Method;Ljava/lang/Object;[Ljava/lang/Object;)Ljava/lang/Object;+0 java.base@17.0.9
j  jdk.internal.reflect.NativeMethodAccessorImpl.invoke(Ljava/lang/Object;[Ljava/lang/Object;)Ljava/lang/Object;+133 java.base@17.0.9
j  jdk.internal.reflect.DelegatingMethodAccessorImpl.invoke(Ljava/lang/Object;[Ljava/lang/Object;)Ljava/lang/Object;+6 java.base@17.0.9
j  java.lang.reflect.Method.invoke(Ljava/lang/Object;[Ljava/lang/Object;)Ljava/lang/Object;+59 java.base@17.0.9
j  org.gradle.launcher.bootstrap.ProcessBootstrap.runNoExit(Ljava/lang/String;Ljava/lang/String;Ljava/lang/String;[Ljava/lang/String;)V+205
j  org.gradle.launcher.bootstrap.ProcessBootstrap.run(Ljava/lang/String;Ljava/lang/String;Ljava/lang/String;[Ljava/lang/String;)V+4
j  org.gradle.launcher.GradleMain.main([Ljava/lang/String;)V+68
v  ~StubRoutines::call_stub
j  jdk.internal.reflect.NativeMethodAccessorImpl.invoke0(Ljava/lang/reflect/Method;Ljava/lang/Object;[Ljava/lang/Object;)Ljava/lang/Object;+0 java.base@17.0.9
j  jdk.internal.reflect.NativeMethodAccessorImpl.invoke(Ljava/lang/Object;[Ljava/lang/Object;)Ljava/lang/Object;+133 java.base@17.0.9
j  jdk.internal.reflect.DelegatingMethodAccessorImpl.invoke(Ljava/lang/Object;[Ljava/lang/Object;)Ljava/lang/Object;+6 java.base@17.0.9
j  java.lang.reflect.Method.invoke(Ljava/lang/Object;[Ljava/lang/Object;)Ljava/lang/Object;+59 java.base@17.0.9
j  org.gradle.wrapper.BootstrapMainStarter.start([Ljava/lang/String;Ljava/io/File;)V+82
j  org.gradle.wrapper.WrapperExecutor.execute([Ljava/lang/String;Lorg/gradle/wrapper/Install;Lorg/gradle/wrapper/BootstrapMainStarter;)V+14
j  org.gradle.wrapper.GradleWrapperMain.main([Ljava/lang/String;)V+190
v  ~StubRoutines::call_stub

---------------  P R O C E S S  ---------------

Threads class SMR info:
_java_thread_list=0x000001da2e75ced0, length=13, elements={
0x000001da0a63cc70, 0x000001da2d045b50, 0x000001da2d0491a0, 0x000001da2d08e640,
0x000001da2d090f20, 0x000001da2d092360, 0x000001da2d0937a0, 0x000001da2d0b4c20,
0x000001da2d0d3020, 0x000001da2d0d3930, 0x000001da2d23fa50, 0x000001da2d23f130,
0x000001da2dbb8f90
}

Java Threads: ( => current thread )
=>0x000001da0a63cc70 JavaThread "main" [_thread_in_vm, id=25168, stack(0x000000c57f400000,0x000000c57f500000)]
  0x000001da2d045b50 JavaThread "Reference Handler" daemon [_thread_blocked, id=23280, stack(0x000000c57fb00000,0x000000c57fc00000)]
  0x000001da2d0491a0 JavaThread "Finalizer" daemon [_thread_blocked, id=20392, stack(0x000000c57fc00000,0x000000c57fd00000)]
  0x000001da2d08e640 JavaThread "Signal Dispatcher" daemon [_thread_blocked, id=25180, stack(0x000000c57fd00000,0x000000c57fe00000)]
  0x000001da2d090f20 JavaThread "Attach Listener" daemon [_thread_blocked, id=5452, stack(0x000000c57fe00000,0x000000c57ff00000)]
  0x000001da2d092360 JavaThread "Service Thread" daemon [_thread_blocked, id=9124, stack(0x000000c57ff00000,0x000000c580000000)]
  0x000001da2d0937a0 JavaThread "Monitor Deflation Thread" daemon [_thread_blocked, id=22000, stack(0x000000c500000000,0x000000c500100000)]
  0x000001da2d0b4c20 JavaThread "C2 CompilerThread0" daemon [_thread_in_native, id=9280, stack(0x000000c500100000,0x000000c500200000)]
  0x000001da2d0d3020 JavaThread "C1 CompilerThread0" daemon [_thread_blocked, id=23400, stack(0x000000c500200000,0x000000c500300000)]
  0x000001da2d0d3930 JavaThread "Sweeper thread" daemon [_thread_blocked, id=24264, stack(0x000000c500300000,0x000000c500400000)]
  0x000001da2d23fa50 JavaThread "Notification Thread" daemon [_thread_blocked, id=15000, stack(0x000000c500400000,0x000000c500500000)]
  0x000001da2d23f130 JavaThread "Common-Cleaner" daemon [_thread_blocked, id=11780, stack(0x000000c500600000,0x000000c500700000)]
  0x000001da2dbb8f90 JavaThread "pool-1-thread-1" [_thread_blocked, id=22760, stack(0x000000c500800000,0x000000c500900000)]

Other Threads:
  0x000001da2d042510 VMThread "VM Thread" [stack: 0x000000c57fa00000,0x000000c57fb00000] [id=9360]
  0x000001da28d8ebe0 WatcherThread [stack: 0x000000c500500000,0x000000c500600000] [id=11656]
  0x000001da0a6a8970 GCTaskThread "GC Thread#0" [stack: 0x000000c57f500000,0x000000c57f600000] [id=23924]
  0x000001da2d084530 GCTaskThread "GC Thread#1" [stack: 0x000000c500900000,0x000000c500a00000] [id=17388]
  0x000001da2d083cf0 GCTaskThread "GC Thread#2" [stack: 0x000000c500a00000,0x000000c500b00000] [id=12336]
  0x000001da2d083fb0 GCTaskThread "GC Thread#3" [stack: 0x000000c500b00000,0x000000c500c00000] [id=19748]
  0x000001da2d084270 GCTaskThread "GC Thread#4" [stack: 0x000000c500c00000,0x000000c500d00000] [id=10408]
  0x000001da2d0829b0 GCTaskThread "GC Thread#5" [stack: 0x000000c500d00000,0x000000c500e00000] [id=17804]
  0x000001da2d082c70 GCTaskThread "GC Thread#6" [stack: 0x000000c500e00000,0x000000c500f00000] [id=11832]
  0x000001da2d0831f0 GCTaskThread "GC Thread#7" [stack: 0x000000c500f00000,0x000000c501000000] [id=25296]
  0x000001da0a6b9f20 ConcurrentGCThread "G1 Main Marker" [stack: 0x000000c57f600000,0x000000c57f700000] [id=9172]
  0x000001da0a6baff0 ConcurrentGCThread "G1 Conc#0" [stack: 0x000000c57f700000,0x000000c57f800000] [id=12332]
  0x000001da0a6ee820 ConcurrentGCThread "G1 Refine#0" [stack: 0x000000c57f800000,0x000000c57f900000] [id=14348]
  0x000001da2e1bce20 ConcurrentGCThread "G1 Refine#1" [stack: 0x000000c501000000,0x000000c501100000] [id=19108]
  0x000001da2e1bd4e0 ConcurrentGCThread "G1 Refine#2" [stack: 0x000000c501100000,0x000000c501200000] [id=9484]
  0x000001da28c59430 ConcurrentGCThread "G1 Service" [stack: 0x000000c57f900000,0x000000c57fa00000] [id=17832]

Threads with active compile tasks:
C2 CompilerThread0    40670 1631       4       jdk.internal.org.objectweb.asm.SymbolTable::put (150 bytes)

VM state: not at safepoint (normal execution)

VM Mutex/Monitor currently owned by a thread:  ([mutex/lock_event])
[0x000001da084fc9d0] Metaspace_lock - owner thread: 0x000001da0a63cc70

Heap address: 0x0000000705800000, size: 4008 MB, Compressed Oops mode: Zero based, Oop shift amount: 3

CDS archive(s) not mapped
Compressed class space mapped at: 0x0000000800000000-0x0000000840000000, reserved size: 1073741824
Narrow klass base: 0x0000000800000000, Narrow klass shift: 0, Narrow klass range: 0x40000000

GC Precious Log:
 CPUs: 8 total, 8 available
 Memory: 16026M
 Large Page Support: Disabled
 NUMA Support: Disabled
 Compressed Oops: Enabled (Zero based)
 Heap Region Size: 2M
 Heap Min Capacity: 8M
 Heap Initial Capacity: 252M
 Heap Max Capacity: 4008M
 Pre-touch: Disabled
 Parallel Workers: 8
 Concurrent Workers: 2
 Concurrent Refinement Workers: 8
 Periodic GC: Disabled

Heap:
 garbage-first heap   total 258048K, used 14811K [0x0000000705800000, 0x0000000800000000)
  region size 2048K, 5 young (10240K), 3 survivors (6144K)
 Metaspace       used 18612K, committed 18816K, reserved 1114112K
  class space    used 2174K, committed 2304K, reserved 1048576K

Heap Regions: E=young(eden), S=young(survivor), O=old, HS=humongous(starts), HC=humongous(continues), CS=collection set, F=free, OA=open archive, CA=closed archive, TAMS=top-at-mark-start (previous, next)
|   0|0x0000000705800000, 0x0000000705a00000, 0x0000000705a00000|100%|HS|  |TAMS 0x0000000705800000, 0x0000000705800000| Complete 
|   1|0x0000000705a00000, 0x0000000705c00000, 0x0000000705c00000|100%|HC|  |TAMS 0x0000000705a00000, 0x0000000705a00000| Complete 
|   2|0x0000000705c00000, 0x0000000705e00000, 0x0000000705e00000|100%| O|  |TAMS 0x0000000705c00000, 0x0000000705c00000| Untracked 
|   3|0x0000000705e00000, 0x0000000705e76e00, 0x0000000706000000| 23%| O|  |TAMS 0x0000000705e00000, 0x0000000705e00000| Untracked 
|   4|0x0000000706000000, 0x0000000706000000, 0x0000000706200000|  0%| F|  |TAMS 0x0000000706000000, 0x0000000706000000| Untracked 
|   5|0x0000000706200000, 0x0000000706200000, 0x0000000706400000|  0%| F|  |TAMS 0x0000000706200000, 0x0000000706200000| Untracked 
|   6|0x0000000706400000, 0x0000000706400000, 0x0000000706600000|  0%| F|  |TAMS 0x0000000706400000, 0x0000000706400000| Untracked 
|   7|0x0000000706600000, 0x0000000706600000, 0x0000000706800000|  0%| F|  |TAMS 0x0000000706600000, 0x0000000706600000| Untracked 
|   8|0x0000000706800000, 0x0000000706800000, 0x0000000706a00000|  0%| F|  |TAMS 0x0000000706800000, 0x0000000706800000| Untracked 
|   9|0x0000000706a00000, 0x0000000706a00000, 0x0000000706c00000|  0%| F|  |TAMS 0x0000000706a00000, 0x0000000706a00000| Untracked 
|  10|0x0000000706c00000, 0x0000000706c00000, 0x0000000706e00000|  0%| F|  |TAMS 0x0000000706c00000, 0x0000000706c00000| Untracked 
|  11|0x0000000706e00000, 0x0000000706e00000, 0x0000000707000000|  0%| F|  |TAMS 0x0000000706e00000, 0x0000000706e00000| Untracked 
|  12|0x0000000707000000, 0x0000000707000000, 0x0000000707200000|  0%| F|  |TAMS 0x0000000707000000, 0x0000000707000000| Untracked 
|  13|0x0000000707200000, 0x0000000707200000, 0x0000000707400000|  0%| F|  |TAMS 0x0000000707200000, 0x0000000707200000| Untracked 
|  14|0x0000000707400000, 0x0000000707400000, 0x0000000707600000|  0%| F|  |TAMS 0x0000000707400000, 0x0000000707400000| Untracked 
|  15|0x0000000707600000, 0x0000000707600000, 0x0000000707800000|  0%| F|  |TAMS 0x0000000707600000, 0x0000000707600000| Untracked 
|  16|0x0000000707800000, 0x0000000707800000, 0x0000000707a00000|  0%| F|  |TAMS 0x0000000707800000, 0x0000000707800000| Untracked 
|  17|0x0000000707a00000, 0x0000000707a00000, 0x0000000707c00000|  0%| F|  |TAMS 0x0000000707a00000, 0x0000000707a00000| Untracked 
|  18|0x0000000707c00000, 0x0000000707c00000, 0x0000000707e00000|  0%| F|  |TAMS 0x0000000707c00000, 0x0000000707c00000| Untracked 
|  19|0x0000000707e00000, 0x0000000707e00000, 0x0000000708000000|  0%| F|  |TAMS 0x0000000707e00000, 0x0000000707e00000| Untracked 
|  20|0x0000000708000000, 0x0000000708000000, 0x0000000708200000|  0%| F|  |TAMS 0x0000000708000000, 0x0000000708000000| Untracked 
|  21|0x0000000708200000, 0x0000000708200000, 0x0000000708400000|  0%| F|  |TAMS 0x0000000708200000, 0x0000000708200000| Untracked 
|  22|0x0000000708400000, 0x0000000708400000, 0x0000000708600000|  0%| F|  |TAMS 0x0000000708400000, 0x0000000708400000| Untracked 
|  23|0x0000000708600000, 0x0000000708600000, 0x0000000708800000|  0%| F|  |TAMS 0x0000000708600000, 0x0000000708600000| Untracked 
|  24|0x0000000708800000, 0x0000000708800000, 0x0000000708a00000|  0%| F|  |TAMS 0x0000000708800000, 0x0000000708800000| Untracked 
|  25|0x0000000708a00000, 0x0000000708a00000, 0x0000000708c00000|  0%| F|  |TAMS 0x0000000708a00000, 0x0000000708a00000| Untracked 
|  26|0x0000000708c00000, 0x0000000708c00000, 0x0000000708e00000|  0%| F|  |TAMS 0x0000000708c00000, 0x0000000708c00000| Untracked 
|  27|0x0000000708e00000, 0x0000000708e00000, 0x0000000709000000|  0%| F|  |TAMS 0x0000000708e00000, 0x0000000708e00000| Untracked 
|  28|0x0000000709000000, 0x0000000709000000, 0x0000000709200000|  0%| F|  |TAMS 0x0000000709000000, 0x0000000709000000| Untracked 
|  29|0x0000000709200000, 0x0000000709200000, 0x0000000709400000|  0%| F|  |TAMS 0x0000000709200000, 0x0000000709200000| Untracked 
|  30|0x0000000709400000, 0x0000000709400000, 0x0000000709600000|  0%| F|  |TAMS 0x0000000709400000, 0x0000000709400000| Untracked 
|  31|0x0000000709600000, 0x0000000709600000, 0x0000000709800000|  0%| F|  |TAMS 0x0000000709600000, 0x0000000709600000| Untracked 
|  32|0x0000000709800000, 0x0000000709800000, 0x0000000709a00000|  0%| F|  |TAMS 0x0000000709800000, 0x0000000709800000| Untracked 
|  33|0x0000000709a00000, 0x0000000709a00000, 0x0000000709c00000|  0%| F|  |TAMS 0x0000000709a00000, 0x0000000709a00000| Untracked 
|  34|0x0000000709c00000, 0x0000000709c00000, 0x0000000709e00000|  0%| F|  |TAMS 0x0000000709c00000, 0x0000000709c00000| Untracked 
|  35|0x0000000709e00000, 0x0000000709e00000, 0x000000070a000000|  0%| F|  |TAMS 0x0000000709e00000, 0x0000000709e00000| Untracked 
|  36|0x000000070a000000, 0x000000070a000000, 0x000000070a200000|  0%| F|  |TAMS 0x000000070a000000, 0x000000070a000000| Untracked 
|  37|0x000000070a200000, 0x000000070a200000, 0x000000070a400000|  0%| F|  |TAMS 0x000000070a200000, 0x000000070a200000| Untracked 
|  38|0x000000070a400000, 0x000000070a400000, 0x000000070a600000|  0%| F|  |TAMS 0x000000070a400000, 0x000000070a400000| Untracked 
|  39|0x000000070a600000, 0x000000070a600000, 0x000000070a800000|  0%| F|  |TAMS 0x000000070a600000, 0x000000070a600000| Untracked 
|  40|0x000000070a800000, 0x000000070a800000, 0x000000070aa00000|  0%| F|  |TAMS 0x000000070a800000, 0x000000070a800000| Untracked 
|  41|0x000000070aa00000, 0x000000070aa00000, 0x000000070ac00000|  0%| F|  |TAMS 0x000000070aa00000, 0x000000070aa00000| Untracked 
|  42|0x000000070ac00000, 0x000000070ac00000, 0x000000070ae00000|  0%| F|  |TAMS 0x000000070ac00000, 0x000000070ac00000| Untracked 
|  43|0x000000070ae00000, 0x000000070ae00000, 0x000000070b000000|  0%| F|  |TAMS 0x000000070ae00000, 0x000000070ae00000| Untracked 
|  44|0x000000070b000000, 0x000000070b000000, 0x000000070b200000|  0%| F|  |TAMS 0x000000070b000000, 0x000000070b000000| Untracked 
|  45|0x000000070b200000, 0x000000070b200000, 0x000000070b400000|  0%| F|  |TAMS 0x000000070b200000, 0x000000070b200000| Untracked 
|  46|0x000000070b400000, 0x000000070b400000, 0x000000070b600000|  0%| F|  |TAMS 0x000000070b400000, 0x000000070b400000| Untracked 
|  47|0x000000070b600000, 0x000000070b600000, 0x000000070b800000|  0%| F|  |TAMS 0x000000070b600000, 0x000000070b600000| Untracked 
|  48|0x000000070b800000, 0x000000070b800000, 0x000000070ba00000|  0%| F|  |TAMS 0x000000070b800000, 0x000000070b800000| Untracked 
|  49|0x000000070ba00000, 0x000000070ba00000, 0x000000070bc00000|  0%| F|  |TAMS 0x000000070ba00000, 0x000000070ba00000| Untracked 
|  50|0x000000070bc00000, 0x000000070bc00000, 0x000000070be00000|  0%| F|  |TAMS 0x000000070bc00000, 0x000000070bc00000| Untracked 
|  51|0x000000070be00000, 0x000000070be00000, 0x000000070c000000|  0%| F|  |TAMS 0x000000070be00000, 0x000000070be00000| Untracked 
|  52|0x000000070c000000, 0x000000070c000000, 0x000000070c200000|  0%| F|  |TAMS 0x000000070c000000, 0x000000070c000000| Untracked 
|  53|0x000000070c200000, 0x000000070c200000, 0x000000070c400000|  0%| F|  |TAMS 0x000000070c200000, 0x000000070c200000| Untracked 
|  54|0x000000070c400000, 0x000000070c400000, 0x000000070c600000|  0%| F|  |TAMS 0x000000070c400000, 0x000000070c400000| Untracked 
|  55|0x000000070c600000, 0x000000070c600000, 0x000000070c800000|  0%| F|  |TAMS 0x000000070c600000, 0x000000070c600000| Untracked 
|  56|0x000000070c800000, 0x000000070c800000, 0x000000070ca00000|  0%| F|  |TAMS 0x000000070c800000, 0x000000070c800000| Untracked 
|  57|0x000000070ca00000, 0x000000070ca00000, 0x000000070cc00000|  0%| F|  |TAMS 0x000000070ca00000, 0x000000070ca00000| Untracked 
|  58|0x000000070cc00000, 0x000000070cc00000, 0x000000070ce00000|  0%| F|  |TAMS 0x000000070cc00000, 0x000000070cc00000| Untracked 
|  59|0x000000070ce00000, 0x000000070ce00000, 0x000000070d000000|  0%| F|  |TAMS 0x000000070ce00000, 0x000000070ce00000| Untracked 
|  60|0x000000070d000000, 0x000000070d000000, 0x000000070d200000|  0%| F|  |TAMS 0x000000070d000000, 0x000000070d000000| Untracked 
|  61|0x000000070d200000, 0x000000070d200000, 0x000000070d400000|  0%| F|  |TAMS 0x000000070d200000, 0x000000070d200000| Untracked 
|  62|0x000000070d400000, 0x000000070d400000, 0x000000070d600000|  0%| F|  |TAMS 0x000000070d400000, 0x000000070d400000| Untracked 
|  63|0x000000070d600000, 0x000000070d600000, 0x000000070d800000|  0%| F|  |TAMS 0x000000070d600000, 0x000000070d600000| Untracked 
|  64|0x000000070d800000, 0x000000070d800000, 0x000000070da00000|  0%| F|  |TAMS 0x000000070d800000, 0x000000070d800000| Untracked 
|  65|0x000000070da00000, 0x000000070da00000, 0x000000070dc00000|  0%| F|  |TAMS 0x000000070da00000, 0x000000070da00000| Untracked 
|  66|0x000000070dc00000, 0x000000070dc00000, 0x000000070de00000|  0%| F|  |TAMS 0x000000070dc00000, 0x000000070dc00000| Untracked 
|  67|0x000000070de00000, 0x000000070de00000, 0x000000070e000000|  0%| F|  |TAMS 0x000000070de00000, 0x000000070de00000| Untracked 
|  68|0x000000070e000000, 0x000000070e000000, 0x000000070e200000|  0%| F|  |TAMS 0x000000070e000000, 0x000000070e000000| Untracked 
|  69|0x000000070e200000, 0x000000070e200000, 0x000000070e400000|  0%| F|  |TAMS 0x000000070e200000, 0x000000070e200000| Untracked 
|  70|0x000000070e400000, 0x000000070e400000, 0x000000070e600000|  0%| F|  |TAMS 0x000000070e400000, 0x000000070e400000| Untracked 
|  71|0x000000070e600000, 0x000000070e600000, 0x000000070e800000|  0%| F|  |TAMS 0x000000070e600000, 0x000000070e600000| Untracked 
|  72|0x000000070e800000, 0x000000070e800000, 0x000000070ea00000|  0%| F|  |TAMS 0x000000070e800000, 0x000000070e800000| Untracked 
|  73|0x000000070ea00000, 0x000000070ea00000, 0x000000070ec00000|  0%| F|  |TAMS 0x000000070ea00000, 0x000000070ea00000| Untracked 
|  74|0x000000070ec00000, 0x000000070ec00000, 0x000000070ee00000|  0%| F|  |TAMS 0x000000070ec00000, 0x000000070ec00000| Untracked 
|  75|0x000000070ee00000, 0x000000070ee00000, 0x000000070f000000|  0%| F|  |TAMS 0x000000070ee00000, 0x000000070ee00000| Untracked 
|  76|0x000000070f000000, 0x000000070f000000, 0x000000070f200000|  0%| F|  |TAMS 0x000000070f000000, 0x000000070f000000| Untracked 
|  77|0x000000070f200000, 0x000000070f200000, 0x000000070f400000|  0%| F|  |TAMS 0x000000070f200000, 0x000000070f200000| Untracked 
|  78|0x000000070f400000, 0x000000070f400000, 0x000000070f600000|  0%| F|  |TAMS 0x000000070f400000, 0x000000070f400000| Untracked 
|  79|0x000000070f600000, 0x000000070f600000, 0x000000070f800000|  0%| F|  |TAMS 0x000000070f600000, 0x000000070f600000| Untracked 
|  80|0x000000070f800000, 0x000000070f800000, 0x000000070fa00000|  0%| F|  |TAMS 0x000000070f800000, 0x000000070f800000| Untracked 
|  81|0x000000070fa00000, 0x000000070fa00000, 0x000000070fc00000|  0%| F|  |TAMS 0x000000070fa00000, 0x000000070fa00000| Untracked 
|  82|0x000000070fc00000, 0x000000070fc00000, 0x000000070fe00000|  0%| F|  |TAMS 0x000000070fc00000, 0x000000070fc00000| Untracked 
|  83|0x000000070fe00000, 0x000000070fe00000, 0x0000000710000000|  0%| F|  |TAMS 0x000000070fe00000, 0x000000070fe00000| Untracked 
|  84|0x0000000710000000, 0x0000000710000000, 0x0000000710200000|  0%| F|  |TAMS 0x0000000710000000, 0x0000000710000000| Untracked 
|  85|0x0000000710200000, 0x0000000710200000, 0x0000000710400000|  0%| F|  |TAMS 0x0000000710200000, 0x0000000710200000| Untracked 
|  86|0x0000000710400000, 0x0000000710400000, 0x0000000710600000|  0%| F|  |TAMS 0x0000000710400000, 0x0000000710400000| Untracked 
|  87|0x0000000710600000, 0x0000000710600000, 0x0000000710800000|  0%| F|  |TAMS 0x0000000710600000, 0x0000000710600000| Untracked 
|  88|0x0000000710800000, 0x0000000710800000, 0x0000000710a00000|  0%| F|  |TAMS 0x0000000710800000, 0x0000000710800000| Untracked 
|  89|0x0000000710a00000, 0x0000000710a00000, 0x0000000710c00000|  0%| F|  |TAMS 0x0000000710a00000, 0x0000000710a00000| Untracked 
|  90|0x0000000710c00000, 0x0000000710c00000, 0x0000000710e00000|  0%| F|  |TAMS 0x0000000710c00000, 0x0000000710c00000| Untracked 
|  91|0x0000000710e00000, 0x0000000710e00000, 0x0000000711000000|  0%| F|  |TAMS 0x0000000710e00000, 0x0000000710e00000| Untracked 
|  92|0x0000000711000000, 0x0000000711000000, 0x0000000711200000|  0%| F|  |TAMS 0x0000000711000000, 0x0000000711000000| Untracked 
|  93|0x0000000711200000, 0x0000000711200000, 0x0000000711400000|  0%| F|  |TAMS 0x0000000711200000, 0x0000000711200000| Untracked 
|  94|0x0000000711400000, 0x0000000711400000, 0x0000000711600000|  0%| F|  |TAMS 0x0000000711400000, 0x0000000711400000| Untracked 
|  95|0x0000000711600000, 0x0000000711600000, 0x0000000711800000|  0%| F|  |TAMS 0x0000000711600000, 0x0000000711600000| Untracked 
|  96|0x0000000711800000, 0x0000000711800000, 0x0000000711a00000|  0%| F|  |TAMS 0x0000000711800000, 0x0000000711800000| Untracked 
|  97|0x0000000711a00000, 0x0000000711a00000, 0x0000000711c00000|  0%| F|  |TAMS 0x0000000711a00000, 0x0000000711a00000| Untracked 
|  98|0x0000000711c00000, 0x0000000711c00000, 0x0000000711e00000|  0%| F|  |TAMS 0x0000000711c00000, 0x0000000711c00000| Untracked 
|  99|0x0000000711e00000, 0x0000000711e00000, 0x0000000712000000|  0%| F|  |TAMS 0x0000000711e00000, 0x0000000711e00000| Untracked 
| 100|0x0000000712000000, 0x0000000712000000, 0x0000000712200000|  0%| F|  |TAMS 0x0000000712000000, 0x0000000712000000| Untracked 
| 101|0x0000000712200000, 0x0000000712200000, 0x0000000712400000|  0%| F|  |TAMS 0x0000000712200000, 0x0000000712200000| Untracked 
| 102|0x0000000712400000, 0x0000000712400000, 0x0000000712600000|  0%| F|  |TAMS 0x0000000712400000, 0x0000000712400000| Untracked 
| 103|0x0000000712600000, 0x0000000712800000, 0x0000000712800000|100%| S|CS|TAMS 0x0000000712600000, 0x0000000712600000| Complete 
| 104|0x0000000712800000, 0x0000000712a00000, 0x0000000712a00000|100%| S|CS|TAMS 0x0000000712800000, 0x0000000712800000| Complete 
| 105|0x0000000712a00000, 0x0000000712c00000, 0x0000000712c00000|100%| S|CS|TAMS 0x0000000712a00000, 0x0000000712a00000| Complete 
| 106|0x0000000712c00000, 0x0000000712c00000, 0x0000000712e00000|  0%| F|  |TAMS 0x0000000712c00000, 0x0000000712c00000| Untracked 
| 107|0x0000000712e00000, 0x0000000712e00000, 0x0000000713000000|  0%| F|  |TAMS 0x0000000712e00000, 0x0000000712e00000| Untracked 
| 108|0x0000000713000000, 0x0000000713000000, 0x0000000713200000|  0%| F|  |TAMS 0x0000000713000000, 0x0000000713000000| Untracked 
| 109|0x0000000713200000, 0x0000000713200000, 0x0000000713400000|  0%| F|  |TAMS 0x0000000713200000, 0x0000000713200000| Untracked 
| 110|0x0000000713400000, 0x0000000713400000, 0x0000000713600000|  0%| F|  |TAMS 0x0000000713400000, 0x0000000713400000| Untracked 
| 111|0x0000000713600000, 0x0000000713600000, 0x0000000713800000|  0%| F|  |TAMS 0x0000000713600000, 0x0000000713600000| Untracked 
| 112|0x0000000713800000, 0x0000000713800000, 0x0000000713a00000|  0%| F|  |TAMS 0x0000000713800000, 0x0000000713800000| Untracked 
| 113|0x0000000713a00000, 0x0000000713a00000, 0x0000000713c00000|  0%| F|  |TAMS 0x0000000713a00000, 0x0000000713a00000| Untracked 
| 114|0x0000000713c00000, 0x0000000713c00000, 0x0000000713e00000|  0%| F|  |TAMS 0x0000000713c00000, 0x0000000713c00000| Untracked 
| 115|0x0000000713e00000, 0x0000000713e00000, 0x0000000714000000|  0%| F|  |TAMS 0x0000000713e00000, 0x0000000713e00000| Untracked 
| 116|0x0000000714000000, 0x0000000714000000, 0x0000000714200000|  0%| F|  |TAMS 0x0000000714000000, 0x0000000714000000| Untracked 
| 117|0x0000000714200000, 0x0000000714200000, 0x0000000714400000|  0%| F|  |TAMS 0x0000000714200000, 0x0000000714200000| Untracked 
| 118|0x0000000714400000, 0x0000000714400000, 0x0000000714600000|  0%| F|  |TAMS 0x0000000714400000, 0x0000000714400000| Untracked 
| 119|0x0000000714600000, 0x0000000714600000, 0x0000000714800000|  0%| F|  |TAMS 0x0000000714600000, 0x0000000714600000| Untracked 
| 120|0x0000000714800000, 0x0000000714800000, 0x0000000714a00000|  0%| F|  |TAMS 0x0000000714800000, 0x0000000714800000| Untracked 
| 121|0x0000000714a00000, 0x0000000714a00000, 0x0000000714c00000|  0%| F|  |TAMS 0x0000000714a00000, 0x0000000714a00000| Untracked 
| 122|0x0000000714c00000, 0x0000000714c00000, 0x0000000714e00000|  0%| F|  |TAMS 0x0000000714c00000, 0x0000000714c00000| Untracked 
| 123|0x0000000714e00000, 0x0000000714e00000, 0x0000000715000000|  0%| F|  |TAMS 0x0000000714e00000, 0x0000000714e00000| Untracked 
| 124|0x0000000715000000, 0x0000000715122060, 0x0000000715200000| 56%| E|  |TAMS 0x0000000715000000, 0x0000000715000000| Complete 
| 125|0x0000000715200000, 0x0000000715400000, 0x0000000715400000|100%| E|CS|TAMS 0x0000000715200000, 0x0000000715200000| Complete 

Card table byte_map: [0x000001da1d630000,0x000001da1de10000] _byte_map_base: 0x000001da19e04000

Marking Bits (Prev, Next): (CMBitMap*) 0x000001da0a6a8ea0, (CMBitMap*) 0x000001da0a6a8ee0
 Prev Bits: [0x000001da1e5f0000, 0x000001da22490000)
 Next Bits: [0x000001da22490000, 0x000001da26330000)

Polling page: 0x000001da084a0000

Metaspace:

Usage:
  Non-class:     16.05 MB used.
      Class:      2.12 MB used.
       Both:     18.18 MB used.

Virtual space:
  Non-class space:       64.00 MB reserved,      16.12 MB ( 25%) committed,  1 nodes.
      Class space:        1.00 GB reserved,       2.25 MB ( <1%) committed,  1 nodes.
             Both:        1.06 GB reserved,      18.38 MB (  2%) committed. 

Chunk freelists:
   Non-Class:  15.81 MB
       Class:  13.67 MB
        Both:  29.48 MB

MaxMetaspaceSize: unlimited
CompressedClassSpaceSize: 1.00 GB
Initial GC threshold: 21.00 MB
Current GC threshold: 21.00 MB
CDS: off
MetaspaceReclaimPolicy: balanced
 - commit_granule_bytes: 65536.
 - commit_granule_words: 8192.
 - virtual_space_node_default_size: 8388608.
 - enlarge_chunks_in_place: 1.
 - new_chunks_are_fully_committed: 0.
 - uncommit_free_chunks: 1.
 - use_allocation_guard: 0.
 - handle_deallocations: 1.


Internal statistics:

num_allocs_failed_limit: 0.
num_arena_births: 86.
num_arena_deaths: 0.
num_vsnodes_births: 2.
num_vsnodes_deaths: 0.
num_space_committed: 294.
num_space_uncommitted: 0.
num_chunks_returned_to_freelist: 0.
num_chunks_taken_from_freelist: 378.
num_chunk_merges: 0.
num_chunk_splits: 242.
num_chunks_enlarged: 196.
num_inconsistent_stats: 0.

CodeHeap 'non-profiled nmethods': size=120000Kb used=700Kb max_used=700Kb free=119299Kb
 bounds [0x000001da155e0000, 0x000001da15850000, 0x000001da1cb10000]
CodeHeap 'profiled nmethods': size=120000Kb used=3105Kb max_used=3105Kb free=116894Kb
 bounds [0x000001da0db10000, 0x000001da0de20000, 0x000001da15040000]
CodeHeap 'non-nmethods': size=5760Kb used=1185Kb max_used=1204Kb free=4574Kb
 bounds [0x000001da15040000, 0x000001da152b0000, 0x000001da155e0000]
 total_blobs=2107 nmethods=1634 adapters=386
 compilation: enabled
              stopped_count=0, restarted_count=0
 full_count=0

Compilation events (20 events):
Event: 40.623 Thread 0x000001da2d0d3020 nmethod 1624 0x000001da0de12a90 code [0x000001da0de12d60, 0x000001da0de13ac8]
Event: 40.623 Thread 0x000001da2d0d3020 1625       3       org.gradle.internal.logging.text.AbstractLineChoppingStyledTextOutput::access$900 (4 bytes)
Event: 40.623 Thread 0x000001da2d0d3020 nmethod 1625 0x000001da0de14090 code [0x000001da0de14220, 0x000001da0de14318]
Event: 40.623 Thread 0x000001da2d0d3020 1626       3       org.gradle.internal.logging.text.AbstractLineChoppingStyledTextOutput$StateContext::next (11 bytes)
Event: 40.623 Thread 0x000001da2d0d3020 nmethod 1626 0x000001da0de14390 code [0x000001da0de14520, 0x000001da0de14638]
Event: 40.632 Thread 0x000001da2d0b4c20 1627       4       org.gradle.internal.logging.text.AbstractLineChoppingStyledTextOutput$StateContext::isCurrentCharEquals (70 bytes)
Event: 40.632 Thread 0x000001da2d0d3020 1628       3       java.nio.CharBuffer::arrayOffset (35 bytes)
Event: 40.632 Thread 0x000001da2d0d3020 nmethod 1628 0x000001da0de14710 code [0x000001da0de148e0, 0x000001da0de14bb8]
Event: 40.633 Thread 0x000001da2d0d3020 1629       3       java.nio.ByteBuffer::arrayOffset (35 bytes)
Event: 40.633 Thread 0x000001da2d0d3020 nmethod 1629 0x000001da0de14d10 code [0x000001da0de14ee0, 0x000001da0de151b8]
Event: 40.633 Thread 0x000001da2d0b4c20 nmethod 1627 0x000001da1568e910 code [0x000001da1568eaa0, 0x000001da1568ebe8]
Event: 40.634 Thread 0x000001da2d0d3020 1630       3       java.nio.charset.CoderResult::isUnderflow (13 bytes)
Event: 40.634 Thread 0x000001da2d0d3020 nmethod 1630 0x000001da0de15310 code [0x000001da0de154a0, 0x000001da0de15618]
Event: 40.642 Thread 0x000001da2d0b4c20 1631       4       jdk.internal.org.objectweb.asm.SymbolTable::put (150 bytes)
Event: 40.643 Thread 0x000001da2d0d3020 1632       3       sun.invoke.util.VerifyAccess::isMemberAccessible (338 bytes)
Event: 40.645 Thread 0x000001da2d0d3020 nmethod 1632 0x000001da0de15690 code [0x000001da0de15a20, 0x000001da0de16dc8]
Event: 40.645 Thread 0x000001da2d0d3020 1633       3       java.util.ImmutableCollections$Set12::<init> (53 bytes)
Event: 40.646 Thread 0x000001da2d0d3020 nmethod 1633 0x000001da0de17310 code [0x000001da0de175c0, 0x000001da0de182a8]
Event: 40.646 Thread 0x000001da2d0d3020 1634       1       java.lang.invoke.MethodHandleNatives::isPullModeBSM (2 bytes)
Event: 40.646 Thread 0x000001da2d0d3020 nmethod 1634 0x000001da1568ed90 code [0x000001da1568ef20, 0x000001da1568efd8]

GC Heap History (4 events):
Event: 0.906 GC heap before
{Heap before GC invocations=0 (full 0):
 garbage-first heap   total 258048K, used 20480K [0x0000000705800000, 0x0000000800000000)
  region size 2048K, 11 young (22528K), 0 survivors (0K)
 Metaspace       used 8518K, committed 8640K, reserved 1114112K
  class space    used 742K, committed 768K, reserved 1048576K
}
Event: 0.911 GC heap after
{Heap after GC invocations=1 (full 0):
 garbage-first heap   total 258048K, used 2517K [0x0000000705800000, 0x0000000800000000)
  region size 2048K, 2 young (4096K), 2 survivors (4096K)
 Metaspace       used 8518K, committed 8640K, reserved 1114112K
  class space    used 742K, committed 768K, reserved 1048576K
}
Event: 5.046 GC heap before
{Heap before GC invocations=1 (full 0):
 garbage-first heap   total 258048K, used 43477K [0x0000000705800000, 0x0000000800000000)
  region size 2048K, 20 young (40960K), 2 survivors (4096K)
 Metaspace       used 17729K, committed 17920K, reserved 1114112K
  class space    used 2060K, committed 2176K, reserved 1048576K
}
Event: 5.054 GC heap after
{Heap after GC invocations=2 (full 0):
 garbage-first heap   total 258048K, used 12763K [0x0000000705800000, 0x0000000800000000)
  region size 2048K, 3 young (6144K), 3 survivors (6144K)
 Metaspace       used 17729K, committed 17920K, reserved 1114112K
  class space    used 2060K, committed 2176K, reserved 1048576K
}

Dll operation events (2 events):
Event: 0.016 Loaded shared library C:\Program Files\Android\Android Studio\jbr\bin\java.dll
Event: 0.226 Loaded shared library C:\Program Files\Android\Android Studio\jbr\bin\verify.dll

Deoptimization events (20 events):
Event: 2.180 Thread 0x000001da2e22aee0 Uncommon trap: trap_request=0xffffff45 fr.pc=0x000001da1562be94 relative=0x0000000000000554
Event: 2.180 Thread 0x000001da2e22aee0 Uncommon trap: reason=unstable_if action=reinterpret pc=0x000001da1562be94 method=java.lang.AbstractStringBuilder.putStringAt(ILjava/lang/String;II)V @ 8 c2
Event: 2.180 Thread 0x000001da2e22aee0 DEOPT PACKING pc=0x000001da1562be94 sp=0x000000c500efecd0
Event: 2.180 Thread 0x000001da2e22aee0 DEOPT UNPACKING pc=0x000001da1509a1a3 sp=0x000000c500efebc0 mode 2
Event: 2.180 Thread 0x000001da2e22aee0 Uncommon trap: trap_request=0xffffff45 fr.pc=0x000001da156270dc relative=0x000000000000005c
Event: 2.180 Thread 0x000001da2e22aee0 Uncommon trap: reason=unstable_if action=reinterpret pc=0x000001da156270dc method=java.lang.AbstractStringBuilder.isLatin1()Z @ 10 c2
Event: 2.180 Thread 0x000001da2e22aee0 DEOPT PACKING pc=0x000001da156270dc sp=0x000000c500efeb60
Event: 2.180 Thread 0x000001da2e22aee0 DEOPT UNPACKING pc=0x000001da1509a1a3 sp=0x000000c500efeaf0 mode 2
Event: 2.180 Thread 0x000001da2e22aee0 Uncommon trap: trap_request=0xffffff45 fr.pc=0x000001da15657fc4 relative=0x0000000000000424
Event: 2.180 Thread 0x000001da2e22aee0 Uncommon trap: reason=unstable_if action=reinterpret pc=0x000001da15657fc4 method=java.lang.AbstractStringBuilder.isLatin1()Z @ 10 c2
Event: 2.180 Thread 0x000001da2e22aee0 DEOPT PACKING pc=0x000001da15657fc4 sp=0x000000c500efed50
Event: 2.180 Thread 0x000001da2e22aee0 DEOPT UNPACKING pc=0x000001da1509a1a3 sp=0x000000c500efecd0 mode 2
Event: 4.997 Thread 0x000001da2e22aee0 Uncommon trap: trap_request=0xffffff45 fr.pc=0x000001da15648404 relative=0x0000000000000084
Event: 4.997 Thread 0x000001da2e22aee0 Uncommon trap: reason=unstable_if action=reinterpret pc=0x000001da15648404 method=java.lang.String.codePointAt(I)I @ 4 c2
Event: 4.997 Thread 0x000001da2e22aee0 DEOPT PACKING pc=0x000001da15648404 sp=0x000000c500efece0
Event: 4.997 Thread 0x000001da2e22aee0 DEOPT UNPACKING pc=0x000001da1509a1a3 sp=0x000000c500efec78 mode 2
Event: 4.999 Thread 0x000001da2e32c9c0 Uncommon trap: trap_request=0xffffffde fr.pc=0x000001da15655a44 relative=0x0000000000000e24
Event: 4.999 Thread 0x000001da2e32c9c0 Uncommon trap: reason=class_check action=maybe_recompile pc=0x000001da15655a44 method=java.util.concurrent.ConcurrentHashMap.putVal(Ljava/lang/Object;Ljava/lang/Object;Z)Ljava/lang/Object; @ 159 c2
Event: 5.000 Thread 0x000001da2e32c9c0 DEOPT PACKING pc=0x000001da15655a44 sp=0x000000c500ffe200
Event: 5.000 Thread 0x000001da2e32c9c0 DEOPT UNPACKING pc=0x000001da1509a1a3 sp=0x000000c500ffe180 mode 2

Classes unloaded (0 events):
No events

Classes redefined (0 events):
No events

Internal exceptions (20 events):
Event: 1.474 Thread 0x000001da0a63cc70 Exception <a 'java/lang/NoSuchMethodError'{0x0000000714420068}: 'java.lang.Object java.lang.invoke.Invokers$Holder.invoker(java.lang.Object, java.lang.Object, java.lang.Object)'> (0x0000000714420068) 
thrown [s\src\hotspot\share\interpreter\linkResolver.cpp, line 771]
Event: 1.477 Thread 0x000001da0a63cc70 Exception <a 'java/lang/NoSuchMethodError'{0x0000000714429198}: 'java.lang.Object java.lang.invoke.DirectMethodHandle$Holder.invokeStatic(java.lang.Object, java.lang.Object, int)'> (0x0000000714429198) 
thrown [s\src\hotspot\share\interpreter\linkResolver.cpp, line 771]
Event: 1.478 Thread 0x000001da0a63cc70 Exception <a 'java/lang/NoSuchMethodError'{0x0000000714434e88}: 'void java.lang.invoke.DelegatingMethodHandle$Holder.delegate(java.lang.Object, java.lang.Object, int, java.lang.Object)'> (0x0000000714434e88) 
thrown [s\src\hotspot\share\interpreter\linkResolver.cpp, line 771]
Event: 1.481 Thread 0x000001da0a63cc70 Exception <a 'java/lang/NoSuchMethodError'{0x0000000714448540}: 'java.lang.Object java.lang.invoke.Invokers$Holder.invokeExact_MT(java.lang.Object, java.lang.Object, java.lang.Object, java.lang.Object)'> (0x0000000714448540) 
thrown [s\src\hotspot\share\interpreter\linkResolver.cpp, line 771]
Event: 1.484 Thread 0x000001da0a63cc70 Exception <a 'java/lang/NoSuchMethodError'{0x000000071446c220}: 'java.lang.Object java.lang.invoke.DirectMethodHandle$Holder.invokeVirtual(java.lang.Object, java.lang.Object, java.lang.Object)'> (0x000000071446c220) 
thrown [s\src\hotspot\share\interpreter\linkResolver.cpp, line 771]
Event: 1.590 Thread 0x000001da0a63cc70 Exception <a 'java/lang/NoSuchMethodError'{0x0000000714035cc0}: 'java.lang.Object java.lang.invoke.DirectMethodHandle$Holder.newInvokeSpecial(java.lang.Object, java.lang.Object, java.lang.Object, java.lang.Object, java.lang.Object)'> (0x0000000714035cc0) 
thrown [s\src\hotspot\share\interpreter\linkResolver.cpp, line 771]
Event: 1.618 Thread 0x000001da0a63cc70 Exception <a 'java/lang/NoSuchMethodError'{0x000000071415ef30}: 'void java.lang.invoke.DirectMethodHandle$Holder.invokeSpecial(java.lang.Object, java.lang.Object, java.lang.Object)'> (0x000000071415ef30) 
thrown [s\src\hotspot\share\interpreter\linkResolver.cpp, line 771]
Event: 1.741 Thread 0x000001da0a63cc70 Exception <a 'java/lang/NoSuchMethodError'{0x0000000713631ae0}: 'java.lang.Object java.lang.invoke.DirectMethodHandle$Holder.invokeSpecialIFC(java.lang.Object, java.lang.Object, java.lang.Object, java.lang.Object)'> (0x0000000713631ae0) 
thrown [s\src\hotspot\share\interpreter\linkResolver.cpp, line 771]
Event: 1.798 Thread 0x000001da0a63cc70 Exception <a 'java/lang/NoSuchMethodError'{0x00000007134c9df8}: 'java.lang.Object java.lang.invoke.DirectMethodHandle$Holder.invokeStaticInit(java.lang.Object, int, int, int, int)'> (0x00000007134c9df8) 
thrown [s\src\hotspot\share\interpreter\linkResolver.cpp, line 771]
Event: 1.859 Thread 0x000001da0a63cc70 Exception <a 'java/lang/NoSuchMethodError'{0x000000071351c9a0}: 'java.lang.Object java.lang.invoke.DirectMethodHandle$Holder.invokeStaticInit(java.lang.Object, java.lang.Object, int, int, int, int)'> (0x000000071351c9a0) 
thrown [s\src\hotspot\share\interpreter\linkResolver.cpp, line 771]
Event: 1.966 Thread 0x000001da0a63cc70 Exception <a 'java/lang/NoSuchMethodError'{0x0000000713547d08}: 'void java.lang.invoke.DirectMethodHandle$Holder.invokeStatic(java.lang.Object, java.lang.Object, java.lang.Object)'> (0x0000000713547d08) 
thrown [s\src\hotspot\share\interpreter\linkResolver.cpp, line 771]
Event: 2.132 Thread 0x000001da2e22aee0 Exception <a 'java/lang/NoSuchMethodError'{0x0000000712c0c808}: 'void java.lang.invoke.DirectMethodHandle$Holder.invokeStatic(java.lang.Object, long)'> (0x0000000712c0c808) 
thrown [s\src\hotspot\share\interpreter\linkResolver.cpp, line 771]
Event: 2.133 Thread 0x000001da2e22aee0 Exception <a 'java/lang/NoSuchMethodError'{0x0000000712c12160}: 'java.lang.Object java.lang.invoke.DirectMethodHandle$Holder.newInvokeSpecial(java.lang.Object, long)'> (0x0000000712c12160) 
thrown [s\src\hotspot\share\interpreter\linkResolver.cpp, line 771]
Event: 2.135 Thread 0x000001da2e22aee0 Exception <a 'java/lang/NoSuchMethodError'{0x0000000712c1cd08}: 'java.lang.Object java.lang.invoke.DirectMethodHandle$Holder.invokeStaticInit(java.lang.Object, java.lang.Object, long, java.lang.Object)'> (0x0000000712c1cd08) 
thrown [s\src\hotspot\share\interpreter\linkResolver.cpp, line 771]
Event: 2.136 Thread 0x000001da2e22aee0 Exception <a 'java/lang/NoSuchMethodError'{0x0000000712c23390}: 'java.lang.Object java.lang.invoke.DirectMethodHandle$Holder.newInvokeSpecial(java.lang.Object, java.lang.Object, long)'> (0x0000000712c23390) 
thrown [s\src\hotspot\share\interpreter\linkResolver.cpp, line 771]
Event: 2.137 Thread 0x000001da2e22aee0 Exception <a 'java/lang/NoSuchMethodError'{0x0000000712c27680}: 'java.lang.Object java.lang.invoke.Invokers$Holder.linkToTargetMethod(java.lang.Object, long, java.lang.Object)'> (0x0000000712c27680) 
thrown [s\src\hotspot\share\interpreter\linkResolver.cpp, line 771]
Event: 40.599 Thread 0x000001da0a63cc70 Exception <a 'sun/net/ConnectionResetException'{0x00000007153f5820}: Connection reset> (0x00000007153f5820) 
thrown [s\src\hotspot\share\prims\jni.cpp, line 536]
Event: 40.612 Thread 0x000001da0a63cc70 Exception <a 'java/lang/NoSuchMethodError'{0x0000000715081698}: 'int java.lang.invoke.DirectMethodHandle$Holder.invokeVirtual(java.lang.Object, java.lang.Object)'> (0x0000000715081698) 
thrown [s\src\hotspot\share\interpreter\linkResolver.cpp, line 771]
Event: 40.614 Thread 0x000001da0a63cc70 Exception <a 'java/io/IOException'{0x000000071508cf80}: Connection reset by peer> (0x000000071508cf80) 
thrown [s\src\hotspot\share\prims\jni.cpp, line 536]
Event: 40.647 Thread 0x000001da0a63cc70 Exception <a 'java/lang/NoSuchMethodError'{0x00000007150f1f90}: 'void java.lang.invoke.DirectMethodHandle$Holder.invokeStatic(java.lang.Object, int, java.lang.Object)'> (0x00000007150f1f90) 
thrown [s\src\hotspot\share\interpreter\linkResolver.cpp, line 771]

VM Operations (20 events):
Event: 5.219 Executing VM operation: HandshakeAllThreads
Event: 5.219 Executing VM operation: HandshakeAllThreads done
Event: 6.219 Executing VM operation: Cleanup
Event: 6.219 Executing VM operation: Cleanup done
Event: 19.226 Executing VM operation: Cleanup
Event: 19.226 Executing VM operation: Cleanup done
Event: 20.226 Executing VM operation: Cleanup
Event: 20.226 Executing VM operation: Cleanup done
Event: 27.229 Executing VM operation: Cleanup
Event: 27.230 Executing VM operation: Cleanup done
Event: 30.230 Executing VM operation: Cleanup
Event: 30.231 Executing VM operation: Cleanup done
Event: 34.232 Executing VM operation: Cleanup
Event: 34.232 Executing VM operation: Cleanup done
Event: 37.236 Executing VM operation: Cleanup
Event: 37.236 Executing VM operation: Cleanup done
Event: 40.238 Executing VM operation: Cleanup
Event: 40.238 Executing VM operation: Cleanup done
Event: 40.636 Executing VM operation: HandshakeAllThreads
Event: 40.636 Executing VM operation: HandshakeAllThreads done

Events (20 events):
Event: 40.641 loading class java/util/stream/ReferencePipeline$StatefulOp done
Event: 40.641 loading class java/util/stream/DistinctOps$1 done
Event: 40.642 loading class java/util/stream/ForEachOps
Event: 40.642 loading class java/util/stream/ForEachOps done
Event: 40.642 loading class java/util/stream/ForEachOps$ForEachOp$OfRef
Event: 40.642 loading class java/util/stream/ForEachOps$ForEachOp
Event: 40.642 loading class java/util/stream/ForEachOps$ForEachOp done
Event: 40.642 loading class java/util/stream/ForEachOps$ForEachOp$OfRef done
Event: 40.642 loading class java/util/stream/DistinctOps$1$2
Event: 40.642 loading class java/util/stream/DistinctOps$1$2 done
Event: 40.644 loading class java/util/stream/MatchOps$MatchKind
Event: 40.644 loading class java/util/stream/MatchOps$MatchKind done
Event: 40.644 loading class java/util/stream/MatchOps
Event: 40.644 loading class java/util/stream/MatchOps done
Event: 40.644 loading class java/util/stream/MatchOps$MatchOp
Event: 40.645 loading class java/util/stream/MatchOps$MatchOp done
Event: 40.645 loading class java/util/stream/MatchOps$BooleanTerminalSink
Event: 40.645 loading class java/util/stream/MatchOps$BooleanTerminalSink done
Event: 40.645 loading class java/util/stream/MatchOps$1MatchSink
Event: 40.645 loading class java/util/stream/MatchOps$1MatchSink done


Dynamic libraries:
0x00007ff6386e0000 - 0x00007ff6386ea000 	C:\Program Files\Android\Android Studio\jbr\bin\java.exe
0x00007ff9a1800000 - 0x00007ff9a1a60000 	C:\WINDOWS\SYSTEM32\ntdll.dll
0x00007ff9a0660000 - 0x00007ff9a0727000 	C:\WINDOWS\System32\KERNEL32.DLL
0x00007ff99ed10000 - 0x00007ff99f0da000 	C:\WINDOWS\System32\KERNELBASE.dll
0x00007ff99ebc0000 - 0x00007ff99ed0b000 	C:\WINDOWS\System32\ucrtbase.dll
0x00007ff938310000 - 0x00007ff938327000 	C:\Program Files\Android\Android Studio\jbr\bin\jli.dll
0x00007ff966dd0000 - 0x00007ff966deb000 	C:\Program Files\Android\Android Studio\jbr\bin\VCRUNTIME140.dll
0x00007ff9a1150000 - 0x00007ff9a131c000 	C:\WINDOWS\System32\USER32.dll
0x00007ff981cc0000 - 0x00007ff981f59000 	C:\WINDOWS\WinSxS\amd64_microsoft.windows.common-controls_6595b64144ccf1df_6.0.26100.3575_none_3e0d5430e32ff727\COMCTL32.dll
0x00007ff99f5d0000 - 0x00007ff99f5f7000 	C:\WINDOWS\System32\win32u.dll
0x00007ff9a13a0000 - 0x00007ff9a1449000 	C:\WINDOWS\System32\msvcrt.dll
0x00007ff99fbf0000 - 0x00007ff99fc1a000 	C:\WINDOWS\System32\GDI32.dll
0x00007ff99f260000 - 0x00007ff99f391000 	C:\WINDOWS\System32\gdi32full.dll
0x00007ff99e9e0000 - 0x00007ff99ea83000 	C:\WINDOWS\System32\msvcp_win.dll
0x00007ff9a0480000 - 0x00007ff9a04af000 	C:\WINDOWS\System32\IMM32.DLL
0x00007ff964290000 - 0x00007ff96429c000 	C:\Program Files\Android\Android Studio\jbr\bin\vcruntime140_1.dll
0x00007ff956b40000 - 0x00007ff956bcd000 	C:\Program Files\Android\Android Studio\jbr\bin\msvcp140.dll
0x00007ff8b2960000 - 0x00007ff8b35e3000 	C:\Program Files\Android\Android Studio\jbr\bin\server\jvm.dll
0x00007ff99f990000 - 0x00007ff99fa42000 	C:\WINDOWS\System32\ADVAPI32.dll
0x00007ff9a0a40000 - 0x00007ff9a0ae6000 	C:\WINDOWS\System32\sechost.dll
0x00007ff9a07a0000 - 0x00007ff9a08b6000 	C:\WINDOWS\System32\RPCRT4.dll
0x00007ff989270000 - 0x00007ff98927a000 	C:\WINDOWS\SYSTEM32\WSOCK32.dll
0x00007ff995bb0000 - 0x00007ff995be6000 	C:\WINDOWS\SYSTEM32\WINMM.dll
0x00007ff99e860000 - 0x00007ff99e8be000 	C:\WINDOWS\SYSTEM32\POWRPROF.dll
0x00007ff9a1320000 - 0x00007ff9a1394000 	C:\WINDOWS\System32\WS2_32.dll
0x00007ff9959f0000 - 0x00007ff9959fb000 	C:\WINDOWS\SYSTEM32\VERSION.dll
0x00007ff99e840000 - 0x00007ff99e854000 	C:\WINDOWS\SYSTEM32\UMPDC.dll
0x00007ff99d7f0000 - 0x00007ff99d80a000 	C:\WINDOWS\SYSTEM32\kernel.appcore.dll
0x00007ff96c110000 - 0x00007ff96c11a000 	C:\Program Files\Android\Android Studio\jbr\bin\jimage.dll
0x00007ff99bc40000 - 0x00007ff99be81000 	C:\WINDOWS\SYSTEM32\DBGHELP.DLL
0x00007ff99f600000 - 0x00007ff99f983000 	C:\WINDOWS\System32\combase.dll
0x00007ff9a08c0000 - 0x00007ff9a0996000 	C:\WINDOWS\System32\OLEAUT32.dll
0x00007ff969d50000 - 0x00007ff969d89000 	C:\WINDOWS\SYSTEM32\dbgcore.DLL
0x00007ff99ea90000 - 0x00007ff99eb29000 	C:\WINDOWS\System32\bcryptPrimitives.dll
0x00007ff96c0e0000 - 0x00007ff96c105000 	C:\Program Files\Android\Android Studio\jbr\bin\java.dll
0x00007ff959c00000 - 0x00007ff959c18000 	C:\Program Files\Android\Android Studio\jbr\bin\zip.dll
0x00007ff99fc20000 - 0x00007ff9a0349000 	C:\WINDOWS\System32\SHELL32.dll
0x00007ff99f460000 - 0x00007ff99f5c8000 	C:\WINDOWS\System32\wintypes.dll
0x00007ff99c650000 - 0x00007ff99cea3000 	C:\WINDOWS\SYSTEM32\windows.storage.dll
0x00007ff9a1060000 - 0x00007ff9a114d000 	C:\WINDOWS\System32\SHCORE.dll
0x00007ff9a0730000 - 0x00007ff9a0795000 	C:\WINDOWS\System32\shlwapi.dll
0x00007ff99e8f0000 - 0x00007ff99e91f000 	C:\WINDOWS\SYSTEM32\profapi.dll
0x00007ff959990000 - 0x00007ff9599a9000 	C:\Program Files\Android\Android Studio\jbr\bin\net.dll
0x00007ff98da80000 - 0x00007ff98db9e000 	C:\WINDOWS\SYSTEM32\WINHTTP.dll
0x00007ff99dd10000 - 0x00007ff99dd7a000 	C:\WINDOWS\system32\mswsock.dll
0x00007ff959970000 - 0x00007ff959986000 	C:\Program Files\Android\Android Studio\jbr\bin\nio.dll
0x00007ff959950000 - 0x00007ff959960000 	C:\Program Files\Android\Android Studio\jbr\bin\verify.dll
0x00007ff96c0d0000 - 0x00007ff96c0d9000 	C:\Program Files\Android\Android Studio\jbr\bin\management.dll
0x00007ff959960000 - 0x00007ff95996b000 	C:\Program Files\Android\Android Studio\jbr\bin\management_ext.dll
0x00007ff9a0a30000 - 0x00007ff9a0a38000 	C:\WINDOWS\System32\PSAPI.DLL
0x00007ff9591c0000 - 0x00007ff9591e7000 	C:\Users\ayenl\.gradle\native\1def1411415f61bf3af743bc5b6707747c0891f09f0c88961ee8f79bc544acac\windows-amd64\native-platform.dll
0x00007ff99dfb0000 - 0x00007ff99dfcc000 	C:\WINDOWS\SYSTEM32\CRYPTSP.dll
0x00007ff99d750000 - 0x00007ff99d78a000 	C:\WINDOWS\system32\rsaenh.dll
0x00007ff99ddb0000 - 0x00007ff99dddb000 	C:\WINDOWS\SYSTEM32\USERENV.dll
0x00007ff99e1f0000 - 0x00007ff99e216000 	C:\WINDOWS\SYSTEM32\bcrypt.dll
0x00007ff99dfd0000 - 0x00007ff99dfdc000 	C:\WINDOWS\SYSTEM32\CRYPTBASE.dll
0x00007ff99d1d0000 - 0x00007ff99d203000 	C:\WINDOWS\SYSTEM32\IPHLPAPI.DLL
0x00007ff99fbe0000 - 0x00007ff99fbea000 	C:\WINDOWS\System32\NSI.dll
0x00007ff98eb00000 - 0x00007ff98eb1f000 	C:\WINDOWS\SYSTEM32\dhcpcsvc6.DLL
0x00007ff98ead0000 - 0x00007ff98eaf5000 	C:\WINDOWS\SYSTEM32\dhcpcsvc.DLL
0x00007ff99d260000 - 0x00007ff99d385000 	C:\WINDOWS\SYSTEM32\DNSAPI.dll
0x00007ff8bec40000 - 0x00007ff8bec48000 	C:\WINDOWS\system32\wshunix.dll

dbghelp: loaded successfully - version: 4.0.5 - missing functions: none
symbol engine: initialized successfully - sym options: 0x614 - pdb path: .;C:\Program Files\Android\Android Studio\jbr\bin;C:\WINDOWS\SYSTEM32;C:\WINDOWS\WinSxS\amd64_microsoft.windows.common-controls_6595b64144ccf1df_6.0.26100.3575_none_3e0d5430e32ff727;C:\Program Files\Android\Android Studio\jbr\bin\server;C:\Users\ayenl\.gradle\native\1def1411415f61bf3af743bc5b6707747c0891f09f0c88961ee8f79bc544acac\windows-amd64

VM Arguments:
jvm_args: -Dorg.gradle.appname=gradlew 
java_command: org.gradle.wrapper.GradleWrapperMain -q -Ptarget-platform=android-x64 -Ptarget=D:\Workspace\HTC\csam_mobile\lib\main.dart -Pbase-application-name=android.app.Application -Pdart-defines=Zmx1dHRlci5pbnNwZWN0b3Iuc3RydWN0dXJlZEVycm9ycz10cnVl,RkxVVFRFUl9WRVJTSU9OPTMuMzUuMw==,RkxVVFRFUl9DSEFOTkVMPXN0YWJsZQ==,RkxVVFRFUl9HSVRfVVJMPWh0dHBzOi8vZ2l0aHViLmNvbS9mbHV0dGVyL2ZsdXR0ZXIuZ2l0,RkxVVFRFUl9GUkFNRVdPUktfUkVWSVNJT049YTQwMmQ5YTQzNw==,RkxVVFRFUl9FTkdJTkVfUkVWSVNJT049ZGRmNDdkZDNmZg==,RkxVVFRFUl9EQVJUX1ZFUlNJT049My45LjI= -Pdart-obfuscation=false -Ptrack-widget-creation=true -Ptree-shake-icons=false -Pfilesystem-scheme=org-dartlang-root assembleDebug
java_class_path (initial): D:\Workspace\HTC\csam_mobile\android\\gradle\wrapper\gradle-wrapper.jar
Launcher Type: SUN_STANDARD

[Global flags]
     intx CICompilerCount                          = 4                                         {product} {ergonomic}
     uint ConcGCThreads                            = 2                                         {product} {ergonomic}
     uint G1ConcRefinementThreads                  = 8                                         {product} {ergonomic}
   size_t G1HeapRegionSize                         = 2097152                                   {product} {ergonomic}
    uintx GCDrainStackTargetSize                   = 64                                        {product} {ergonomic}
   size_t InitialHeapSize                          = 264241152                                 {product} {ergonomic}
   size_t MarkStackSize                            = 4194304                                   {product} {ergonomic}
   size_t MaxHeapSize                              = 4202692608                                {product} {ergonomic}
   size_t MaxNewSize                               = 2520776704                                {product} {ergonomic}
   size_t MinHeapDeltaBytes                        = 2097152                                   {product} {ergonomic}
   size_t MinHeapSize                              = 8388608                                   {product} {ergonomic}
    uintx NonNMethodCodeHeapSize                   = 5839372                                {pd product} {ergonomic}
    uintx NonProfiledCodeHeapSize                  = 122909434                              {pd product} {ergonomic}
    uintx ProfiledCodeHeapSize                     = 122909434                              {pd product} {ergonomic}
    uintx ReservedCodeCacheSize                    = 251658240                              {pd product} {ergonomic}
     bool SegmentedCodeCache                       = true                                      {product} {ergonomic}
   size_t SoftMaxHeapSize                          = 4202692608                             {manageable} {ergonomic}
     bool UseCompressedClassPointers               = true                           {product lp64_product} {ergonomic}
     bool UseCompressedOops                        = true                           {product lp64_product} {ergonomic}
     bool UseG1GC                                  = true                                      {product} {ergonomic}
     bool UseLargePagesIndividualAllocation        = false                                  {pd product} {ergonomic}

Logging:
Log output configuration:
 #0: stdout all=warning uptime,level,tags
 #1: stderr all=off uptime,level,tags

Environment Variables:
JAVA_HOME=C:\Program Files\Android\Android Studio\jbr
CLASSPATH=D:\Workspace\HTC\csam_mobile\android\\gradle\wrapper\gradle-wrapper.jar
PATH=C:\Program Files\Android\Android Studio\jbr\bin;C:\Program Files (x86)\Common Files\Oracle\Java\javapath;C:\WINDOWS\system32;C:\WINDOWS;C:\WINDOWS\System32\Wbem;C:\WINDOWS\System32\WindowsPowerShell\v1.0\;C:\WINDOWS\System32\OpenSSH\;C:\Program Files\Microsoft SQL Server\150\Tools\Binn\;C:\Program Files\Microsoft SQL Server\Client SDK\ODBC\170\Tools\Binn\;C:\Program Files\dotnet\;C:\Program Files (x86)\Microsoft SQL Server\150\Tools\Binn\;C:\Program Files\Microsoft SQL Server\150\DTS\Binn\;C:\Program Files (x86)\Microsoft SQL Server\150\DTS\Binn\;C:\Program Files\Azure Data Studio\bin;D:\DangHieu\cogang\Git\cmd;D:\Java\jdk1.8.0_202\bin;C:\Users\ayenl\AppData\Local\Microsoft\WindowsApps;C:\Users\ayenl\.dotnet\tools;D:\src\flutter\bin;;C:\Users\ayenl\AppData\Local\Programs\Microsoft VS Code\bin;C:\Program Files\Azure Data Studio\bin;D:\src\flutter\bin\mingit\cmd
USERNAME=hiudayyy
OS=Windows_NT
PROCESSOR_IDENTIFIER=Intel64 Family 6 Model 140 Stepping 1, GenuineIntel
TMP=C:\Users\ayenl\AppData\Local\Temp
TEMP=C:\Users\ayenl\AppData\Local\Temp



Periodic native trim disabled

JNI global refs:
JNI global refs: 20, weak refs: 0

JNI global refs memory usage: 843, weak refs: 841

OOME stack traces (most recent first):
Classloader memory used:
Loader bootstrap                                                                       : 1642K
Loader org.gradle.internal.classloader.VisitableURLClassLoader                         : 622K
Loader java.net.URLClassLoader                                                         : 28654B
Loader jdk.internal.loader.ClassLoaders$AppClassLoader                                 : 18431B
Loader jdk.internal.loader.ClassLoaders$PlatformClassLoader                            : 14395B
Loader jdk.internal.reflect.DelegatingClassLoader                                      : 1303B

Classes loaded by more than one classloader:
Class org.gradle.internal.installation.GradleInstallation                             : loaded 2 times (x 73B)
Class org.gradle.cli.ParsedCommandLine                                                : loaded 2 times (x 78B)
Class org.gradle.internal.classpath.ClassPath                                         : loaded 2 times (x 68B)
Class org.gradle.api.internal.classpath.DefaultModuleRegistry                         : loaded 2 times (x 84B)
Class org.gradle.api.Action                                                           : loaded 2 times (x 68B)
Class org.gradle.cli.CommandLineParser$OptionString                                   : loaded 2 times (x 71B)
Class org.gradle.internal.installation.GradleInstallation$1                           : loaded 2 times (x 73B)
Class org.gradle.cli.CommandLineParser$AfterOptions                                   : loaded 2 times (x 75B)
Class org.gradle.internal.classpath.DefaultClassPath$ImmutableUniqueList$Builder      : loaded 2 times (x 73B)
Class org.gradle.cli.CommandLineParser$AfterFirstSubCommand                           : loaded 2 times (x 75B)
Class org.gradle.internal.classloader.ClassLoaderVisitor                              : loaded 2 times (x 74B)
Class org.gradle.internal.service.UnknownServiceException                             : loaded 2 times (x 81B)
Class org.gradle.api.GradleException                                                  : loaded 2 times (x 80B)
Class org.gradle.api.internal.classpath.ModuleRegistry                                : loaded 2 times (x 68B)
Class org.gradle.cli.CommandLineParser$KnownOptionParserState                         : loaded 2 times (x 74B)
Class org.gradle.internal.classloader.ClasspathUtil$1                                 : loaded 2 times (x 74B)
Class org.gradle.cli.AbstractPropertiesCommandLineConverter                           : loaded 2 times (x 81B)
Class org.gradle.api.internal.classpath.ManifestUtil                                  : loaded 2 times (x 69B)
Class org.gradle.api.specs.Spec                                                       : loaded 2 times (x 68B)
Class org.gradle.cli.SystemPropertiesCommandLineConverter                             : loaded 2 times (x 81B)
Class org.gradle.internal.IoActions                                                   : loaded 2 times (x 69B)
Class org.gradle.api.internal.classpath.EffectiveClassPath                            : loaded 2 times (x 88B)
Class org.gradle.internal.installation.CurrentGradleInstallation                      : loaded 2 times (x 71B)
Class org.gradle.internal.installation.CurrentGradleInstallationLocator               : loaded 2 times (x 69B)
Class org.gradle.api.internal.classpath.Module                                        : loaded 2 times (x 68B)
Class org.gradle.internal.classpath.DefaultClassPath                                  : loaded 2 times (x 88B)
Class org.gradle.cli.CommandLineParser                                                : loaded 2 times (x 77B)
Class org.gradle.cli.CommandLineParser$BeforeFirstSubCommand                          : loaded 2 times (x 75B)
Class org.gradle.internal.classloader.SystemClassLoaderSpec                           : loaded 2 times (x 69B)
Class org.gradle.cli.CommandLineOption                                                : loaded 2 times (x 84B)
Class org.gradle.cli.CommandLineParser$ParserState                                    : loaded 2 times (x 74B)
Class org.gradle.cli.CommandLineParser$MissingOptionArgState                          : loaded 2 times (x 75B)
Class org.gradle.api.UncheckedIOException                                             : loaded 2 times (x 80B)
Class org.gradle.cli.ParsedCommandLineOption                                          : loaded 2 times (x 74B)
Class org.gradle.api.internal.classpath.GlobalCacheRootsProvider                      : loaded 2 times (x 68B)
Class org.gradle.internal.classloader.ClasspathUtil                                   : loaded 2 times (x 69B)
Class org.gradle.api.internal.classpath.DefaultModuleRegistry$DefaultModule           : loaded 2 times (x 84B)
Class org.gradle.cli.CommandLineParser$UnknownOptionParserState                       : loaded 2 times (x 74B)
Class org.gradle.api.internal.classpath.UnknownModuleException                        : loaded 2 times (x 80B)
Class org.gradle.internal.service.ServiceLookupException                              : loaded 2 times (x 80B)
Class org.gradle.util.internal.GUtil                                                  : loaded 2 times (x 69B)
Class org.gradle.internal.classloader.ClassLoaderSpec                                 : loaded 2 times (x 69B)
Class org.gradle.cli.CommandLineParser$OptionAwareParserState                         : loaded 2 times (x 75B)
Class org.gradle.cli.CommandLineParser$OptionParserState                              : loaded 2 times (x 73B)
Class org.gradle.internal.Cast                                                        : loaded 2 times (x 69B)
Class org.gradle.internal.classloader.ClassLoaderHierarchy                            : loaded 2 times (x 68B)
Class org.gradle.cli.CommandLineConverter                                             : loaded 2 times (x 68B)
Class org.gradle.internal.InternalTransformer                                         : loaded 2 times (x 68B)
Class org.gradle.internal.classpath.DefaultClassPath$ImmutableUniqueList              : loaded 2 times (x 159B)
Class org.gradle.cli.AbstractCommandLineConverter                                     : loaded 2 times (x 77B)
Class org.gradle.cli.CommandLineArgumentException                                     : loaded 2 times (x 80B)


---------------  S Y S T E M  ---------------

OS:
 Windows 11 , 64 bit Build 26100 (10.0.26100.3575)
OS uptime: 1 days 6:55 hours
Hyper-V role detected

CPU: total 8 (initial active 8) (4 cores per cpu, 2 threads per core) family 6 model 140 stepping 1 microcode 0xb4, cx8, cmov, fxsr, ht, mmx, 3dnowpref, sse, sse2, sse3, ssse3, sse4.1, sse4.2, popcnt, lzcnt, tsc, tscinvbit, avx, avx2, aes, erms, clmul, bmi1, bmi2, adx, avx512f, avx512dq, avx512cd, avx512bw, avx512vl, sha, fma, vzeroupper, avx512_vpopcntdq, avx512_vpclmulqdq, avx512_vaes, avx512_vnni, clflush, clflushopt, clwb, avx512_vbmi2, avx512_vbmi, hv
Processor Information for all 8 processors :
  Max Mhz: 2701, Current Mhz: 2701, Mhz Limit: 2701

Memory: 4k page, system-wide physical 16026M (1220M free)
TotalPageFile size 24688M (AvailPageFile size 460M)
current process WorkingSet (physical memory assigned to process): 119M, peak: 127M
current process commit charge ("private bytes"): 365M, peak: 372M

vm_info: OpenJDK 64-Bit Server VM (17.0.9+0--11185874) for windows-amd64 JRE (17.0.9+0--11185874), built on Dec  6 2023 18:57:44 by "androidbuild" with MS VC++ 16.10 / 16.11 (VS2019)

END.
