#
# A fatal error has been detected by the Java Runtime Environment:
#
#  EXCEPTION_UNCAUGHT_CXX_EXCEPTION (0xe06d7363) at pc=0x00007ffeb79a933a, pid=21068, tid=9184
#
# JRE version: OpenJDK Runtime Environment (17.0.9) (build 17.0.9+0--11185874)
# Java VM: OpenJDK 64-Bit Server VM (17.0.9+0--11185874, mixed mode, tiered, compressed oops, compressed class ptrs, g1 gc, windows-amd64)
# Problematic frame:
# C  [KERNELBASE.dll+0xc933a]
#
# No core dump will be written. Minidumps are not enabled by default on client versions of Windows
#
# If you would like to submit a bug report, please visit:
#   https://bugreport.java.com/bugreport/crash.jsp
#

---------------  S U M M A R Y ------------

Command Line: -Dorg.gradle.appname=gradlew org.gradle.wrapper.GradleWrapperMain -q -Ptarget-platform=android-x64 -Ptarget=D:\Workspace\HTC\csam_mobile\lib\main.dart -Pbase-application-name=android.app.Application -Pdart-defines=Zmx1dHRlci5pbnNwZWN0b3Iuc3RydWN0dXJlZEVycm9ycz10cnVl,RkxVVFRFUl9WRVJTSU9OPTMuMzUuMw==,RkxVVFRFUl9DSEFOTkVMPXN0YWJsZQ==,RkxVVFRFUl9HSVRfVVJMPWh0dHBzOi8vZ2l0aHViLmNvbS9mbHV0dGVyL2ZsdXR0ZXIuZ2l0,RkxVVFRFUl9GUkFNRVdPUktfUkVWSVNJT049YTQwMmQ5YTQzNw==,RkxVVFRFUl9FTkdJTkVfUkVWSVNJT049ZGRmNDdkZDNmZg==,RkxVVFRFUl9EQVJUX1ZFUlNJT049My45LjI= -Pdart-obfuscation=false -Ptrack-widget-creation=true -Ptree-shake-icons=false -Pfilesystem-scheme=org-dartlang-root assembleDebug

Host: 11th Gen Intel(R) Core(TM) i7-1165G7 @ 2.80GHz, 8 cores, 15G,  Windows 11 , 64 bit Build 26100 (10.0.26100.3575)
Time: Wed Sep 10 10:05:47 2025 SE Asia Standard Time elapsed time: 0.113116 seconds (0d 0h 0m 0s)

---------------  T H R E A D  ---------------

Current thread (0x0000019970b2ac60):  JavaThread "main" [_thread_in_vm, id=9184, stack(0x0000002572300000,0x0000002572400000)]

Stack: [0x0000002572300000,0x0000002572400000],  sp=0x00000025723fe260,  free space=1016k
Native frames: (J=compiled Java code, j=interpreted, Vv=VM code, C=native code)
C  [KERNELBASE.dll+0xc933a]
C  [VCRUNTIME140.dll+0x6480]
C  [jimage.dll+0x32a3]
C  [jimage.dll+0x2a1d]
C  [jimage.dll+0x145b]
C  [jimage.dll+0x1e9f]
C  [jimage.dll+0x1f36]
C  [jimage.dll+0x266e]
V  [jvm.dll+0x1f752d]
V  [jvm.dll+0x1f6012]
V  [jvm.dll+0x7ba54b]
V  [jvm.dll+0x7bb9bc]
V  [jvm.dll+0x7bbd08]
V  [jvm.dll+0x243bae]
V  [jvm.dll+0x3882ce]
C  0x000001990754b6ee

The last pc belongs to new (printed below).
Java frames: (J=compiled Java code, j=interpreted, Vv=VM code)
j  jdk.internal.module.SystemModulesMap.defaultSystemModules()Ljdk/internal/module/SystemModules;+0 java.base
j  jdk.internal.module.SystemModuleFinders.systemModules(Ljava/lang/String;)Ljdk/internal/module/SystemModules;+10 java.base
j  jdk.internal.module.ModuleBootstrap.boot2()Ljava/lang/ModuleLayer;+194 java.base
j  jdk.internal.module.ModuleBootstrap.boot()Ljava/lang/ModuleLayer;+64 java.base
j  java.lang.System.initPhase2(ZZ)I+0 java.base
v  ~StubRoutines::call_stub

siginfo: EXCEPTION_UNCAUGHT_CXX_EXCEPTION (0xe06d7363), ExceptionInformation=0x0000000019930520 0x00000025723fe3e0 0x00007ffeb23c5198 0x00007ffeb23c0000 


Registers:
RAX=0x00007ffeb23c2475, RBX=0x00000025723fe388, RCX=0x00000199114c2fc0, RDX=0x00000025723fde20
RSP=0x00000025723fe260, RBP=0x0000000000000004, RSI=0x0000000000000001, RDI=0x00000000e06d7363
R8 =0x000000000004c5b7, R9 =0x00000199122b3070, R10=0x0000019970b2ac60, R11=0x0000000000000000
R12=0x0000000000010753, R13=0x0000019970b2b150, R14=0x00000199114d7f90, R15=0x00000199114d7f90
RIP=0x00007ffeb79a933a, EFLAGS=0x0000000000000202


Register to memory mapping:

RIP=0x00007ffeb79a933a KERNELBASE.dll
RAX=0x00007ffeb23c2475 jimage.dll
RBX=0x00000025723fe388 is pointing into the stack for thread: 0x0000019970b2ac60
RCX=0x00000199114c2fc0 points into unknown readable memory: 0x0000000000000000 | 00 00 00 00 00 00 00 00
RDX=0x00000025723fde20 is pointing into the stack for thread: 0x0000019970b2ac60
RSP=0x00000025723fe260 is pointing into the stack for thread: 0x0000019970b2ac60
RBP=0x0000000000000004 is an unknown value
RSI=0x0000000000000001 is an unknown value
RDI=0x00000000e06d7363 is an unknown value
R8 =0x000000000004c5b7 is an unknown value
R9 =0x00000199122b3070 is pointing into metadata
R10=0x0000019970b2ac60 is a thread
R11=0x0 is NULL
R12=0x0000000000010753 is an unknown value
R13=0x0000019970b2b150 points into unknown readable memory: 0x65746e692f6b646a | 6a 64 6b 2f 69 6e 74 65
R14=0x00000199114d7f90 points into unknown readable memory: 0x74656e2f6176616a | 6a 61 76 61 2f 6e 65 74
R15=0x00000199114d7f90 points into unknown readable memory: 0x74656e2f6176616a | 6a 61 76 61 2f 6e 65 74


Top of Stack: (sp=0x00000025723fe260)
0x00000025723fe260:   0000000000000010 00000025723fe388
0x00000025723fe270:   0000000000000001 00000199114d7f90
0x00000025723fe280:   00000081e06d7363 0000000000000000
0x00000025723fe290:   00007ffeb79a933a 0000000000000004
0x00000025723fe2a0:   0000000019930520 00000025723fe3e0
0x00000025723fe2b0:   00007ffeb23c5198 00007ffeb23c0000
0x00000025723fe2c0:   0000000000000000 0000000000000000
0x00000025723fe2d0:   0000000000000000 0000000000000000
0x00000025723fe2e0:   0000000000000000 0000000000000000
0x00000025723fe2f0:   0000000000000000 0000000000000000
0x00000025723fe300:   0000000000000000 0000000000000000
0x00000025723fe310:   0000000000000000 0000000000001078
0x00000025723fe320:   00002dd125a4957f 00000025723fe510
0x00000025723fe330:   00007ffeb23c7000 0000000019930520
0x00000025723fe340:   00000025723fe3e0 00000025723fe510
0x00000025723fe350:   00007ffeb23c5198 00007ffe6d296480
0x00000025723fe360:   00000025723fe4e0 0000019970b2ac60
0x00000025723fe370:   0000019970b2ac60 00007ffeb81a4375
0x00000025723fe380:   00007ffeb23c0000 0000000019930520
0x00000025723fe390:   00000025723fe3e0 00007ffeb23c5198
0x00000025723fe3a0:   00007ffeb23c0000 00007ffeb81a01d3
0x00000025723fe3b0:   000001997266ecc7 00007ffeb23c32a3
0x00000025723fe3c0:   fffffffffffffffe 0000000000000000
0x00000025723fe3d0:   0000000000010753 000001997266ecc7
0x00000025723fe3e0:   00007ffeb23c4470 00007ffeb23c4480
0x00000025723fe3f0:   0000000000000000 0000000000000000
0x00000025723fe400:   000001997266ecc7 00007ffeb23c2a1d
0x00000025723fe410:   0000000000010753 00007ffeb81a0139
0x00000025723fe420:   00000199708a0000 0000000000000038
0x00000025723fe430:   000001997266ecc7 00007ffeb23c145b
0x00000025723fe440:   0000000000000001 00007ffdd13eae31
0x00000025723fe450:   0000000000000038 0000000000000018 

Instructions: (pc=0x00007ffeb79a933a)
0x00007ffeb79a923a:   00 e8 f0 4f fe ff 48 8b cb e8 d8 f5 fa ff 48 85
0x00007ffeb79a924a:   f6 74 08 48 8b ce e8 cb f5 fa ff 48 85 ff 74 08
0x00007ffeb79a925a:   48 8b cf e8 be f5 fa ff 8b 4c 24 40 48 ff 15 eb
0x00007ffeb79a926a:   bb 1b 00 0f 1f 44 00 00 90 48 8b 8c 24 a0 02 00
0x00007ffeb79a927a:   00 48 33 cc e8 0d 62 0c 00 4c 8d 9c 24 b0 02 00
0x00007ffeb79a928a:   00 49 8b 5b 38 49 8b 73 40 49 8b e3 41 5f 41 5e
0x00007ffeb79a929a:   41 5d 41 5c 5f c3 cc cc cc cc cc cc cc cc cc cc
0x00007ffeb79a92aa:   cc cc cc cc cc cc 40 53 55 56 57 48 81 ec d8 00
0x00007ffeb79a92ba:   00 00 48 8b 05 0d 1e 2b 00 48 33 c4 48 89 84 24
0x00007ffeb79a92ca:   c0 00 00 00 8b f2 41 8b e8 33 d2 8b f9 48 8d 4c
0x00007ffeb79a92da:   24 3c 49 8b d9 44 8d 42 7c e8 59 58 06 00 33 c9
0x00007ffeb79a92ea:   89 7c 24 20 83 e6 01 48 89 4c 24 28 89 74 24 24
0x00007ffeb79a92fa:   48 8d 05 af ff ff ff 48 89 44 24 30 48 85 db 74
0x00007ffeb79a930a:   51 41 b8 0f 00 00 00 48 8d 4c 24 40 41 3b e8 48
0x00007ffeb79a931a:   8b d3 44 0f 46 c5 44 89 44 24 38 49 c1 e0 03 e8
0x00007ffeb79a932a:   19 61 0c 00 48 8d 4c 24 20 48 ff 15 4e c2 1b 00
0x00007ffeb79a933a:   0f 1f 44 00 00 48 8b 8c 24 c0 00 00 00 48 33 cc
0x00007ffeb79a934a:   e8 41 61 0c 00 48 81 c4 d8 00 00 00 5f 5e 5d 5b
0x00007ffeb79a935a:   c3 cc 89 4c 24 38 eb cc cc cc cc cc cc cc cc cc
0x00007ffeb79a936a:   cc cc cc cc cc cc 48 83 ec 28 4c 8b d9 48 85 c9
0x00007ffeb79a937a:   0f 84 8f 00 00 00 b8 55 00 00 00 4c 8d 15 2c 22
0x00007ffeb79a938a:   1c 00 4c 8b c9 85 c0 7f 28 66 41 83 39 00 75 07
0x00007ffeb79a939a:   66 41 83 3a 00 74 6e 33 d2 49 8b cb e8 95 2e f8
0x00007ffeb79a93aa:   ff 33 c9 48 85 c0 0f 95 c1 8b c1 48 83 c4 28 c3
0x00007ffeb79a93ba:   cc 41 0f b7 11 66 85 d2 74 cf 45 0f b7 02 66 45
0x00007ffeb79a93ca:   85 c0 74 d3 8d 4a bf 66 83 f9 19 77 04 66 83 ca
0x00007ffeb79a93da:   20 41 8d 48 bf 66 83 f9 19 76 2e 66 83 fa 5f 75
0x00007ffeb79a93ea:   05 ba 2d 00 00 00 66 41 83 f8 5f 75 06 41 b8 2d
0x00007ffeb79a93fa:   00 00 00 66 41 3b d0 75 9e ff c8 49 83 c1 02 49
0x00007ffeb79a940a:   83 c2 02 eb 80 33 c0 eb a2 66 41 83 c8 20 eb cb
0x00007ffeb79a941a:   cc cc cc cc cc cc 40 53 48 83 ec 40 48 8b 05 a3
0x00007ffeb79a942a:   1c 2b 00 48 33 c4 48 89 44 24 30 33 c0 48 89 44 


Stack slot to memory mapping:
stack at sp + 0 slots: 0x0000000000000010 is an unknown value
stack at sp + 1 slots: 0x00000025723fe388 is pointing into the stack for thread: 0x0000019970b2ac60
stack at sp + 2 slots: 0x0000000000000001 is an unknown value
stack at sp + 3 slots: 0x00000199114d7f90 points into unknown readable memory: 0x74656e2f6176616a | 6a 61 76 61 2f 6e 65 74
stack at sp + 4 slots: 0x00000081e06d7363 is an unknown value
stack at sp + 5 slots: 0x0 is NULL
stack at sp + 6 slots: 0x00007ffeb79a933a KERNELBASE.dll
stack at sp + 7 slots: 0x0000000000000004 is an unknown value

new  187 new  [0x000001990754b560, 0x000001990754b780]  544 bytes
[MachCode]
  0x000001990754b560: 4883 ec08 | c5fa 1104 | 24eb 1f48 | 83ec 10c5 | fb11 0424 | eb14 4883 | ec10 4889 | 0424 48c7 
  0x000001990754b580: 4424 0800 | 0000 00eb | 0150 410f | b755 010f | cac1 ea10 | 488b 4de8 | 488b 4908 | 488b 4908 
  0x000001990754b5a0: 488b 4108 | 807c 1004 | 070f 85df | 0000 0066 | 8b54 d148 | 488b 4928 | 488b 4cd1 | 0851 80b9 
  0x000001990754b5c0: 5b01 0000 | 040f 85c2 | 0000 008b | 5108 f7c2 | 0100 0000 | 0f85 b300 | 0000 498b | 8708 0100 
  0x000001990754b5e0: 0048 8d1c | 1049 3b9f | 1801 0000 | 0f87 9b00 | 0000 4989 | 9f08 0100 | 00e9 0000 | 0000 4883 
  0x000001990754b600: ea10 0f84 | 0f00 0000 | 33c9 c1ea | 0348 894c | d008 48ff | ca75 f648 | c700 0100 | 0000 5933 
  0x000001990754b620: f689 700c | 49ba 0000 | 0000 0800 | 0000 492b | ca89 4808 | 49ba 3e39 | 90d1 fd7f | 0000 4180 
  0x000001990754b640: 3a00 0f84 | 4000 0000 | 5048 8bc8 | 4883 ec20 | f7c4 0f00 | 0000 0f84 | 1a00 0000 | 4883 ec08 
  0x000001990754b660: 49ba f0ec | 45d1 fd7f | 0000 41ff | d248 83c4 | 08e9 0d00 | 0000 49ba | f0ec 45d1 | fd7f 0000 
  0x000001990754b680: 41ff d248 | 83c4 2058 | e9cd 0000 | 0059 488b | 55e8 488b | 5208 488b | 5208 450f | b745 0141 
  0x000001990754b6a0: 0fc8 41c1 | e810 e805 | 0000 00e9 | aa00 0000 | 488d 4424 | 084c 896d | c049 8bcf | c5f8 7749 
  0x000001990754b6c0: 89af a802 | 0000 4989 | 8798 0200 | 0048 83ec | 20f7 c40f | 0000 000f | 841a 0000 | 0048 83ec 
  0x000001990754b6e0: 0849 ba80 | 820f d1fd | 7f00 0041 | ffd2 4883 | c408 e90d | 0000 0049 | ba80 820f | d1fd 7f00 
  0x000001990754b700: 0041 ffd2 | 4883 c420 | 49c7 8798 | 0200 0000 | 0000 0049 | c787 a802 | 0000 0000 | 0000 49c7 
  0x000001990754b720: 87a0 0200 | 0000 0000 | 00c5 f877 | 4981 7f08 | 0000 0000 | 0f84 0500 | 0000 e9c1 | 57fe ff49 
  0x000001990754b740: 8b87 f002 | 0000 49c7 | 87f0 0200 | 0000 0000 | 004c 8b6d | c04c 8b75 | c8c3 410f | b65d 0349 
  0x000001990754b760: 83c5 0349 | ba40 9f92 | d1fd 7f00 | 0041 ff24 | da0f 1f80 | 0000 0000 | 0000 0000 | 0000 0000 
[/MachCode]

---------------  P R O C E S S  ---------------

Threads class SMR info:
_java_thread_list=0x000001997fbfbed0, length=10, elements={
0x0000019970b2ac60, 0x000001997fbf6e80, 0x000001997fbf9100, 0x000001991140e430,
0x000001991140ed00, 0x0000019911410140, 0x00000199114148a0, 0x00000199114189d0,
0x0000019911426660, 0x000001991142a1c0
}

Java Threads: ( => current thread )
=>0x0000019970b2ac60 JavaThread "main" [_thread_in_vm, id=9184, stack(0x0000002572300000,0x0000002572400000)]
  0x000001997fbf6e80 JavaThread "Reference Handler" daemon [_thread_blocked, id=7036, stack(0x0000002572a00000,0x0000002572b00000)]
  0x000001997fbf9100 JavaThread "Finalizer" daemon [_thread_blocked, id=22428, stack(0x0000002572b00000,0x0000002572c00000)]
  0x000001991140e430 JavaThread "Signal Dispatcher" daemon [_thread_blocked, id=9528, stack(0x0000002572c00000,0x0000002572d00000)]
  0x000001991140ed00 JavaThread "Attach Listener" daemon [_thread_blocked, id=18608, stack(0x0000002572d00000,0x0000002572e00000)]
  0x0000019911410140 JavaThread "Service Thread" daemon [_thread_blocked, id=23080, stack(0x0000002572e00000,0x0000002572f00000)]
  0x00000199114148a0 JavaThread "Monitor Deflation Thread" daemon [_thread_blocked, id=19680, stack(0x0000002572f00000,0x0000002573000000)]
  0x00000199114189d0 JavaThread "C2 CompilerThread0" daemon [_thread_blocked, id=22580, stack(0x0000002573000000,0x0000002573100000)]
  0x0000019911426660 JavaThread "C1 CompilerThread0" daemon [_thread_blocked, id=16684, stack(0x0000002573100000,0x0000002573200000)]
  0x000001991142a1c0 JavaThread "Sweeper thread" daemon [_thread_blocked, id=8012, stack(0x0000002573200000,0x0000002573300000)]

Other Threads:
  0x000001997fc1d540 VMThread "VM Thread" [stack: 0x0000002572900000,0x0000002572a00000] [id=23284]
  0x0000019970b982b0 GCTaskThread "GC Thread#0" [stack: 0x0000002572400000,0x0000002572500000] [id=12484]
  0x0000019970ba9860 ConcurrentGCThread "G1 Main Marker" [stack: 0x0000002572500000,0x0000002572600000] [id=10736]
  0x0000019970baa190 ConcurrentGCThread "G1 Conc#0" [stack: 0x0000002572600000,0x0000002572700000] [id=2356]
  0x0000019970bde0f0 ConcurrentGCThread "G1 Refine#0" [stack: 0x0000002572700000,0x0000002572800000] [id=10012]
  0x0000019970bde8d0 ConcurrentGCThread "G1 Service" [stack: 0x0000002572800000,0x0000002572900000] [id=23156]

Threads with active compile tasks:

VM state: not at safepoint (normal execution)

VM Mutex/Monitor currently owned by a thread: None

Heap address: 0x0000000705800000, size: 4008 MB, Compressed Oops mode: Zero based, Oop shift amount: 3

CDS archive(s) not mapped
Compressed class space mapped at: 0x0000000800000000-0x0000000840000000, reserved size: 1073741824
Narrow klass base: 0x0000000800000000, Narrow klass shift: 0, Narrow klass range: 0x40000000

GC Precious Log:
 CPUs: 8 total, 8 available
 Memory: 16026M
 Large Page Support: Disabled
 NUMA Support: Disabled
 Compressed Oops: Enabled (Zero based)
 Heap Region Size: 2M
 Heap Min Capacity: 8M
 Heap Initial Capacity: 252M
 Heap Max Capacity: 4008M
 Pre-touch: Disabled
 Parallel Workers: 8
 Concurrent Workers: 2
 Concurrent Refinement Workers: 8
 Periodic GC: Disabled

Heap:
 garbage-first heap   total 258048K, used 0K [0x0000000705800000, 0x0000000800000000)
  region size 2048K, 1 young (2048K), 0 survivors (0K)
 Metaspace       used 3032K, committed 3072K, reserved 1114112K
  class space    used 232K, committed 256K, reserved 1048576K

Heap Regions: E=young(eden), S=young(survivor), O=old, HS=humongous(starts), HC=humongous(continues), CS=collection set, F=free, OA=open archive, CA=closed archive, TAMS=top-at-mark-start (previous, next)
|   0|0x0000000705800000, 0x0000000705800000, 0x0000000705a00000|  0%| F|  |TAMS 0x0000000705800000, 0x0000000705800000| Untracked 
|   1|0x0000000705a00000, 0x0000000705a00000, 0x0000000705c00000|  0%| F|  |TAMS 0x0000000705a00000, 0x0000000705a00000| Untracked 
|   2|0x0000000705c00000, 0x0000000705c00000, 0x0000000705e00000|  0%| F|  |TAMS 0x0000000705c00000, 0x0000000705c00000| Untracked 
|   3|0x0000000705e00000, 0x0000000705e00000, 0x0000000706000000|  0%| F|  |TAMS 0x0000000705e00000, 0x0000000705e00000| Untracked 
|   4|0x0000000706000000, 0x0000000706000000, 0x0000000706200000|  0%| F|  |TAMS 0x0000000706000000, 0x0000000706000000| Untracked 
|   5|0x0000000706200000, 0x0000000706200000, 0x0000000706400000|  0%| F|  |TAMS 0x0000000706200000, 0x0000000706200000| Untracked 
|   6|0x0000000706400000, 0x0000000706400000, 0x0000000706600000|  0%| F|  |TAMS 0x0000000706400000, 0x0000000706400000| Untracked 
|   7|0x0000000706600000, 0x0000000706600000, 0x0000000706800000|  0%| F|  |TAMS 0x0000000706600000, 0x0000000706600000| Untracked 
|   8|0x0000000706800000, 0x0000000706800000, 0x0000000706a00000|  0%| F|  |TAMS 0x0000000706800000, 0x0000000706800000| Untracked 
|   9|0x0000000706a00000, 0x0000000706a00000, 0x0000000706c00000|  0%| F|  |TAMS 0x0000000706a00000, 0x0000000706a00000| Untracked 
|  10|0x0000000706c00000, 0x0000000706c00000, 0x0000000706e00000|  0%| F|  |TAMS 0x0000000706c00000, 0x0000000706c00000| Untracked 
|  11|0x0000000706e00000, 0x0000000706e00000, 0x0000000707000000|  0%| F|  |TAMS 0x0000000706e00000, 0x0000000706e00000| Untracked 
|  12|0x0000000707000000, 0x0000000707000000, 0x0000000707200000|  0%| F|  |TAMS 0x0000000707000000, 0x0000000707000000| Untracked 
|  13|0x0000000707200000, 0x0000000707200000, 0x0000000707400000|  0%| F|  |TAMS 0x0000000707200000, 0x0000000707200000| Untracked 
|  14|0x0000000707400000, 0x0000000707400000, 0x0000000707600000|  0%| F|  |TAMS 0x0000000707400000, 0x0000000707400000| Untracked 
|  15|0x0000000707600000, 0x0000000707600000, 0x0000000707800000|  0%| F|  |TAMS 0x0000000707600000, 0x0000000707600000| Untracked 
|  16|0x0000000707800000, 0x0000000707800000, 0x0000000707a00000|  0%| F|  |TAMS 0x0000000707800000, 0x0000000707800000| Untracked 
|  17|0x0000000707a00000, 0x0000000707a00000, 0x0000000707c00000|  0%| F|  |TAMS 0x0000000707a00000, 0x0000000707a00000| Untracked 
|  18|0x0000000707c00000, 0x0000000707c00000, 0x0000000707e00000|  0%| F|  |TAMS 0x0000000707c00000, 0x0000000707c00000| Untracked 
|  19|0x0000000707e00000, 0x0000000707e00000, 0x0000000708000000|  0%| F|  |TAMS 0x0000000707e00000, 0x0000000707e00000| Untracked 
|  20|0x0000000708000000, 0x0000000708000000, 0x0000000708200000|  0%| F|  |TAMS 0x0000000708000000, 0x0000000708000000| Untracked 
|  21|0x0000000708200000, 0x0000000708200000, 0x0000000708400000|  0%| F|  |TAMS 0x0000000708200000, 0x0000000708200000| Untracked 
|  22|0x0000000708400000, 0x0000000708400000, 0x0000000708600000|  0%| F|  |TAMS 0x0000000708400000, 0x0000000708400000| Untracked 
|  23|0x0000000708600000, 0x0000000708600000, 0x0000000708800000|  0%| F|  |TAMS 0x0000000708600000, 0x0000000708600000| Untracked 
|  24|0x0000000708800000, 0x0000000708800000, 0x0000000708a00000|  0%| F|  |TAMS 0x0000000708800000, 0x0000000708800000| Untracked 
|  25|0x0000000708a00000, 0x0000000708a00000, 0x0000000708c00000|  0%| F|  |TAMS 0x0000000708a00000, 0x0000000708a00000| Untracked 
|  26|0x0000000708c00000, 0x0000000708c00000, 0x0000000708e00000|  0%| F|  |TAMS 0x0000000708c00000, 0x0000000708c00000| Untracked 
|  27|0x0000000708e00000, 0x0000000708e00000, 0x0000000709000000|  0%| F|  |TAMS 0x0000000708e00000, 0x0000000708e00000| Untracked 
|  28|0x0000000709000000, 0x0000000709000000, 0x0000000709200000|  0%| F|  |TAMS 0x0000000709000000, 0x0000000709000000| Untracked 
|  29|0x0000000709200000, 0x0000000709200000, 0x0000000709400000|  0%| F|  |TAMS 0x0000000709200000, 0x0000000709200000| Untracked 
|  30|0x0000000709400000, 0x0000000709400000, 0x0000000709600000|  0%| F|  |TAMS 0x0000000709400000, 0x0000000709400000| Untracked 
|  31|0x0000000709600000, 0x0000000709600000, 0x0000000709800000|  0%| F|  |TAMS 0x0000000709600000, 0x0000000709600000| Untracked 
|  32|0x0000000709800000, 0x0000000709800000, 0x0000000709a00000|  0%| F|  |TAMS 0x0000000709800000, 0x0000000709800000| Untracked 
|  33|0x0000000709a00000, 0x0000000709a00000, 0x0000000709c00000|  0%| F|  |TAMS 0x0000000709a00000, 0x0000000709a00000| Untracked 
|  34|0x0000000709c00000, 0x0000000709c00000, 0x0000000709e00000|  0%| F|  |TAMS 0x0000000709c00000, 0x0000000709c00000| Untracked 
|  35|0x0000000709e00000, 0x0000000709e00000, 0x000000070a000000|  0%| F|  |TAMS 0x0000000709e00000, 0x0000000709e00000| Untracked 
|  36|0x000000070a000000, 0x000000070a000000, 0x000000070a200000|  0%| F|  |TAMS 0x000000070a000000, 0x000000070a000000| Untracked 
|  37|0x000000070a200000, 0x000000070a200000, 0x000000070a400000|  0%| F|  |TAMS 0x000000070a200000, 0x000000070a200000| Untracked 
|  38|0x000000070a400000, 0x000000070a400000, 0x000000070a600000|  0%| F|  |TAMS 0x000000070a400000, 0x000000070a400000| Untracked 
|  39|0x000000070a600000, 0x000000070a600000, 0x000000070a800000|  0%| F|  |TAMS 0x000000070a600000, 0x000000070a600000| Untracked 
|  40|0x000000070a800000, 0x000000070a800000, 0x000000070aa00000|  0%| F|  |TAMS 0x000000070a800000, 0x000000070a800000| Untracked 
|  41|0x000000070aa00000, 0x000000070aa00000, 0x000000070ac00000|  0%| F|  |TAMS 0x000000070aa00000, 0x000000070aa00000| Untracked 
|  42|0x000000070ac00000, 0x000000070ac00000, 0x000000070ae00000|  0%| F|  |TAMS 0x000000070ac00000, 0x000000070ac00000| Untracked 
|  43|0x000000070ae00000, 0x000000070ae00000, 0x000000070b000000|  0%| F|  |TAMS 0x000000070ae00000, 0x000000070ae00000| Untracked 
|  44|0x000000070b000000, 0x000000070b000000, 0x000000070b200000|  0%| F|  |TAMS 0x000000070b000000, 0x000000070b000000| Untracked 
|  45|0x000000070b200000, 0x000000070b200000, 0x000000070b400000|  0%| F|  |TAMS 0x000000070b200000, 0x000000070b200000| Untracked 
|  46|0x000000070b400000, 0x000000070b400000, 0x000000070b600000|  0%| F|  |TAMS 0x000000070b400000, 0x000000070b400000| Untracked 
|  47|0x000000070b600000, 0x000000070b600000, 0x000000070b800000|  0%| F|  |TAMS 0x000000070b600000, 0x000000070b600000| Untracked 
|  48|0x000000070b800000, 0x000000070b800000, 0x000000070ba00000|  0%| F|  |TAMS 0x000000070b800000, 0x000000070b800000| Untracked 
|  49|0x000000070ba00000, 0x000000070ba00000, 0x000000070bc00000|  0%| F|  |TAMS 0x000000070ba00000, 0x000000070ba00000| Untracked 
|  50|0x000000070bc00000, 0x000000070bc00000, 0x000000070be00000|  0%| F|  |TAMS 0x000000070bc00000, 0x000000070bc00000| Untracked 
|  51|0x000000070be00000, 0x000000070be00000, 0x000000070c000000|  0%| F|  |TAMS 0x000000070be00000, 0x000000070be00000| Untracked 
|  52|0x000000070c000000, 0x000000070c000000, 0x000000070c200000|  0%| F|  |TAMS 0x000000070c000000, 0x000000070c000000| Untracked 
|  53|0x000000070c200000, 0x000000070c200000, 0x000000070c400000|  0%| F|  |TAMS 0x000000070c200000, 0x000000070c200000| Untracked 
|  54|0x000000070c400000, 0x000000070c400000, 0x000000070c600000|  0%| F|  |TAMS 0x000000070c400000, 0x000000070c400000| Untracked 
|  55|0x000000070c600000, 0x000000070c600000, 0x000000070c800000|  0%| F|  |TAMS 0x000000070c600000, 0x000000070c600000| Untracked 
|  56|0x000000070c800000, 0x000000070c800000, 0x000000070ca00000|  0%| F|  |TAMS 0x000000070c800000, 0x000000070c800000| Untracked 
|  57|0x000000070ca00000, 0x000000070ca00000, 0x000000070cc00000|  0%| F|  |TAMS 0x000000070ca00000, 0x000000070ca00000| Untracked 
|  58|0x000000070cc00000, 0x000000070cc00000, 0x000000070ce00000|  0%| F|  |TAMS 0x000000070cc00000, 0x000000070cc00000| Untracked 
|  59|0x000000070ce00000, 0x000000070ce00000, 0x000000070d000000|  0%| F|  |TAMS 0x000000070ce00000, 0x000000070ce00000| Untracked 
|  60|0x000000070d000000, 0x000000070d000000, 0x000000070d200000|  0%| F|  |TAMS 0x000000070d000000, 0x000000070d000000| Untracked 
|  61|0x000000070d200000, 0x000000070d200000, 0x000000070d400000|  0%| F|  |TAMS 0x000000070d200000, 0x000000070d200000| Untracked 
|  62|0x000000070d400000, 0x000000070d400000, 0x000000070d600000|  0%| F|  |TAMS 0x000000070d400000, 0x000000070d400000| Untracked 
|  63|0x000000070d600000, 0x000000070d600000, 0x000000070d800000|  0%| F|  |TAMS 0x000000070d600000, 0x000000070d600000| Untracked 
|  64|0x000000070d800000, 0x000000070d800000, 0x000000070da00000|  0%| F|  |TAMS 0x000000070d800000, 0x000000070d800000| Untracked 
|  65|0x000000070da00000, 0x000000070da00000, 0x000000070dc00000|  0%| F|  |TAMS 0x000000070da00000, 0x000000070da00000| Untracked 
|  66|0x000000070dc00000, 0x000000070dc00000, 0x000000070de00000|  0%| F|  |TAMS 0x000000070dc00000, 0x000000070dc00000| Untracked 
|  67|0x000000070de00000, 0x000000070de00000, 0x000000070e000000|  0%| F|  |TAMS 0x000000070de00000, 0x000000070de00000| Untracked 
|  68|0x000000070e000000, 0x000000070e000000, 0x000000070e200000|  0%| F|  |TAMS 0x000000070e000000, 0x000000070e000000| Untracked 
|  69|0x000000070e200000, 0x000000070e200000, 0x000000070e400000|  0%| F|  |TAMS 0x000000070e200000, 0x000000070e200000| Untracked 
|  70|0x000000070e400000, 0x000000070e400000, 0x000000070e600000|  0%| F|  |TAMS 0x000000070e400000, 0x000000070e400000| Untracked 
|  71|0x000000070e600000, 0x000000070e600000, 0x000000070e800000|  0%| F|  |TAMS 0x000000070e600000, 0x000000070e600000| Untracked 
|  72|0x000000070e800000, 0x000000070e800000, 0x000000070ea00000|  0%| F|  |TAMS 0x000000070e800000, 0x000000070e800000| Untracked 
|  73|0x000000070ea00000, 0x000000070ea00000, 0x000000070ec00000|  0%| F|  |TAMS 0x000000070ea00000, 0x000000070ea00000| Untracked 
|  74|0x000000070ec00000, 0x000000070ec00000, 0x000000070ee00000|  0%| F|  |TAMS 0x000000070ec00000, 0x000000070ec00000| Untracked 
|  75|0x000000070ee00000, 0x000000070ee00000, 0x000000070f000000|  0%| F|  |TAMS 0x000000070ee00000, 0x000000070ee00000| Untracked 
|  76|0x000000070f000000, 0x000000070f000000, 0x000000070f200000|  0%| F|  |TAMS 0x000000070f000000, 0x000000070f000000| Untracked 
|  77|0x000000070f200000, 0x000000070f200000, 0x000000070f400000|  0%| F|  |TAMS 0x000000070f200000, 0x000000070f200000| Untracked 
|  78|0x000000070f400000, 0x000000070f400000, 0x000000070f600000|  0%| F|  |TAMS 0x000000070f400000, 0x000000070f400000| Untracked 
|  79|0x000000070f600000, 0x000000070f600000, 0x000000070f800000|  0%| F|  |TAMS 0x000000070f600000, 0x000000070f600000| Untracked 
|  80|0x000000070f800000, 0x000000070f800000, 0x000000070fa00000|  0%| F|  |TAMS 0x000000070f800000, 0x000000070f800000| Untracked 
|  81|0x000000070fa00000, 0x000000070fa00000, 0x000000070fc00000|  0%| F|  |TAMS 0x000000070fa00000, 0x000000070fa00000| Untracked 
|  82|0x000000070fc00000, 0x000000070fc00000, 0x000000070fe00000|  0%| F|  |TAMS 0x000000070fc00000, 0x000000070fc00000| Untracked 
|  83|0x000000070fe00000, 0x000000070fe00000, 0x0000000710000000|  0%| F|  |TAMS 0x000000070fe00000, 0x000000070fe00000| Untracked 
|  84|0x0000000710000000, 0x0000000710000000, 0x0000000710200000|  0%| F|  |TAMS 0x0000000710000000, 0x0000000710000000| Untracked 
|  85|0x0000000710200000, 0x0000000710200000, 0x0000000710400000|  0%| F|  |TAMS 0x0000000710200000, 0x0000000710200000| Untracked 
|  86|0x0000000710400000, 0x0000000710400000, 0x0000000710600000|  0%| F|  |TAMS 0x0000000710400000, 0x0000000710400000| Untracked 
|  87|0x0000000710600000, 0x0000000710600000, 0x0000000710800000|  0%| F|  |TAMS 0x0000000710600000, 0x0000000710600000| Untracked 
|  88|0x0000000710800000, 0x0000000710800000, 0x0000000710a00000|  0%| F|  |TAMS 0x0000000710800000, 0x0000000710800000| Untracked 
|  89|0x0000000710a00000, 0x0000000710a00000, 0x0000000710c00000|  0%| F|  |TAMS 0x0000000710a00000, 0x0000000710a00000| Untracked 
|  90|0x0000000710c00000, 0x0000000710c00000, 0x0000000710e00000|  0%| F|  |TAMS 0x0000000710c00000, 0x0000000710c00000| Untracked 
|  91|0x0000000710e00000, 0x0000000710e00000, 0x0000000711000000|  0%| F|  |TAMS 0x0000000710e00000, 0x0000000710e00000| Untracked 
|  92|0x0000000711000000, 0x0000000711000000, 0x0000000711200000|  0%| F|  |TAMS 0x0000000711000000, 0x0000000711000000| Untracked 
|  93|0x0000000711200000, 0x0000000711200000, 0x0000000711400000|  0%| F|  |TAMS 0x0000000711200000, 0x0000000711200000| Untracked 
|  94|0x0000000711400000, 0x0000000711400000, 0x0000000711600000|  0%| F|  |TAMS 0x0000000711400000, 0x0000000711400000| Untracked 
|  95|0x0000000711600000, 0x0000000711600000, 0x0000000711800000|  0%| F|  |TAMS 0x0000000711600000, 0x0000000711600000| Untracked 
|  96|0x0000000711800000, 0x0000000711800000, 0x0000000711a00000|  0%| F|  |TAMS 0x0000000711800000, 0x0000000711800000| Untracked 
|  97|0x0000000711a00000, 0x0000000711a00000, 0x0000000711c00000|  0%| F|  |TAMS 0x0000000711a00000, 0x0000000711a00000| Untracked 
|  98|0x0000000711c00000, 0x0000000711c00000, 0x0000000711e00000|  0%| F|  |TAMS 0x0000000711c00000, 0x0000000711c00000| Untracked 
|  99|0x0000000711e00000, 0x0000000711e00000, 0x0000000712000000|  0%| F|  |TAMS 0x0000000711e00000, 0x0000000711e00000| Untracked 
| 100|0x0000000712000000, 0x0000000712000000, 0x0000000712200000|  0%| F|  |TAMS 0x0000000712000000, 0x0000000712000000| Untracked 
| 101|0x0000000712200000, 0x0000000712200000, 0x0000000712400000|  0%| F|  |TAMS 0x0000000712200000, 0x0000000712200000| Untracked 
| 102|0x0000000712400000, 0x0000000712400000, 0x0000000712600000|  0%| F|  |TAMS 0x0000000712400000, 0x0000000712400000| Untracked 
| 103|0x0000000712600000, 0x0000000712600000, 0x0000000712800000|  0%| F|  |TAMS 0x0000000712600000, 0x0000000712600000| Untracked 
| 104|0x0000000712800000, 0x0000000712800000, 0x0000000712a00000|  0%| F|  |TAMS 0x0000000712800000, 0x0000000712800000| Untracked 
| 105|0x0000000712a00000, 0x0000000712a00000, 0x0000000712c00000|  0%| F|  |TAMS 0x0000000712a00000, 0x0000000712a00000| Untracked 
| 106|0x0000000712c00000, 0x0000000712c00000, 0x0000000712e00000|  0%| F|  |TAMS 0x0000000712c00000, 0x0000000712c00000| Untracked 
| 107|0x0000000712e00000, 0x0000000712e00000, 0x0000000713000000|  0%| F|  |TAMS 0x0000000712e00000, 0x0000000712e00000| Untracked 
| 108|0x0000000713000000, 0x0000000713000000, 0x0000000713200000|  0%| F|  |TAMS 0x0000000713000000, 0x0000000713000000| Untracked 
| 109|0x0000000713200000, 0x0000000713200000, 0x0000000713400000|  0%| F|  |TAMS 0x0000000713200000, 0x0000000713200000| Untracked 
| 110|0x0000000713400000, 0x0000000713400000, 0x0000000713600000|  0%| F|  |TAMS 0x0000000713400000, 0x0000000713400000| Untracked 
| 111|0x0000000713600000, 0x0000000713600000, 0x0000000713800000|  0%| F|  |TAMS 0x0000000713600000, 0x0000000713600000| Untracked 
| 112|0x0000000713800000, 0x0000000713800000, 0x0000000713a00000|  0%| F|  |TAMS 0x0000000713800000, 0x0000000713800000| Untracked 
| 113|0x0000000713a00000, 0x0000000713a00000, 0x0000000713c00000|  0%| F|  |TAMS 0x0000000713a00000, 0x0000000713a00000| Untracked 
| 114|0x0000000713c00000, 0x0000000713c00000, 0x0000000713e00000|  0%| F|  |TAMS 0x0000000713c00000, 0x0000000713c00000| Untracked 
| 115|0x0000000713e00000, 0x0000000713e00000, 0x0000000714000000|  0%| F|  |TAMS 0x0000000713e00000, 0x0000000713e00000| Untracked 
| 116|0x0000000714000000, 0x0000000714000000, 0x0000000714200000|  0%| F|  |TAMS 0x0000000714000000, 0x0000000714000000| Untracked 
| 117|0x0000000714200000, 0x0000000714200000, 0x0000000714400000|  0%| F|  |TAMS 0x0000000714200000, 0x0000000714200000| Untracked 
| 118|0x0000000714400000, 0x0000000714400000, 0x0000000714600000|  0%| F|  |TAMS 0x0000000714400000, 0x0000000714400000| Untracked 
| 119|0x0000000714600000, 0x0000000714600000, 0x0000000714800000|  0%| F|  |TAMS 0x0000000714600000, 0x0000000714600000| Untracked 
| 120|0x0000000714800000, 0x0000000714800000, 0x0000000714a00000|  0%| F|  |TAMS 0x0000000714800000, 0x0000000714800000| Untracked 
| 121|0x0000000714a00000, 0x0000000714a00000, 0x0000000714c00000|  0%| F|  |TAMS 0x0000000714a00000, 0x0000000714a00000| Untracked 
| 122|0x0000000714c00000, 0x0000000714c00000, 0x0000000714e00000|  0%| F|  |TAMS 0x0000000714c00000, 0x0000000714c00000| Untracked 
| 123|0x0000000714e00000, 0x0000000714e00000, 0x0000000715000000|  0%| F|  |TAMS 0x0000000714e00000, 0x0000000714e00000| Untracked 
| 124|0x0000000715000000, 0x0000000715000000, 0x0000000715200000|  0%| F|  |TAMS 0x0000000715000000, 0x0000000715000000| Untracked 
| 125|0x0000000715200000, 0x00000007152e15a8, 0x0000000715400000| 44%| E|  |TAMS 0x0000000715200000, 0x0000000715200000| Complete 

Card table byte_map: [0x0000019976a70000,0x0000019977250000] _byte_map_base: 0x0000019973244000

Marking Bits (Prev, Next): (CMBitMap*) 0x0000019970b987e0, (CMBitMap*) 0x0000019970b98820
 Prev Bits: [0x0000019977a30000, 0x000001997b8d0000)
 Next Bits: [0x000001997b8d0000, 0x000001997f770000)

Polling page: 0x0000019970be0000

Metaspace:

Usage:
  Non-class:      2.73 MB used.
      Class:    232.20 KB used.
       Both:      2.96 MB used.

Virtual space:
  Non-class space:       64.00 MB reserved,       2.75 MB (  4%) committed,  1 nodes.
      Class space:        1.00 GB reserved,     256.00 KB ( <1%) committed,  1 nodes.
             Both:        1.06 GB reserved,       3.00 MB ( <1%) committed. 

Chunk freelists:
   Non-Class:  12.00 MB
       Class:  15.75 MB
        Both:  27.75 MB

MaxMetaspaceSize: unlimited
CompressedClassSpaceSize: 1.00 GB
Initial GC threshold: 21.00 MB
Current GC threshold: 21.00 MB
CDS: off
MetaspaceReclaimPolicy: balanced
 - commit_granule_bytes: 65536.
 - commit_granule_words: 8192.
 - virtual_space_node_default_size: 8388608.
 - enlarge_chunks_in_place: 1.
 - new_chunks_are_fully_committed: 0.
 - uncommit_free_chunks: 1.
 - use_allocation_guard: 0.
 - handle_deallocations: 1.


Internal statistics:

num_allocs_failed_limit: 0.
num_arena_births: 2.
num_arena_deaths: 0.
num_vsnodes_births: 2.
num_vsnodes_deaths: 0.
num_space_committed: 48.
num_space_uncommitted: 0.
num_chunks_returned_to_freelist: 0.
num_chunks_taken_from_freelist: 3.
num_chunk_merges: 0.
num_chunk_splits: 2.
num_chunks_enlarged: 0.
num_inconsistent_stats: 0.

CodeHeap 'non-profiled nmethods': size=120000Kb used=0Kb max_used=0Kb free=120000Kb
 bounds [0x0000019907ad0000, 0x0000019907d40000, 0x000001990f000000]
CodeHeap 'profiled nmethods': size=120000Kb used=2Kb max_used=2Kb free=119997Kb
 bounds [0x0000019900000000, 0x0000019900270000, 0x0000019907530000]
CodeHeap 'non-nmethods': size=5760Kb used=1032Kb max_used=1043Kb free=4727Kb
 bounds [0x0000019907530000, 0x00000199077a0000, 0x0000019907ad0000]
 total_blobs=275 nmethods=1 adapters=188
 compilation: enabled
              stopped_count=0, restarted_count=0
 full_count=0

Compilation events (2 events):
Event: 0.104 Thread 0x0000019911426660    1       3       java.lang.String::charAt (25 bytes)
Event: 0.105 Thread 0x0000019911426660 nmethod 1 0x0000019900000010 code [0x0000019900000200, 0x0000019900000738]

GC Heap History (0 events):
No events

Dll operation events (1 events):
Event: 0.011 Loaded shared library C:\Program Files\Android\Android Studio\jbr\bin\java.dll

Deoptimization events (0 events):
No events

Classes unloaded (0 events):
No events

Classes redefined (0 events):
No events

Internal exceptions (0 events):
No events

VM Operations (0 events):
No events

Events (20 events):
Event: 0.104 loading class java/io/WinNTFileSystem done
Event: 0.104 loading class jdk/internal/module/ModulePatcher
Event: 0.105 loading class jdk/internal/module/ModulePatcher done
Event: 0.105 loading class jdk/internal/module/ModuleBootstrap$Counters
Event: 0.105 loading class jdk/internal/module/ModuleBootstrap$Counters done
Event: 0.105 loading class jdk/internal/module/ArchivedBootLayer
Event: 0.105 loading class jdk/internal/module/ArchivedBootLayer done
Event: 0.105 loading class jdk/internal/module/ArchivedModuleGraph
Event: 0.105 loading class jdk/internal/module/ArchivedModuleGraph done
Event: 0.105 loading class jdk/internal/module/SystemModuleFinders
Event: 0.106 loading class jdk/internal/module/SystemModuleFinders done
Event: 0.106 loading class java/net/URI
Event: 0.106 loading class java/net/URI done
Event: 0.107 loading class java/net/URI$1
Event: 0.107 loading class jdk/internal/access/JavaNetUriAccess
Event: 0.107 loading class jdk/internal/access/JavaNetUriAccess done
Event: 0.107 loading class java/net/URI$1 done
Event: 0.107 loading class jdk/internal/module/SystemModulesMap
Event: 0.107 loading class jdk/internal/module/SystemModulesMap done
Event: 0.107 loading class jdk/internal/module/SystemModules$default


Dynamic libraries:
0x00007ff79cdb0000 - 0x00007ff79cdba000 	C:\Program Files\Android\Android Studio\jbr\bin\java.exe
0x00007ffeba700000 - 0x00007ffeba960000 	C:\WINDOWS\SYSTEM32\ntdll.dll
0x00007ffeb9ce0000 - 0x00007ffeb9da7000 	C:\WINDOWS\System32\KERNEL32.DLL
0x00007ffeb78e0000 - 0x00007ffeb7caa000 	C:\WINDOWS\System32\KERNELBASE.dll
0x00007ffeb8190000 - 0x00007ffeb82db000 	C:\WINDOWS\System32\ucrtbase.dll
0x00007ffe6d290000 - 0x00007ffe6d2ab000 	C:\Program Files\Android\Android Studio\jbr\bin\VCRUNTIME140.dll
0x00007ffe8e3e0000 - 0x00007ffe8e3f7000 	C:\Program Files\Android\Android Studio\jbr\bin\jli.dll
0x00007ffeba470000 - 0x00007ffeba63c000 	C:\WINDOWS\System32\USER32.dll
0x00007ffe92960000 - 0x00007ffe92bf9000 	C:\WINDOWS\WinSxS\amd64_microsoft.windows.common-controls_6595b64144ccf1df_6.0.26100.3575_none_3e0d5430e32ff727\COMCTL32.dll
0x00007ffeb7f60000 - 0x00007ffeb7f87000 	C:\WINDOWS\System32\win32u.dll
0x00007ffeb9f20000 - 0x00007ffeb9fc9000 	C:\WINDOWS\System32\msvcrt.dll
0x00007ffeb96c0000 - 0x00007ffeb96ea000 	C:\WINDOWS\System32\GDI32.dll
0x00007ffeb7e20000 - 0x00007ffeb7f51000 	C:\WINDOWS\System32\gdi32full.dll
0x00007ffeb7cb0000 - 0x00007ffeb7d53000 	C:\WINDOWS\System32\msvcp_win.dll
0x00007ffeb9b50000 - 0x00007ffeb9b7f000 	C:\WINDOWS\System32\IMM32.DLL
0x00007ffe8e3c0000 - 0x00007ffe8e3cc000 	C:\Program Files\Android\Android Studio\jbr\bin\vcruntime140_1.dll
0x00007ffe4da10000 - 0x00007ffe4da9d000 	C:\Program Files\Android\Android Studio\jbr\bin\msvcp140.dll
0x00007ffdd0d70000 - 0x00007ffdd19f3000 	C:\Program Files\Android\Android Studio\jbr\bin\server\jvm.dll
0x00007ffeba3b0000 - 0x00007ffeba462000 	C:\WINDOWS\System32\ADVAPI32.dll
0x00007ffeb9610000 - 0x00007ffeb96b6000 	C:\WINDOWS\System32\sechost.dll
0x00007ffeb9a30000 - 0x00007ffeb9b46000 	C:\WINDOWS\System32\RPCRT4.dll
0x00007ffeb7760000 - 0x00007ffeb77be000 	C:\WINDOWS\SYSTEM32\POWRPROF.dll
0x00007ffeb23d0000 - 0x00007ffeb23da000 	C:\WINDOWS\SYSTEM32\WSOCK32.dll
0x00007ffeae920000 - 0x00007ffeae956000 	C:\WINDOWS\SYSTEM32\WINMM.dll
0x00007ffeb9510000 - 0x00007ffeb9584000 	C:\WINDOWS\System32\WS2_32.dll
0x00007ffea67e0000 - 0x00007ffea67eb000 	C:\WINDOWS\SYSTEM32\VERSION.dll
0x00007ffeb7740000 - 0x00007ffeb7754000 	C:\WINDOWS\SYSTEM32\UMPDC.dll
0x00007ffeb66f0000 - 0x00007ffeb670a000 	C:\WINDOWS\SYSTEM32\kernel.appcore.dll
0x00007ffeb23c0000 - 0x00007ffeb23ca000 	C:\Program Files\Android\Android Studio\jbr\bin\jimage.dll
0x00007ffeb4bc0000 - 0x00007ffeb4e01000 	C:\WINDOWS\SYSTEM32\DBGHELP.DLL
0x00007ffeb9fd0000 - 0x00007ffeba353000 	C:\WINDOWS\System32\combase.dll
0x00007ffeb9260000 - 0x00007ffeb9336000 	C:\WINDOWS\System32\OLEAUT32.dll
0x00007ffe81180000 - 0x00007ffe811b9000 	C:\WINDOWS\SYSTEM32\dbgcore.DLL
0x00007ffeb8460000 - 0x00007ffeb84f9000 	C:\WINDOWS\System32\bcryptPrimitives.dll
0x00007ffe909d0000 - 0x00007ffe909f5000 	C:\Program Files\Android\Android Studio\jbr\bin\java.dll
0x00007ffe8f2e0000 - 0x00007ffe8f2f8000 	C:\Program Files\Android\Android Studio\jbr\bin\zip.dll
0x00007ffeb8a30000 - 0x00007ffeb9159000 	C:\WINDOWS\System32\SHELL32.dll
0x00007ffeb7f90000 - 0x00007ffeb80f8000 	C:\WINDOWS\System32\wintypes.dll
0x00007ffeb5550000 - 0x00007ffeb5da3000 	C:\WINDOWS\SYSTEM32\windows.storage.dll
0x00007ffeb9e20000 - 0x00007ffeb9f0d000 	C:\WINDOWS\System32\SHCORE.dll
0x00007ffeb9db0000 - 0x00007ffeb9e15000 	C:\WINDOWS\System32\shlwapi.dll
0x00007ffeb77f0000 - 0x00007ffeb781f000 	C:\WINDOWS\SYSTEM32\profapi.dll

dbghelp: loaded successfully - version: 4.0.5 - missing functions: none
symbol engine: initialized successfully - sym options: 0x614 - pdb path: .;C:\Program Files\Android\Android Studio\jbr\bin;C:\WINDOWS\SYSTEM32;C:\WINDOWS\WinSxS\amd64_microsoft.windows.common-controls_6595b64144ccf1df_6.0.26100.3575_none_3e0d5430e32ff727;C:\Program Files\Android\Android Studio\jbr\bin\server

VM Arguments:
jvm_args: -Dorg.gradle.appname=gradlew 
java_command: org.gradle.wrapper.GradleWrapperMain -q -Ptarget-platform=android-x64 -Ptarget=D:\Workspace\HTC\csam_mobile\lib\main.dart -Pbase-application-name=android.app.Application -Pdart-defines=Zmx1dHRlci5pbnNwZWN0b3Iuc3RydWN0dXJlZEVycm9ycz10cnVl,RkxVVFRFUl9WRVJTSU9OPTMuMzUuMw==,RkxVVFRFUl9DSEFOTkVMPXN0YWJsZQ==,RkxVVFRFUl9HSVRfVVJMPWh0dHBzOi8vZ2l0aHViLmNvbS9mbHV0dGVyL2ZsdXR0ZXIuZ2l0,RkxVVFRFUl9GUkFNRVdPUktfUkVWSVNJT049YTQwMmQ5YTQzNw==,RkxVVFRFUl9FTkdJTkVfUkVWSVNJT049ZGRmNDdkZDNmZg==,RkxVVFRFUl9EQVJUX1ZFUlNJT049My45LjI= -Pdart-obfuscation=false -Ptrack-widget-creation=true -Ptree-shake-icons=false -Pfilesystem-scheme=org-dartlang-root assembleDebug
java_class_path (initial): D:\Workspace\HTC\csam_mobile\android\\gradle\wrapper\gradle-wrapper.jar
Launcher Type: SUN_STANDARD

[Global flags]
     intx CICompilerCount                          = 4                                         {product} {ergonomic}
     uint ConcGCThreads                            = 2                                         {product} {ergonomic}
     uint G1ConcRefinementThreads                  = 8                                         {product} {ergonomic}
   size_t G1HeapRegionSize                         = 2097152                                   {product} {ergonomic}
    uintx GCDrainStackTargetSize                   = 64                                        {product} {ergonomic}
   size_t InitialHeapSize                          = 264241152                                 {product} {ergonomic}
   size_t MarkStackSize                            = 4194304                                   {product} {ergonomic}
   size_t MaxHeapSize                              = 4202692608                                {product} {ergonomic}
   size_t MaxNewSize                               = 2520776704                                {product} {ergonomic}
   size_t MinHeapDeltaBytes                        = 2097152                                   {product} {ergonomic}
   size_t MinHeapSize                              = 8388608                                   {product} {ergonomic}
    uintx NonNMethodCodeHeapSize                   = 5839372                                {pd product} {ergonomic}
    uintx NonProfiledCodeHeapSize                  = 122909434                              {pd product} {ergonomic}
    uintx ProfiledCodeHeapSize                     = 122909434                              {pd product} {ergonomic}
    uintx ReservedCodeCacheSize                    = 251658240                              {pd product} {ergonomic}
     bool SegmentedCodeCache                       = true                                      {product} {ergonomic}
   size_t SoftMaxHeapSize                          = 4202692608                             {manageable} {ergonomic}
     bool UseCompressedClassPointers               = true                           {product lp64_product} {ergonomic}
     bool UseCompressedOops                        = true                           {product lp64_product} {ergonomic}
     bool UseG1GC                                  = true                                      {product} {ergonomic}
     bool UseLargePagesIndividualAllocation        = false                                  {pd product} {ergonomic}

Logging:
Log output configuration:
 #0: stdout all=warning uptime,level,tags
 #1: stderr all=off uptime,level,tags

Environment Variables:
JAVA_HOME=C:\Program Files\Android\Android Studio\jbr
CLASSPATH=D:\Workspace\HTC\csam_mobile\android\\gradle\wrapper\gradle-wrapper.jar
PATH=C:\Program Files\Android\Android Studio\jbr\bin;C:\Program Files (x86)\Common Files\Oracle\Java\javapath;C:\WINDOWS\system32;C:\WINDOWS;C:\WINDOWS\System32\Wbem;C:\WINDOWS\System32\WindowsPowerShell\v1.0\;C:\WINDOWS\System32\OpenSSH\;C:\Program Files\Microsoft SQL Server\150\Tools\Binn\;C:\Program Files\Microsoft SQL Server\Client SDK\ODBC\170\Tools\Binn\;C:\Program Files\dotnet\;C:\Program Files (x86)\Microsoft SQL Server\150\Tools\Binn\;C:\Program Files\Microsoft SQL Server\150\DTS\Binn\;C:\Program Files (x86)\Microsoft SQL Server\150\DTS\Binn\;C:\Program Files\Azure Data Studio\bin;D:\DangHieu\cogang\Git\cmd;D:\Java\jdk1.8.0_202\bin;C:\Users\ayenl\AppData\Local\Microsoft\WindowsApps;C:\Users\ayenl\.dotnet\tools;D:\src\flutter\bin;;C:\Users\ayenl\AppData\Local\Programs\Microsoft VS Code\bin;C:\Program Files\Azure Data Studio\bin;D:\src\flutter\bin\mingit\cmd
USERNAME=hiudayyy
OS=Windows_NT
PROCESSOR_IDENTIFIER=Intel64 Family 6 Model 140 Stepping 1, GenuineIntel
TMP=C:\Users\ayenl\AppData\Local\Temp
TEMP=C:\Users\ayenl\AppData\Local\Temp



Periodic native trim disabled

JNI global refs:
JNI global refs: 6, weak refs: 0

JNI global refs memory usage: 843, weak refs: 209

OOME stack traces (most recent first):
Classloader memory used:
Loader bootstrap                                                                       : 379K


---------------  S Y S T E M  ---------------

OS:
 Windows 11 , 64 bit Build 26100 (10.0.26100.3575)
OS uptime: 0 days 0:47 hours
Hyper-V role detected

CPU: total 8 (initial active 8) (4 cores per cpu, 2 threads per core) family 6 model 140 stepping 1 microcode 0xb4, cx8, cmov, fxsr, ht, mmx, 3dnowpref, sse, sse2, sse3, ssse3, sse4.1, sse4.2, popcnt, lzcnt, tsc, tscinvbit, avx, avx2, aes, erms, clmul, bmi1, bmi2, adx, avx512f, avx512dq, avx512cd, avx512bw, avx512vl, sha, fma, vzeroupper, avx512_vpopcntdq, avx512_vpclmulqdq, avx512_vaes, avx512_vnni, clflush, clflushopt, clwb, avx512_vbmi2, avx512_vbmi, hv
Processor Information for all 8 processors :
  Max Mhz: 2701, Current Mhz: 2701, Mhz Limit: 2701

Memory: 4k page, system-wide physical 16026M (1251M free)
TotalPageFile size 24660M (AvailPageFile size 134M)
current process WorkingSet (physical memory assigned to process): 28M, peak: 28M
current process commit charge ("private bytes"): 330M, peak: 331M

vm_info: OpenJDK 64-Bit Server VM (17.0.9+0--11185874) for windows-amd64 JRE (17.0.9+0--11185874), built on Dec  6 2023 18:57:44 by "androidbuild" with MS VC++ 16.10 / 16.11 (VS2019)

END.
