#
# There is insufficient memory for the Java Runtime Environment to continue.
# Native memory allocation (mmap) failed to map 65536 bytes for Failed to commit metaspace.
# Possible reasons:
#   The system is out of physical RAM or swap space
#   The process is running with CompressedOops enabled, and the Java Heap may be blocking the growth of the native heap
# Possible solutions:
#   Reduce memory load on the system
#   Increase physical memory or swap space
#   Check if swap backing store is full
#   Decrease Java heap size (-Xmx/-Xms)
#   Decrease number of Java threads
#   Decrease Java thread stack sizes (-Xss)
#   Set larger code cache with -XX:ReservedCodeCacheSize=
#   JVM is running with Zero Based Compressed Oops mode in which the Java heap is
#     placed in the first 32GB address space. The Java Heap base address is the
#     maximum limit for the native heap growth. Please use -XX:HeapBaseMinAddress
#     to set the Java Heap base and to place the Java Heap above 32GB virtual address.
# This output file may be truncated or incomplete.
#
#  Out of Memory Error (virtualSpaceNode.cpp:110), pid=11408, tid=20992
#
# JRE version: OpenJDK Runtime Environment (17.0.9) (build 17.0.9+0--11185874)
# Java VM: OpenJDK 64-Bit Server VM (17.0.9+0--11185874, mixed mode, tiered, compressed oops, compressed class ptrs, g1 gc, windows-amd64)
# No core dump will be written. Minidumps are not enabled by default on client versions of Windows
#

---------------  S U M M A R Y ------------

Command Line: -Dorg.gradle.appname=gradlew org.gradle.wrapper.GradleWrapperMain -q -Ptarget-platform=android-x64 -Ptarget=D:\Workspace\HTC\csam_mobile\lib\main.dart -Pbase-application-name=android.app.Application -Pdart-defines=Zmx1dHRlci5pbnNwZWN0b3Iuc3RydWN0dXJlZEVycm9ycz10cnVl,RkxVVFRFUl9WRVJTSU9OPTMuMzUuMw==,RkxVVFRFUl9DSEFOTkVMPXN0YWJsZQ==,RkxVVFRFUl9HSVRfVVJMPWh0dHBzOi8vZ2l0aHViLmNvbS9mbHV0dGVyL2ZsdXR0ZXIuZ2l0,RkxVVFRFUl9GUkFNRVdPUktfUkVWSVNJT049YTQwMmQ5YTQzNw==,RkxVVFRFUl9FTkdJTkVfUkVWSVNJT049ZGRmNDdkZDNmZg==,RkxVVFRFUl9EQVJUX1ZFUlNJT049My45LjI= -Pdart-obfuscation=false -Ptrack-widget-creation=true -Ptree-shake-icons=false -Pfilesystem-scheme=org-dartlang-root assembleDebug

Host: 11th Gen Intel(R) Core(TM) i7-1165G7 @ 2.80GHz, 8 cores, 15G,  Windows 11 , 64 bit Build 26100 (10.0.26100.3575)
Time: Wed Sep 10 10:02:28 2025 SE Asia Standard Time elapsed time: 0.720511 seconds (0d 0h 0m 0s)

---------------  T H R E A D  ---------------

Current thread (0x0000013b18e0b3c0):  JavaThread "C1 CompilerThread0" daemon [_thread_in_vm, id=20992, stack(0x00000025bd900000,0x00000025bda00000)]


Current CompileTask:
C1:    720  511       3       java.io.File::equals (28 bytes)

Stack: [0x00000025bd900000,0x00000025bda00000]
Native frames: (J=compiled Java code, j=interpreted, Vv=VM code, C=native code)
V  [jvm.dll+0x6886e9]
V  [jvm.dll+0x841e4a]
V  [jvm.dll+0x843a8e]
V  [jvm.dll+0x8440f3]
V  [jvm.dll+0x24c14f]
V  [jvm.dll+0x83ce2b]
V  [jvm.dll+0x62cae6]
V  [jvm.dll+0x62cb4a]
V  [jvm.dll+0x62f37a]
V  [jvm.dll+0x62d486]
V  [jvm.dll+0x63e82a]
V  [jvm.dll+0x6375aa]
V  [jvm.dll+0x1cf180]
V  [jvm.dll+0x1cf370]
V  [jvm.dll+0x1491d1]
V  [jvm.dll+0x149015]
V  [jvm.dll+0x14084e]
V  [jvm.dll+0x142e05]
V  [jvm.dll+0x140fec]
V  [jvm.dll+0x149aed]
V  [jvm.dll+0x149015]
V  [jvm.dll+0x14084e]
V  [jvm.dll+0x142e05]
V  [jvm.dll+0x1410e4]
V  [jvm.dll+0x13b05f]
V  [jvm.dll+0x14ac76]
V  [jvm.dll+0x136760]
V  [jvm.dll+0x136ac0]
V  [jvm.dll+0x136d86]
V  [jvm.dll+0x13621a]
V  [jvm.dll+0x137ed1]
V  [jvm.dll+0x22d088]
V  [jvm.dll+0x22b1c0]
V  [jvm.dll+0x7f62f7]
V  [jvm.dll+0x7f06aa]
V  [jvm.dll+0x687565]
C  [ucrtbase.dll+0x37b0]
C  [KERNEL32.DLL+0x2e8d7]
C  [ntdll.dll+0xb14fc]


---------------  P R O C E S S  ---------------

Threads class SMR info:
_java_thread_list=0x0000013b193ae360, length=14, elements={
0x0000013b7a28e170, 0x0000013b18dfb250, 0x0000013b18dfcd30, 0x0000013b18e08440,
0x0000013b18e08d10, 0x0000013b18e095e0, 0x0000013b18e09eb0, 0x0000013b18e0aab0,
0x0000013b18e0b3c0, 0x0000013b18e0d750, 0x0000013b18fc4e50, 0x0000013b18fcf5f0,
0x0000013b1940a420, 0x0000013b193d5f80
}

Java Threads: ( => current thread )
  0x0000013b7a28e170 JavaThread "main" [_thread_in_vm, id=20812, stack(0x00000025bcb00000,0x00000025bcc00000)]
  0x0000013b18dfb250 JavaThread "Reference Handler" daemon [_thread_blocked, id=7464, stack(0x00000025bd200000,0x00000025bd300000)]
  0x0000013b18dfcd30 JavaThread "Finalizer" daemon [_thread_blocked, id=19972, stack(0x00000025bd300000,0x00000025bd400000)]
  0x0000013b18e08440 JavaThread "Signal Dispatcher" daemon [_thread_blocked, id=4560, stack(0x00000025bd400000,0x00000025bd500000)]
  0x0000013b18e08d10 JavaThread "Attach Listener" daemon [_thread_blocked, id=22064, stack(0x00000025bd500000,0x00000025bd600000)]
  0x0000013b18e095e0 JavaThread "Service Thread" daemon [_thread_blocked, id=9472, stack(0x00000025bd600000,0x00000025bd700000)]
  0x0000013b18e09eb0 JavaThread "Monitor Deflation Thread" daemon [_thread_blocked, id=11132, stack(0x00000025bd700000,0x00000025bd800000)]
  0x0000013b18e0aab0 JavaThread "C2 CompilerThread0" daemon [_thread_blocked, id=4696, stack(0x00000025bd800000,0x00000025bd900000)]
=>0x0000013b18e0b3c0 JavaThread "C1 CompilerThread0" daemon [_thread_in_vm, id=20992, stack(0x00000025bd900000,0x00000025bda00000)]
  0x0000013b18e0d750 JavaThread "Sweeper thread" daemon [_thread_blocked, id=4004, stack(0x00000025bda00000,0x00000025bdb00000)]
  0x0000013b18fc4e50 JavaThread "Notification Thread" daemon [_thread_blocked, id=4648, stack(0x00000025bdb00000,0x00000025bdc00000)]
  0x0000013b18fcf5f0 JavaThread "Common-Cleaner" daemon [_thread_blocked, id=23208, stack(0x00000025bdd00000,0x00000025bde00000)]
  0x0000013b1940a420 JavaThread "C2 CompilerThread1" daemon [_thread_in_native, id=10288, stack(0x00000025bde00000,0x00000025bdf00000)]
  0x0000013b193d5f80 JavaThread "C2 CompilerThread2" daemon [_thread_blocked, id=20940, stack(0x00000025bdf00000,0x00000025be000000)]

Other Threads:
  0x0000013b7fa84390 VMThread "VM Thread" [stack: 0x00000025bd100000,0x00000025bd200000] [id=3952]
  0x0000013b18fc5330 WatcherThread [stack: 0x00000025bdc00000,0x00000025bdd00000] [id=10256]
  0x0000013b7a2f7b50 GCTaskThread "GC Thread#0" [stack: 0x00000025bcc00000,0x00000025bcd00000] [id=7872]
  0x0000013b7a309100 ConcurrentGCThread "G1 Main Marker" [stack: 0x00000025bcd00000,0x00000025bce00000] [id=21736]
  0x0000013b7a30a8e0 ConcurrentGCThread "G1 Conc#0" [stack: 0x00000025bce00000,0x00000025bcf00000] [id=2112]
  0x0000013b7a33e760 ConcurrentGCThread "G1 Refine#0" [stack: 0x00000025bcf00000,0x00000025bd000000] [id=21848]
  0x0000013b7f96e010 ConcurrentGCThread "G1 Service" [stack: 0x00000025bd000000,0x00000025bd100000] [id=9240]

Threads with active compile tasks:
C1 CompilerThread0      769  511       3       java.io.File::equals (28 bytes)
C2 CompilerThread1      769  497       4       java.util.HashSet::add (20 bytes)

VM state: not at safepoint (normal execution)

VM Mutex/Monitor currently owned by a thread:  ([mutex/lock_event])
[0x0000013b78096d60] Metaspace_lock - owner thread: 0x0000013b18e0b3c0
[0x0000013b7a28d380] MethodData_lock - owner thread: 0x0000013b18e0b3c0

Heap address: 0x0000000705800000, size: 4008 MB, Compressed Oops mode: Zero based, Oop shift amount: 3

CDS archive(s) not mapped
Compressed class space mapped at: 0x0000000800000000-0x0000000840000000, reserved size: 1073741824
Narrow klass base: 0x0000000800000000, Narrow klass shift: 0, Narrow klass range: 0x40000000

GC Precious Log:
 CPUs: 8 total, 8 available
 Memory: 16026M
 Large Page Support: Disabled
 NUMA Support: Disabled
 Compressed Oops: Enabled (Zero based)
 Heap Region Size: 2M
 Heap Min Capacity: 8M
 Heap Initial Capacity: 252M
 Heap Max Capacity: 4008M
 Pre-touch: Disabled
 Parallel Workers: 8
 Concurrent Workers: 2
 Concurrent Refinement Workers: 8
 Periodic GC: Disabled

Heap:
 garbage-first heap   total 258048K, used 20480K [0x0000000705800000, 0x0000000800000000)
  region size 2048K, 11 young (22528K), 0 survivors (0K)
 Metaspace       used 8268K, committed 8320K, reserved 1114112K
  class space    used 725K, committed 768K, reserved 1048576K

Heap Regions: E=young(eden), S=young(survivor), O=old, HS=humongous(starts), HC=humongous(continues), CS=collection set, F=free, OA=open archive, CA=closed archive, TAMS=top-at-mark-start (previous, next)
|   0|0x0000000705800000, 0x0000000705800000, 0x0000000705a00000|  0%| F|  |TAMS 0x0000000705800000, 0x0000000705800000| Untracked 
|   1|0x0000000705a00000, 0x0000000705a00000, 0x0000000705c00000|  0%| F|  |TAMS 0x0000000705a00000, 0x0000000705a00000| Untracked 
|   2|0x0000000705c00000, 0x0000000705c00000, 0x0000000705e00000|  0%| F|  |TAMS 0x0000000705c00000, 0x0000000705c00000| Untracked 
|   3|0x0000000705e00000, 0x0000000705e00000, 0x0000000706000000|  0%| F|  |TAMS 0x0000000705e00000, 0x0000000705e00000| Untracked 
|   4|0x0000000706000000, 0x0000000706000000, 0x0000000706200000|  0%| F|  |TAMS 0x0000000706000000, 0x0000000706000000| Untracked 
|   5|0x0000000706200000, 0x0000000706200000, 0x0000000706400000|  0%| F|  |TAMS 0x0000000706200000, 0x0000000706200000| Untracked 
|   6|0x0000000706400000, 0x0000000706400000, 0x0000000706600000|  0%| F|  |TAMS 0x0000000706400000, 0x0000000706400000| Untracked 
|   7|0x0000000706600000, 0x0000000706600000, 0x0000000706800000|  0%| F|  |TAMS 0x0000000706600000, 0x0000000706600000| Untracked 
|   8|0x0000000706800000, 0x0000000706800000, 0x0000000706a00000|  0%| F|  |TAMS 0x0000000706800000, 0x0000000706800000| Untracked 
|   9|0x0000000706a00000, 0x0000000706a00000, 0x0000000706c00000|  0%| F|  |TAMS 0x0000000706a00000, 0x0000000706a00000| Untracked 
|  10|0x0000000706c00000, 0x0000000706c00000, 0x0000000706e00000|  0%| F|  |TAMS 0x0000000706c00000, 0x0000000706c00000| Untracked 
|  11|0x0000000706e00000, 0x0000000706e00000, 0x0000000707000000|  0%| F|  |TAMS 0x0000000706e00000, 0x0000000706e00000| Untracked 
|  12|0x0000000707000000, 0x0000000707000000, 0x0000000707200000|  0%| F|  |TAMS 0x0000000707000000, 0x0000000707000000| Untracked 
|  13|0x0000000707200000, 0x0000000707200000, 0x0000000707400000|  0%| F|  |TAMS 0x0000000707200000, 0x0000000707200000| Untracked 
|  14|0x0000000707400000, 0x0000000707400000, 0x0000000707600000|  0%| F|  |TAMS 0x0000000707400000, 0x0000000707400000| Untracked 
|  15|0x0000000707600000, 0x0000000707600000, 0x0000000707800000|  0%| F|  |TAMS 0x0000000707600000, 0x0000000707600000| Untracked 
|  16|0x0000000707800000, 0x0000000707800000, 0x0000000707a00000|  0%| F|  |TAMS 0x0000000707800000, 0x0000000707800000| Untracked 
|  17|0x0000000707a00000, 0x0000000707a00000, 0x0000000707c00000|  0%| F|  |TAMS 0x0000000707a00000, 0x0000000707a00000| Untracked 
|  18|0x0000000707c00000, 0x0000000707c00000, 0x0000000707e00000|  0%| F|  |TAMS 0x0000000707c00000, 0x0000000707c00000| Untracked 
|  19|0x0000000707e00000, 0x0000000707e00000, 0x0000000708000000|  0%| F|  |TAMS 0x0000000707e00000, 0x0000000707e00000| Untracked 
|  20|0x0000000708000000, 0x0000000708000000, 0x0000000708200000|  0%| F|  |TAMS 0x0000000708000000, 0x0000000708000000| Untracked 
|  21|0x0000000708200000, 0x0000000708200000, 0x0000000708400000|  0%| F|  |TAMS 0x0000000708200000, 0x0000000708200000| Untracked 
|  22|0x0000000708400000, 0x0000000708400000, 0x0000000708600000|  0%| F|  |TAMS 0x0000000708400000, 0x0000000708400000| Untracked 
|  23|0x0000000708600000, 0x0000000708600000, 0x0000000708800000|  0%| F|  |TAMS 0x0000000708600000, 0x0000000708600000| Untracked 
|  24|0x0000000708800000, 0x0000000708800000, 0x0000000708a00000|  0%| F|  |TAMS 0x0000000708800000, 0x0000000708800000| Untracked 
|  25|0x0000000708a00000, 0x0000000708a00000, 0x0000000708c00000|  0%| F|  |TAMS 0x0000000708a00000, 0x0000000708a00000| Untracked 
|  26|0x0000000708c00000, 0x0000000708c00000, 0x0000000708e00000|  0%| F|  |TAMS 0x0000000708c00000, 0x0000000708c00000| Untracked 
|  27|0x0000000708e00000, 0x0000000708e00000, 0x0000000709000000|  0%| F|  |TAMS 0x0000000708e00000, 0x0000000708e00000| Untracked 
|  28|0x0000000709000000, 0x0000000709000000, 0x0000000709200000|  0%| F|  |TAMS 0x0000000709000000, 0x0000000709000000| Untracked 
|  29|0x0000000709200000, 0x0000000709200000, 0x0000000709400000|  0%| F|  |TAMS 0x0000000709200000, 0x0000000709200000| Untracked 
|  30|0x0000000709400000, 0x0000000709400000, 0x0000000709600000|  0%| F|  |TAMS 0x0000000709400000, 0x0000000709400000| Untracked 
|  31|0x0000000709600000, 0x0000000709600000, 0x0000000709800000|  0%| F|  |TAMS 0x0000000709600000, 0x0000000709600000| Untracked 
|  32|0x0000000709800000, 0x0000000709800000, 0x0000000709a00000|  0%| F|  |TAMS 0x0000000709800000, 0x0000000709800000| Untracked 
|  33|0x0000000709a00000, 0x0000000709a00000, 0x0000000709c00000|  0%| F|  |TAMS 0x0000000709a00000, 0x0000000709a00000| Untracked 
|  34|0x0000000709c00000, 0x0000000709c00000, 0x0000000709e00000|  0%| F|  |TAMS 0x0000000709c00000, 0x0000000709c00000| Untracked 
|  35|0x0000000709e00000, 0x0000000709e00000, 0x000000070a000000|  0%| F|  |TAMS 0x0000000709e00000, 0x0000000709e00000| Untracked 
|  36|0x000000070a000000, 0x000000070a000000, 0x000000070a200000|  0%| F|  |TAMS 0x000000070a000000, 0x000000070a000000| Untracked 
|  37|0x000000070a200000, 0x000000070a200000, 0x000000070a400000|  0%| F|  |TAMS 0x000000070a200000, 0x000000070a200000| Untracked 
|  38|0x000000070a400000, 0x000000070a400000, 0x000000070a600000|  0%| F|  |TAMS 0x000000070a400000, 0x000000070a400000| Untracked 
|  39|0x000000070a600000, 0x000000070a600000, 0x000000070a800000|  0%| F|  |TAMS 0x000000070a600000, 0x000000070a600000| Untracked 
|  40|0x000000070a800000, 0x000000070a800000, 0x000000070aa00000|  0%| F|  |TAMS 0x000000070a800000, 0x000000070a800000| Untracked 
|  41|0x000000070aa00000, 0x000000070aa00000, 0x000000070ac00000|  0%| F|  |TAMS 0x000000070aa00000, 0x000000070aa00000| Untracked 
|  42|0x000000070ac00000, 0x000000070ac00000, 0x000000070ae00000|  0%| F|  |TAMS 0x000000070ac00000, 0x000000070ac00000| Untracked 
|  43|0x000000070ae00000, 0x000000070ae00000, 0x000000070b000000|  0%| F|  |TAMS 0x000000070ae00000, 0x000000070ae00000| Untracked 
|  44|0x000000070b000000, 0x000000070b000000, 0x000000070b200000|  0%| F|  |TAMS 0x000000070b000000, 0x000000070b000000| Untracked 
|  45|0x000000070b200000, 0x000000070b200000, 0x000000070b400000|  0%| F|  |TAMS 0x000000070b200000, 0x000000070b200000| Untracked 
|  46|0x000000070b400000, 0x000000070b400000, 0x000000070b600000|  0%| F|  |TAMS 0x000000070b400000, 0x000000070b400000| Untracked 
|  47|0x000000070b600000, 0x000000070b600000, 0x000000070b800000|  0%| F|  |TAMS 0x000000070b600000, 0x000000070b600000| Untracked 
|  48|0x000000070b800000, 0x000000070b800000, 0x000000070ba00000|  0%| F|  |TAMS 0x000000070b800000, 0x000000070b800000| Untracked 
|  49|0x000000070ba00000, 0x000000070ba00000, 0x000000070bc00000|  0%| F|  |TAMS 0x000000070ba00000, 0x000000070ba00000| Untracked 
|  50|0x000000070bc00000, 0x000000070bc00000, 0x000000070be00000|  0%| F|  |TAMS 0x000000070bc00000, 0x000000070bc00000| Untracked 
|  51|0x000000070be00000, 0x000000070be00000, 0x000000070c000000|  0%| F|  |TAMS 0x000000070be00000, 0x000000070be00000| Untracked 
|  52|0x000000070c000000, 0x000000070c000000, 0x000000070c200000|  0%| F|  |TAMS 0x000000070c000000, 0x000000070c000000| Untracked 
|  53|0x000000070c200000, 0x000000070c200000, 0x000000070c400000|  0%| F|  |TAMS 0x000000070c200000, 0x000000070c200000| Untracked 
|  54|0x000000070c400000, 0x000000070c400000, 0x000000070c600000|  0%| F|  |TAMS 0x000000070c400000, 0x000000070c400000| Untracked 
|  55|0x000000070c600000, 0x000000070c600000, 0x000000070c800000|  0%| F|  |TAMS 0x000000070c600000, 0x000000070c600000| Untracked 
|  56|0x000000070c800000, 0x000000070c800000, 0x000000070ca00000|  0%| F|  |TAMS 0x000000070c800000, 0x000000070c800000| Untracked 
|  57|0x000000070ca00000, 0x000000070ca00000, 0x000000070cc00000|  0%| F|  |TAMS 0x000000070ca00000, 0x000000070ca00000| Untracked 
|  58|0x000000070cc00000, 0x000000070cc00000, 0x000000070ce00000|  0%| F|  |TAMS 0x000000070cc00000, 0x000000070cc00000| Untracked 
|  59|0x000000070ce00000, 0x000000070ce00000, 0x000000070d000000|  0%| F|  |TAMS 0x000000070ce00000, 0x000000070ce00000| Untracked 
|  60|0x000000070d000000, 0x000000070d000000, 0x000000070d200000|  0%| F|  |TAMS 0x000000070d000000, 0x000000070d000000| Untracked 
|  61|0x000000070d200000, 0x000000070d200000, 0x000000070d400000|  0%| F|  |TAMS 0x000000070d200000, 0x000000070d200000| Untracked 
|  62|0x000000070d400000, 0x000000070d400000, 0x000000070d600000|  0%| F|  |TAMS 0x000000070d400000, 0x000000070d400000| Untracked 
|  63|0x000000070d600000, 0x000000070d600000, 0x000000070d800000|  0%| F|  |TAMS 0x000000070d600000, 0x000000070d600000| Untracked 
|  64|0x000000070d800000, 0x000000070d800000, 0x000000070da00000|  0%| F|  |TAMS 0x000000070d800000, 0x000000070d800000| Untracked 
|  65|0x000000070da00000, 0x000000070da00000, 0x000000070dc00000|  0%| F|  |TAMS 0x000000070da00000, 0x000000070da00000| Untracked 
|  66|0x000000070dc00000, 0x000000070dc00000, 0x000000070de00000|  0%| F|  |TAMS 0x000000070dc00000, 0x000000070dc00000| Untracked 
|  67|0x000000070de00000, 0x000000070de00000, 0x000000070e000000|  0%| F|  |TAMS 0x000000070de00000, 0x000000070de00000| Untracked 
|  68|0x000000070e000000, 0x000000070e000000, 0x000000070e200000|  0%| F|  |TAMS 0x000000070e000000, 0x000000070e000000| Untracked 
|  69|0x000000070e200000, 0x000000070e200000, 0x000000070e400000|  0%| F|  |TAMS 0x000000070e200000, 0x000000070e200000| Untracked 
|  70|0x000000070e400000, 0x000000070e400000, 0x000000070e600000|  0%| F|  |TAMS 0x000000070e400000, 0x000000070e400000| Untracked 
|  71|0x000000070e600000, 0x000000070e600000, 0x000000070e800000|  0%| F|  |TAMS 0x000000070e600000, 0x000000070e600000| Untracked 
|  72|0x000000070e800000, 0x000000070e800000, 0x000000070ea00000|  0%| F|  |TAMS 0x000000070e800000, 0x000000070e800000| Untracked 
|  73|0x000000070ea00000, 0x000000070ea00000, 0x000000070ec00000|  0%| F|  |TAMS 0x000000070ea00000, 0x000000070ea00000| Untracked 
|  74|0x000000070ec00000, 0x000000070ec00000, 0x000000070ee00000|  0%| F|  |TAMS 0x000000070ec00000, 0x000000070ec00000| Untracked 
|  75|0x000000070ee00000, 0x000000070ee00000, 0x000000070f000000|  0%| F|  |TAMS 0x000000070ee00000, 0x000000070ee00000| Untracked 
|  76|0x000000070f000000, 0x000000070f000000, 0x000000070f200000|  0%| F|  |TAMS 0x000000070f000000, 0x000000070f000000| Untracked 
|  77|0x000000070f200000, 0x000000070f200000, 0x000000070f400000|  0%| F|  |TAMS 0x000000070f200000, 0x000000070f200000| Untracked 
|  78|0x000000070f400000, 0x000000070f400000, 0x000000070f600000|  0%| F|  |TAMS 0x000000070f400000, 0x000000070f400000| Untracked 
|  79|0x000000070f600000, 0x000000070f600000, 0x000000070f800000|  0%| F|  |TAMS 0x000000070f600000, 0x000000070f600000| Untracked 
|  80|0x000000070f800000, 0x000000070f800000, 0x000000070fa00000|  0%| F|  |TAMS 0x000000070f800000, 0x000000070f800000| Untracked 
|  81|0x000000070fa00000, 0x000000070fa00000, 0x000000070fc00000|  0%| F|  |TAMS 0x000000070fa00000, 0x000000070fa00000| Untracked 
|  82|0x000000070fc00000, 0x000000070fc00000, 0x000000070fe00000|  0%| F|  |TAMS 0x000000070fc00000, 0x000000070fc00000| Untracked 
|  83|0x000000070fe00000, 0x000000070fe00000, 0x0000000710000000|  0%| F|  |TAMS 0x000000070fe00000, 0x000000070fe00000| Untracked 
|  84|0x0000000710000000, 0x0000000710000000, 0x0000000710200000|  0%| F|  |TAMS 0x0000000710000000, 0x0000000710000000| Untracked 
|  85|0x0000000710200000, 0x0000000710200000, 0x0000000710400000|  0%| F|  |TAMS 0x0000000710200000, 0x0000000710200000| Untracked 
|  86|0x0000000710400000, 0x0000000710400000, 0x0000000710600000|  0%| F|  |TAMS 0x0000000710400000, 0x0000000710400000| Untracked 
|  87|0x0000000710600000, 0x0000000710600000, 0x0000000710800000|  0%| F|  |TAMS 0x0000000710600000, 0x0000000710600000| Untracked 
|  88|0x0000000710800000, 0x0000000710800000, 0x0000000710a00000|  0%| F|  |TAMS 0x0000000710800000, 0x0000000710800000| Untracked 
|  89|0x0000000710a00000, 0x0000000710a00000, 0x0000000710c00000|  0%| F|  |TAMS 0x0000000710a00000, 0x0000000710a00000| Untracked 
|  90|0x0000000710c00000, 0x0000000710c00000, 0x0000000710e00000|  0%| F|  |TAMS 0x0000000710c00000, 0x0000000710c00000| Untracked 
|  91|0x0000000710e00000, 0x0000000710e00000, 0x0000000711000000|  0%| F|  |TAMS 0x0000000710e00000, 0x0000000710e00000| Untracked 
|  92|0x0000000711000000, 0x0000000711000000, 0x0000000711200000|  0%| F|  |TAMS 0x0000000711000000, 0x0000000711000000| Untracked 
|  93|0x0000000711200000, 0x0000000711200000, 0x0000000711400000|  0%| F|  |TAMS 0x0000000711200000, 0x0000000711200000| Untracked 
|  94|0x0000000711400000, 0x0000000711400000, 0x0000000711600000|  0%| F|  |TAMS 0x0000000711400000, 0x0000000711400000| Untracked 
|  95|0x0000000711600000, 0x0000000711600000, 0x0000000711800000|  0%| F|  |TAMS 0x0000000711600000, 0x0000000711600000| Untracked 
|  96|0x0000000711800000, 0x0000000711800000, 0x0000000711a00000|  0%| F|  |TAMS 0x0000000711800000, 0x0000000711800000| Untracked 
|  97|0x0000000711a00000, 0x0000000711a00000, 0x0000000711c00000|  0%| F|  |TAMS 0x0000000711a00000, 0x0000000711a00000| Untracked 
|  98|0x0000000711c00000, 0x0000000711c00000, 0x0000000711e00000|  0%| F|  |TAMS 0x0000000711c00000, 0x0000000711c00000| Untracked 
|  99|0x0000000711e00000, 0x0000000711e00000, 0x0000000712000000|  0%| F|  |TAMS 0x0000000711e00000, 0x0000000711e00000| Untracked 
| 100|0x0000000712000000, 0x0000000712000000, 0x0000000712200000|  0%| F|  |TAMS 0x0000000712000000, 0x0000000712000000| Untracked 
| 101|0x0000000712200000, 0x0000000712200000, 0x0000000712400000|  0%| F|  |TAMS 0x0000000712200000, 0x0000000712200000| Untracked 
| 102|0x0000000712400000, 0x0000000712400000, 0x0000000712600000|  0%| F|  |TAMS 0x0000000712400000, 0x0000000712400000| Untracked 
| 103|0x0000000712600000, 0x0000000712600000, 0x0000000712800000|  0%| F|  |TAMS 0x0000000712600000, 0x0000000712600000| Untracked 
| 104|0x0000000712800000, 0x0000000712800000, 0x0000000712a00000|  0%| F|  |TAMS 0x0000000712800000, 0x0000000712800000| Untracked 
| 105|0x0000000712a00000, 0x0000000712a00000, 0x0000000712c00000|  0%| F|  |TAMS 0x0000000712a00000, 0x0000000712a00000| Untracked 
| 106|0x0000000712c00000, 0x0000000712c00000, 0x0000000712e00000|  0%| F|  |TAMS 0x0000000712c00000, 0x0000000712c00000| Untracked 
| 107|0x0000000712e00000, 0x0000000712e00000, 0x0000000713000000|  0%| F|  |TAMS 0x0000000712e00000, 0x0000000712e00000| Untracked 
| 108|0x0000000713000000, 0x0000000713000000, 0x0000000713200000|  0%| F|  |TAMS 0x0000000713000000, 0x0000000713000000| Untracked 
| 109|0x0000000713200000, 0x0000000713200000, 0x0000000713400000|  0%| F|  |TAMS 0x0000000713200000, 0x0000000713200000| Untracked 
| 110|0x0000000713400000, 0x0000000713400000, 0x0000000713600000|  0%| F|  |TAMS 0x0000000713400000, 0x0000000713400000| Untracked 
| 111|0x0000000713600000, 0x0000000713600000, 0x0000000713800000|  0%| F|  |TAMS 0x0000000713600000, 0x0000000713600000| Untracked 
| 112|0x0000000713800000, 0x0000000713800000, 0x0000000713a00000|  0%| F|  |TAMS 0x0000000713800000, 0x0000000713800000| Untracked 
| 113|0x0000000713a00000, 0x0000000713a00000, 0x0000000713c00000|  0%| F|  |TAMS 0x0000000713a00000, 0x0000000713a00000| Untracked 
| 114|0x0000000713c00000, 0x0000000713c00000, 0x0000000713e00000|  0%| F|  |TAMS 0x0000000713c00000, 0x0000000713c00000| Untracked 
| 115|0x0000000713e00000, 0x0000000713e712c8, 0x0000000714000000| 22%| E|  |TAMS 0x0000000713e00000, 0x0000000713e00000| Complete 
| 116|0x0000000714000000, 0x0000000714200000, 0x0000000714200000|100%| E|CS|TAMS 0x0000000714000000, 0x0000000714000000| Complete 
| 117|0x0000000714200000, 0x0000000714400000, 0x0000000714400000|100%| E|CS|TAMS 0x0000000714200000, 0x0000000714200000| Complete 
| 118|0x0000000714400000, 0x0000000714600000, 0x0000000714600000|100%| E|CS|TAMS 0x0000000714400000, 0x0000000714400000| Complete 
| 119|0x0000000714600000, 0x0000000714800000, 0x0000000714800000|100%| E|CS|TAMS 0x0000000714600000, 0x0000000714600000| Complete 
| 120|0x0000000714800000, 0x0000000714a00000, 0x0000000714a00000|100%| E|CS|TAMS 0x0000000714800000, 0x0000000714800000| Complete 
| 121|0x0000000714a00000, 0x0000000714c00000, 0x0000000714c00000|100%| E|CS|TAMS 0x0000000714a00000, 0x0000000714a00000| Complete 
| 122|0x0000000714c00000, 0x0000000714e00000, 0x0000000714e00000|100%| E|CS|TAMS 0x0000000714c00000, 0x0000000714c00000| Complete 
| 123|0x0000000714e00000, 0x0000000715000000, 0x0000000715000000|100%| E|CS|TAMS 0x0000000714e00000, 0x0000000714e00000| Complete 
| 124|0x0000000715000000, 0x0000000715200000, 0x0000000715200000|100%| E|CS|TAMS 0x0000000715000000, 0x0000000715000000| Complete 
| 125|0x0000000715200000, 0x0000000715400000, 0x0000000715400000|100%| E|CS|TAMS 0x0000000715200000, 0x0000000715200000| Complete 

Card table byte_map: [0x0000013b7e270000,0x0000013b7ea50000] _byte_map_base: 0x0000013b7aa44000

Marking Bits (Prev, Next): (CMBitMap*) 0x0000013b7a2f8080, (CMBitMap*) 0x0000013b7a2f80c0
 Prev Bits: [0x0000013b0f000000, 0x0000013b12ea0000)
 Next Bits: [0x0000013b12ea0000, 0x0000013b16d40000)

Polling page: 0x0000013b78170000

Metaspace:

Usage:
  Non-class:      7.37 MB used.
      Class:    725.91 KB used.
       Both:      8.07 MB used.

Virtual space:
  Non-class space:       64.00 MB reserved,       7.38 MB ( 12%) committed,  1 nodes.
      Class space:        1.00 GB reserved,     768.00 KB ( <1%) committed,  1 nodes.
             Both:        1.06 GB reserved,       8.12 MB ( <1%) committed. 

Chunk freelists:
   Non-Class:  8.31 MB
       Class:  15.20 MB
        Both:  23.52 MB

MaxMetaspaceSize: unlimited
CompressedClassSpaceSize: 1.00 GB
Initial GC threshold: 21.00 MB
Current GC threshold: 21.00 MB
CDS: off
MetaspaceReclaimPolicy: balanced
 - commit_granule_bytes: 65536.
 - commit_granule_words: 8192.
 - virtual_space_node_default_size: 8388608.
 - enlarge_chunks_in_place: 1.
 - new_chunks_are_fully_committed: 0.
 - uncommit_free_chunks: 1.
 - use_allocation_guard: 0.
 - handle_deallocations: 1.


Internal statistics:

num_allocs_failed_limit: 0.
num_arena_births: 12.
num_arena_deaths: 0.
num_vsnodes_births: 2.
num_vsnodes_deaths: 0.
num_space_committed: 130.
num_space_uncommitted: 0.
num_chunks_returned_to_freelist: 0.
num_chunks_taken_from_freelist: 52.
num_chunk_merges: 0.
num_chunk_splits: 22.
num_chunks_enlarged: 16.
num_inconsistent_stats: 0.

CodeHeap 'non-profiled nmethods': size=120000Kb used=194Kb max_used=194Kb free=119805Kb
 bounds [0x0000013b07ad0000, 0x0000013b07d40000, 0x0000013b0f000000]
CodeHeap 'profiled nmethods': size=120000Kb used=816Kb max_used=816Kb free=119183Kb
 bounds [0x0000013b00000000, 0x0000013b00270000, 0x0000013b07530000]
CodeHeap 'non-nmethods': size=5760Kb used=1134Kb max_used=1166Kb free=4625Kb
 bounds [0x0000013b07530000, 0x0000013b077a0000, 0x0000013b07ad0000]
 total_blobs=921 nmethods=515 adapters=319
 compilation: enabled
              stopped_count=0, restarted_count=0
 full_count=0

Compilation events (20 events):
Event: 0.694 Thread 0x0000013b18e0b3c0 nmethod 499 0x0000013b000c7e90 code [0x0000013b000c8040, 0x0000013b000c8478]
Event: 0.708 Thread 0x0000013b18e0b3c0  501       1       org.gradle.internal.classpath.DefaultClassPath$ImmutableUniqueList::size (5 bytes)
Event: 0.709 Thread 0x0000013b18e0b3c0 nmethod 501 0x0000013b07afa610 code [0x0000013b07afa7a0, 0x0000013b07afa878]
Event: 0.709 Thread 0x0000013b18e0b3c0  502       3       java.util.AbstractList$Itr::hasNext (20 bytes)
Event: 0.709 Thread 0x0000013b18e0b3c0 nmethod 502 0x0000013b000c8610 code [0x0000013b000c87c0, 0x0000013b000c8a08]
Event: 0.709 Thread 0x0000013b18e0b3c0  504       3       java.util.AbstractList$Itr::checkForComodification (23 bytes)
Event: 0.709 Thread 0x0000013b18e0b3c0 nmethod 504 0x0000013b000c8b10 code [0x0000013b000c8cc0, 0x0000013b000c8e88]
Event: 0.709 Thread 0x0000013b18e0b3c0  503   !   3       java.util.AbstractList$Itr::next (46 bytes)
Event: 0.710 Thread 0x0000013b18e0b3c0 nmethod 503 0x0000013b000c8f90 code [0x0000013b000c91a0, 0x0000013b000c9698]
Event: 0.710 Thread 0x0000013b18e0b3c0  505       3       org.gradle.internal.classpath.DefaultClassPath$ImmutableUniqueList::get (57 bytes)
Event: 0.711 Thread 0x0000013b18e0b3c0 nmethod 505 0x0000013b000c9910 code [0x0000013b000c9b20, 0x0000013b000c9f28]
Event: 0.711 Thread 0x0000013b18e0b3c0  506       3       org.gradle.internal.Cast::uncheckedNonnullCast (2 bytes)
Event: 0.711 Thread 0x0000013b18e0b3c0 nmethod 506 0x0000013b000ca190 code [0x0000013b000ca320, 0x0000013b000ca418]
Event: 0.711 Thread 0x0000013b18e0b3c0  507       3       org.gradle.internal.classpath.DefaultClassPath$ImmutableUniqueList::<init> (21 bytes)
Event: 0.711 Thread 0x0000013b18e0b3c0 nmethod 507 0x0000013b000ca490 code [0x0000013b000ca640, 0x0000013b000ca938]
Event: 0.711 Thread 0x0000013b18e0b3c0  508       3       java.util.AbstractCollection::addAll (42 bytes)
Event: 0.712 Thread 0x0000013b18e0b3c0 nmethod 508 0x0000013b000caa90 code [0x0000013b000cac80, 0x0000013b000cb1b8]
Event: 0.712 Thread 0x0000013b18e0b3c0  509       3       java.lang.StringLatin1::compareToCI (108 bytes)
Event: 0.713 Thread 0x0000013b18e0b3c0 nmethod 509 0x0000013b000cb310 code [0x0000013b000cb560, 0x0000013b000cbe58]
Event: 0.716 Thread 0x0000013b18e0b3c0  511       3       java.io.File::equals (28 bytes)

GC Heap History (0 events):
No events

Dll operation events (2 events):
Event: 0.009 Loaded shared library C:\Program Files\Android\Android Studio\jbr\bin\java.dll
Event: 0.168 Loaded shared library C:\Program Files\Android\Android Studio\jbr\bin\verify.dll

Deoptimization events (20 events):
Event: 0.375 Thread 0x0000013b7a28e170 DEOPT PACKING pc=0x0000013b00012dd1 sp=0x00000025bcbfe3d0
Event: 0.376 Thread 0x0000013b7a28e170 DEOPT UNPACKING pc=0x0000013b0758ace3 sp=0x00000025bcbfd848 mode 0
Event: 0.386 Thread 0x0000013b7a28e170 DEOPT PACKING pc=0x0000013b0002effe sp=0x00000025bcbfe2e0
Event: 0.386 Thread 0x0000013b7a28e170 DEOPT UNPACKING pc=0x0000013b0758ace3 sp=0x00000025bcbfd750 mode 0
Event: 0.390 Thread 0x0000013b7a28e170 DEOPT PACKING pc=0x0000013b0002effe sp=0x00000025bcbfe2e0
Event: 0.390 Thread 0x0000013b7a28e170 DEOPT UNPACKING pc=0x0000013b0758ace3 sp=0x00000025bcbfd750 mode 0
Event: 0.403 Thread 0x0000013b7a28e170 DEOPT PACKING pc=0x0000013b0004863e sp=0x00000025bcbfdcc0
Event: 0.403 Thread 0x0000013b7a28e170 DEOPT UNPACKING pc=0x0000013b0758ace3 sp=0x00000025bcbfd160 mode 0
Event: 0.454 Thread 0x0000013b7a28e170 DEOPT PACKING pc=0x0000013b0004e70c sp=0x00000025bcbfe040
Event: 0.454 Thread 0x0000013b7a28e170 DEOPT UNPACKING pc=0x0000013b0758ace3 sp=0x00000025bcbfd4d0 mode 0
Event: 0.472 Thread 0x0000013b7a28e170 DEOPT PACKING pc=0x0000013b00055802 sp=0x00000025bcbfe200
Event: 0.472 Thread 0x0000013b7a28e170 DEOPT UNPACKING pc=0x0000013b0758ace3 sp=0x00000025bcbfd6c0 mode 0
Event: 0.481 Thread 0x0000013b7a28e170 DEOPT PACKING pc=0x0000013b00055802 sp=0x00000025bcbfe240
Event: 0.481 Thread 0x0000013b7a28e170 DEOPT UNPACKING pc=0x0000013b0758ace3 sp=0x00000025bcbfd700 mode 0
Event: 0.481 Thread 0x0000013b7a28e170 DEOPT PACKING pc=0x0000013b00055802 sp=0x00000025bcbfe240
Event: 0.481 Thread 0x0000013b7a28e170 DEOPT UNPACKING pc=0x0000013b0758ace3 sp=0x00000025bcbfd700 mode 0
Event: 0.606 Thread 0x0000013b7a28e170 DEOPT PACKING pc=0x0000013b000305e6 sp=0x00000025bcbfe370
Event: 0.606 Thread 0x0000013b7a28e170 DEOPT UNPACKING pc=0x0000013b0758ace3 sp=0x00000025bcbfd860 mode 0
Event: 0.656 Thread 0x0000013b7a28e170 DEOPT PACKING pc=0x0000013b0007d85d sp=0x00000025bcbfe360
Event: 0.656 Thread 0x0000013b7a28e170 DEOPT UNPACKING pc=0x0000013b0758ace3 sp=0x00000025bcbfd858 mode 0

Classes unloaded (0 events):
No events

Classes redefined (0 events):
No events

Internal exceptions (1 events):
Event: 0.361 Thread 0x0000013b7a28e170 Exception <a 'java/lang/NoSuchMethodError'{0x0000000715123520}: 'int java.lang.invoke.DirectMethodHandle$Holder.invokeStaticInit(java.lang.Object, java.lang.Object)'> (0x0000000715123520) 
thrown [s\src\hotspot\share\interpreter\linkResolver.cpp, line 771]

VM Operations (2 events):
Event: 0.161 Executing VM operation: HandshakeAllThreads
Event: 0.161 Executing VM operation: HandshakeAllThreads done

Events (20 events):
Event: 0.369 loading class java/io/FileFilter done
Event: 0.393 loading class java/util/Collections$UnmodifiableList
Event: 0.393 loading class java/util/Collections$UnmodifiableList done
Event: 0.393 loading class java/util/Collections$UnmodifiableRandomAccessList
Event: 0.393 loading class java/util/Collections$UnmodifiableRandomAccessList done
Event: 0.400 loading class java/util/AbstractList$Itr
Event: 0.400 loading class java/util/AbstractList$Itr done
Event: 0.401 loading class java/util/zip/ZipException
Event: 0.401 loading class java/util/zip/ZipException done
Event: 0.403 loading class java/util/ArrayList$SubList
Event: 0.404 loading class java/util/ArrayList$SubList done
Event: 0.415 loading class java/util/Collections$UnmodifiableCollection$1
Event: 0.415 loading class java/util/Collections$UnmodifiableCollection$1 done
Event: 0.417 loading class java/util/Collections$SingletonSet
Event: 0.417 loading class java/util/Collections$SingletonSet done
Event: 0.417 loading class java/util/Collections$1
Event: 0.418 loading class java/util/Collections$1 done
Event: 0.422 loading class java/lang/invoke/DirectMethodHandle$Special
Event: 0.422 loading class java/lang/invoke/DirectMethodHandle$Special done
Event: 0.639 Thread 0x0000013b1940a420 Thread added: 0x0000013b1940a420


Dynamic libraries:
0x00007ff79cdb0000 - 0x00007ff79cdba000 	C:\Program Files\Android\Android Studio\jbr\bin\java.exe
0x00007ffeba700000 - 0x00007ffeba960000 	C:\WINDOWS\SYSTEM32\ntdll.dll
0x00007ffeb9ce0000 - 0x00007ffeb9da7000 	C:\WINDOWS\System32\KERNEL32.DLL
0x00007ffeb78e0000 - 0x00007ffeb7caa000 	C:\WINDOWS\System32\KERNELBASE.dll
0x00007ffeb8190000 - 0x00007ffeb82db000 	C:\WINDOWS\System32\ucrtbase.dll
0x00007ffe6d290000 - 0x00007ffe6d2ab000 	C:\Program Files\Android\Android Studio\jbr\bin\VCRUNTIME140.dll
0x00007ffe8e3e0000 - 0x00007ffe8e3f7000 	C:\Program Files\Android\Android Studio\jbr\bin\jli.dll
0x00007ffeba470000 - 0x00007ffeba63c000 	C:\WINDOWS\System32\USER32.dll
0x00007ffe92960000 - 0x00007ffe92bf9000 	C:\WINDOWS\WinSxS\amd64_microsoft.windows.common-controls_6595b64144ccf1df_6.0.26100.3575_none_3e0d5430e32ff727\COMCTL32.dll
0x00007ffeb9f20000 - 0x00007ffeb9fc9000 	C:\WINDOWS\System32\msvcrt.dll
0x00007ffeb7f60000 - 0x00007ffeb7f87000 	C:\WINDOWS\System32\win32u.dll
0x00007ffeb96c0000 - 0x00007ffeb96ea000 	C:\WINDOWS\System32\GDI32.dll
0x00007ffeb7e20000 - 0x00007ffeb7f51000 	C:\WINDOWS\System32\gdi32full.dll
0x00007ffeb7cb0000 - 0x00007ffeb7d53000 	C:\WINDOWS\System32\msvcp_win.dll
0x00007ffeb9b50000 - 0x00007ffeb9b7f000 	C:\WINDOWS\System32\IMM32.DLL
0x00007ffe8e3c0000 - 0x00007ffe8e3cc000 	C:\Program Files\Android\Android Studio\jbr\bin\vcruntime140_1.dll
0x00007ffe4da10000 - 0x00007ffe4da9d000 	C:\Program Files\Android\Android Studio\jbr\bin\msvcp140.dll
0x00007ffdd0d70000 - 0x00007ffdd19f3000 	C:\Program Files\Android\Android Studio\jbr\bin\server\jvm.dll
0x00007ffeba3b0000 - 0x00007ffeba462000 	C:\WINDOWS\System32\ADVAPI32.dll
0x00007ffeb9610000 - 0x00007ffeb96b6000 	C:\WINDOWS\System32\sechost.dll
0x00007ffeb9a30000 - 0x00007ffeb9b46000 	C:\WINDOWS\System32\RPCRT4.dll
0x00007ffeae920000 - 0x00007ffeae956000 	C:\WINDOWS\SYSTEM32\WINMM.dll
0x00007ffeb23d0000 - 0x00007ffeb23da000 	C:\WINDOWS\SYSTEM32\WSOCK32.dll
0x00007ffeb7760000 - 0x00007ffeb77be000 	C:\WINDOWS\SYSTEM32\POWRPROF.dll
0x00007ffea67e0000 - 0x00007ffea67eb000 	C:\WINDOWS\SYSTEM32\VERSION.dll
0x00007ffeb9510000 - 0x00007ffeb9584000 	C:\WINDOWS\System32\WS2_32.dll
0x00007ffeb7740000 - 0x00007ffeb7754000 	C:\WINDOWS\SYSTEM32\UMPDC.dll
0x00007ffeb66f0000 - 0x00007ffeb670a000 	C:\WINDOWS\SYSTEM32\kernel.appcore.dll
0x00007ffeb23c0000 - 0x00007ffeb23ca000 	C:\Program Files\Android\Android Studio\jbr\bin\jimage.dll
0x00007ffeb4bc0000 - 0x00007ffeb4e01000 	C:\WINDOWS\SYSTEM32\DBGHELP.DLL
0x00007ffeb9fd0000 - 0x00007ffeba353000 	C:\WINDOWS\System32\combase.dll
0x00007ffeb9260000 - 0x00007ffeb9336000 	C:\WINDOWS\System32\OLEAUT32.dll
0x00007ffe81180000 - 0x00007ffe811b9000 	C:\WINDOWS\SYSTEM32\dbgcore.DLL
0x00007ffeb8460000 - 0x00007ffeb84f9000 	C:\WINDOWS\System32\bcryptPrimitives.dll
0x00007ffe909d0000 - 0x00007ffe909f5000 	C:\Program Files\Android\Android Studio\jbr\bin\java.dll
0x00007ffe8f2e0000 - 0x00007ffe8f2f8000 	C:\Program Files\Android\Android Studio\jbr\bin\zip.dll
0x00007ffeb8a30000 - 0x00007ffeb9159000 	C:\WINDOWS\System32\SHELL32.dll
0x00007ffeb7f90000 - 0x00007ffeb80f8000 	C:\WINDOWS\System32\wintypes.dll
0x00007ffeb5550000 - 0x00007ffeb5da3000 	C:\WINDOWS\SYSTEM32\windows.storage.dll
0x00007ffeb9e20000 - 0x00007ffeb9f0d000 	C:\WINDOWS\System32\SHCORE.dll
0x00007ffeb9db0000 - 0x00007ffeb9e15000 	C:\WINDOWS\System32\shlwapi.dll
0x00007ffeb77f0000 - 0x00007ffeb781f000 	C:\WINDOWS\SYSTEM32\profapi.dll
0x00007ffe8e830000 - 0x00007ffe8e849000 	C:\Program Files\Android\Android Studio\jbr\bin\net.dll
0x00007ffea7aa0000 - 0x00007ffea7bbe000 	C:\WINDOWS\SYSTEM32\WINHTTP.dll
0x00007ffeb6c10000 - 0x00007ffeb6c7a000 	C:\WINDOWS\system32\mswsock.dll
0x00007ffe8e810000 - 0x00007ffe8e826000 	C:\Program Files\Android\Android Studio\jbr\bin\nio.dll
0x00007ffe8e410000 - 0x00007ffe8e420000 	C:\Program Files\Android\Android Studio\jbr\bin\verify.dll

dbghelp: loaded successfully - version: 4.0.5 - missing functions: none
symbol engine: initialized successfully - sym options: 0x614 - pdb path: .;C:\Program Files\Android\Android Studio\jbr\bin;C:\WINDOWS\SYSTEM32;C:\WINDOWS\WinSxS\amd64_microsoft.windows.common-controls_6595b64144ccf1df_6.0.26100.3575_none_3e0d5430e32ff727;C:\Program Files\Android\Android Studio\jbr\bin\server

VM Arguments:
jvm_args: -Dorg.gradle.appname=gradlew 
java_command: org.gradle.wrapper.GradleWrapperMain -q -Ptarget-platform=android-x64 -Ptarget=D:\Workspace\HTC\csam_mobile\lib\main.dart -Pbase-application-name=android.app.Application -Pdart-defines=Zmx1dHRlci5pbnNwZWN0b3Iuc3RydWN0dXJlZEVycm9ycz10cnVl,RkxVVFRFUl9WRVJTSU9OPTMuMzUuMw==,RkxVVFRFUl9DSEFOTkVMPXN0YWJsZQ==,RkxVVFRFUl9HSVRfVVJMPWh0dHBzOi8vZ2l0aHViLmNvbS9mbHV0dGVyL2ZsdXR0ZXIuZ2l0,RkxVVFRFUl9GUkFNRVdPUktfUkVWSVNJT049YTQwMmQ5YTQzNw==,RkxVVFRFUl9FTkdJTkVfUkVWSVNJT049ZGRmNDdkZDNmZg==,RkxVVFRFUl9EQVJUX1ZFUlNJT049My45LjI= -Pdart-obfuscation=false -Ptrack-widget-creation=true -Ptree-shake-icons=false -Pfilesystem-scheme=org-dartlang-root assembleDebug
java_class_path (initial): D:\Workspace\HTC\csam_mobile\android\\gradle\wrapper\gradle-wrapper.jar
Launcher Type: SUN_STANDARD

[Global flags]
     intx CICompilerCount                          = 4                                         {product} {ergonomic}
     uint ConcGCThreads                            = 2                                         {product} {ergonomic}
     uint G1ConcRefinementThreads                  = 8                                         {product} {ergonomic}
   size_t G1HeapRegionSize                         = 2097152                                   {product} {ergonomic}
    uintx GCDrainStackTargetSize                   = 64                                        {product} {ergonomic}
   size_t InitialHeapSize                          = 264241152                                 {product} {ergonomic}
   size_t MarkStackSize                            = 4194304                                   {product} {ergonomic}
   size_t MaxHeapSize                              = 4202692608                                {product} {ergonomic}
   size_t MaxNewSize                               = 2520776704                                {product} {ergonomic}
   size_t MinHeapDeltaBytes                        = 2097152                                   {product} {ergonomic}
   size_t MinHeapSize                              = 8388608                                   {product} {ergonomic}
    uintx NonNMethodCodeHeapSize                   = 5839372                                {pd product} {ergonomic}
    uintx NonProfiledCodeHeapSize                  = 122909434                              {pd product} {ergonomic}
    uintx ProfiledCodeHeapSize                     = 122909434                              {pd product} {ergonomic}
    uintx ReservedCodeCacheSize                    = 251658240                              {pd product} {ergonomic}
     bool SegmentedCodeCache                       = true                                      {product} {ergonomic}
   size_t SoftMaxHeapSize                          = 4202692608                             {manageable} {ergonomic}
     bool UseCompressedClassPointers               = true                           {product lp64_product} {ergonomic}
     bool UseCompressedOops                        = true                           {product lp64_product} {ergonomic}
     bool UseG1GC                                  = true                                      {product} {ergonomic}
     bool UseLargePagesIndividualAllocation        = false                                  {pd product} {ergonomic}

Logging:
Log output configuration:
 #0: stdout all=warning uptime,level,tags
 #1: stderr all=off uptime,level,tags

Environment Variables:
JAVA_HOME=C:\Program Files\Android\Android Studio\jbr
CLASSPATH=D:\Workspace\HTC\csam_mobile\android\\gradle\wrapper\gradle-wrapper.jar
PATH=C:\Program Files\Android\Android Studio\jbr\bin;C:\Program Files (x86)\Common Files\Oracle\Java\javapath;C:\WINDOWS\system32;C:\WINDOWS;C:\WINDOWS\System32\Wbem;C:\WINDOWS\System32\WindowsPowerShell\v1.0\;C:\WINDOWS\System32\OpenSSH\;C:\Program Files\Microsoft SQL Server\150\Tools\Binn\;C:\Program Files\Microsoft SQL Server\Client SDK\ODBC\170\Tools\Binn\;C:\Program Files\dotnet\;C:\Program Files (x86)\Microsoft SQL Server\150\Tools\Binn\;C:\Program Files\Microsoft SQL Server\150\DTS\Binn\;C:\Program Files (x86)\Microsoft SQL Server\150\DTS\Binn\;C:\Program Files\Azure Data Studio\bin;D:\DangHieu\cogang\Git\cmd;D:\Java\jdk1.8.0_202\bin;C:\Users\ayenl\AppData\Local\Microsoft\WindowsApps;C:\Users\ayenl\.dotnet\tools;D:\src\flutter\bin;;C:\Users\ayenl\AppData\Local\Programs\Microsoft VS Code\bin;C:\Program Files\Azure Data Studio\bin;D:\src\flutter\bin\mingit\cmd
USERNAME=hiudayyy
OS=Windows_NT
PROCESSOR_IDENTIFIER=Intel64 Family 6 Model 140 Stepping 1, GenuineIntel
TMP=C:\Users\ayenl\AppData\Local\Temp
TEMP=C:\Users\ayenl\AppData\Local\Temp



Periodic native trim disabled

JNI global refs:
JNI global refs: 9, weak refs: 0

JNI global refs memory usage: 843, weak refs: 841

OOME stack traces (most recent first):
Classloader memory used:
Loader bootstrap                                                                       : 988K
Loader java.net.URLClassLoader                                                         : 27531B
Loader jdk.internal.loader.ClassLoaders$AppClassLoader                                 : 18431B


---------------  S Y S T E M  ---------------

OS:
 Windows 11 , 64 bit Build 26100 (10.0.26100.3575)
OS uptime: 0 days 0:44 hours
Hyper-V role detected

CPU: total 8 (initial active 8) (4 cores per cpu, 2 threads per core) family 6 model 140 stepping 1 microcode 0xb4, cx8, cmov, fxsr, ht, mmx, 3dnowpref, sse, sse2, sse3, ssse3, sse4.1, sse4.2, popcnt, lzcnt, tsc, tscinvbit, avx, avx2, aes, erms, clmul, bmi1, bmi2, adx, avx512f, avx512dq, avx512cd, avx512bw, avx512vl, sha, fma, vzeroupper, avx512_vpopcntdq, avx512_vpclmulqdq, avx512_vaes, avx512_vnni, clflush, clflushopt, clwb, avx512_vbmi2, avx512_vbmi, hv
Processor Information for processor 0
  Max Mhz: 2701, Current Mhz: 1200, Mhz Limit: 2701
Processor Information for processor 1
  Max Mhz: 2701, Current Mhz: 2701, Mhz Limit: 2701
Processor Information for processor 2
  Max Mhz: 2701, Current Mhz: 2701, Mhz Limit: 2701
Processor Information for processor 3
  Max Mhz: 2701, Current Mhz: 2701, Mhz Limit: 2701
Processor Information for processor 4
  Max Mhz: 2701, Current Mhz: 2701, Mhz Limit: 2701
Processor Information for processor 5
  Max Mhz: 2701, Current Mhz: 2701, Mhz Limit: 2701
Processor Information for processor 6
  Max Mhz: 2701, Current Mhz: 1200, Mhz Limit: 2701
Processor Information for processor 7
  Max Mhz: 2701, Current Mhz: 2701, Mhz Limit: 2701

Memory: 4k page, system-wide physical 16026M (1389M free)
TotalPageFile size 24660M (AvailPageFile size 3M)
current process WorkingSet (physical memory assigned to process): 65M, peak: 65M
current process commit charge ("private bytes"): 343M, peak: 345M

vm_info: OpenJDK 64-Bit Server VM (17.0.9+0--11185874) for windows-amd64 JRE (17.0.9+0--11185874), built on Dec  6 2023 18:57:44 by "androidbuild" with MS VC++ 16.10 / 16.11 (VS2019)

END.
