JvmtiExport can_access_local_variables 0
JvmtiExport can_hotswap_or_post_breakpoint 0
JvmtiExport can_post_on_exceptions 0
# 191 ciObject found
ciInstanceKlass java/util/stream/ReferencePipeline$3 1 1 56 9 7 12 1 1 1 9 12 1 1 10 7 12 1 1 1 7 1 10 12 1 1 1 1 1 1 1 1 1 1 1 1 1 1 1 1 1 1 1 1 1 1 1 1 1 1 1 100 1 12 1 1 1 1 1
ciInstanceKlass java/util/function/Consumer 1 1 59 10 100 12 1 1 1 18 12 1 1 11 100 12 1 1 100 1 1 1 1 1 1 1 1 1 1 1 1 1 1 1 1 1 1 1 1 1 1 1 1 1 15 10 100 12 1 1 1 16 15 11 12 1 100 1 100 1 1
ciInstanceKlass java/util/stream/Sink 1 1 73 100 1 8 1 10 12 1 1 100 1 100 1 100 1 1 1 1 1 1 1 1 1 1 1 1 1 1 1 1 1 1 1 1 1 1 1 1 1 1 1 100 1 100 1 100 1 100 1 100 1 100 1 100 1 1 1 1 1 1 1 1 1 1 100 1 8 1 1 12 10 1 1
instanceKlass java/util/stream/ReferencePipeline$4$1
instanceKlass java/util/stream/SortedOps$AbstractRefSortingSink
instanceKlass java/util/stream/DistinctOps$1$2
instanceKlass java/util/stream/ReferencePipeline$7$1
instanceKlass java/util/stream/ReferencePipeline$2$1
instanceKlass java/util/stream/ReferencePipeline$3$1
ciInstanceKlass java/util/stream/Sink$ChainedReference 1 1 61 10 7 12 1 1 1 10 7 12 1 1 1 7 1 9 7 12 1 1 1 11 12 1 1 11 12 1 11 12 1 1 1 1 1 1 1 1 1 1 1 1 1 1 1 1 1 1 1 1 1 1 100 1 8 1 1 12 10 1 1
ciInstanceKlass java/util/Spliterator 1 1 85 11 7 12 1 1 1 11 12 1 1 5 0 11 12 1 1 100 1 10 12 1 1 100 1 1 1 1 3 1 3 1 3 1 3 1 3 1 3 1 3 1 3 1 1 1 1 1 1 1 1 1 1 1 1 1 1 1 1 1 1 1 1 1 1 1 1 1 1 1 1 1 100 1 100 1 100 1 100 1 1 1 1 1 1
ciInstanceKlass java/util/stream/BaseStream 1 0 29 100 1 100 1 100 1 1 1 1 1 1 1 1 1 1 1 1 1 1 1 1 1 1 1 1 1 1 1
ciInstanceKlass java/util/stream/Stream 1 1 446 10 7 12 1 1 1 18 12 1 1 11 7 12 1 1 1 18 11 12 1 1 18 11 12 1 1 18 11 12 1 1 100 1 11 12 1 1 10 12 1 1 11 12 1 1 10 7 12 1 1 1 18 12 1 1 11 12 1 1 100 1 10 100 1 11 12 1 1 10 7 12 1 1 1 10 12 1 10 100 12 1 1 1 7 1 10 12 1 10 7 12 1 1 10 12 1 11 12 1 1 10 12 1 100 1 100 1 5 0 100 1 10 12 1 100 1 10 12 1 100 1 10 12 1 7 1 10 12 1 10 7 12 1 1 1 100 1 10 11 100 12 1 1 1 10 12 1 10 12 1 1 100 1 10 10 12 1 10 12 1 1 100 1 10 10 12 1 10 12 1 1 100 1 10 10 100 1 100 1 1 1 1 1 1 1 1 1 1 1 1 1 1 1 1 1 1 1 1 1 1 1 1 1 1 1 1 1 1 1 1 1 1 1 1 1 1 1 1 1 1 1 1 1 1 1 1 1 1 1 1 1 1 1 1 1 1 1 1 1 1 1 1 1 1 1 1 1 1 1 1 1 1 1 1 1 1 1 1 1 1 1 1 1 1 1 1 1 1 1 1 1 1 1 1 1 1 1 1 1 1 1 1 1 1 1 1 1 1 1 1 1 1 1 1 1 1 1 1 1 1 1 1 1 1 1 1 1 1 1 1 1 1 1 1 1 1 1 1 1 1 1 1 1 1 1 1 1 1 1 1 1 1 1 1 1 1 1 1 1 100 1 1 15 10 100 12 1 1 1 16 15 11 12 16 15 11 12 16 1 15 11 12 16 1 15 11 12 16 1 16 15 11 12 1 1 100 1 100 1 1 100 1 1 1 1 1 100 1 100 1 1 100 1 1 1 100 1 1 100 1 1 100 1 1 100 1 100 1 1 1 100 1 8 1 1 12 10 1 1 1 8 1 1 1 8 1 1 1 8 1 1 1 8 1 1 1 8 1 1 8 1 1 1 8 1
instanceKlass java/util/stream/AbstractPipeline
ciInstanceKlass java/util/stream/PipelineHelper 1 1 54 10 7 12 1 1 1 100 1 1 1 1 1 1 1 1 1 1 1 1 1 1 1 1 1 1 1 1 1 1 1 1 1 1 1 1 1 1 1 1 1 1 1 1 1 1 1 1 1 100 1 100 1 1
instanceKlass java/util/stream/IntPipeline
instanceKlass java/util/stream/ReferencePipeline
ciInstanceKlass java/util/stream/AbstractPipeline 1 1 423 10 7 12 1 1 1 9 7 12 1 1 1 9 12 1 1 9 12 1 9 7 12 1 1 1 9 12 1 9 12 1 9 12 1 9 12 1 9 12 1 1 9 12 1 1 9 12 1 100 1 8 1 10 12 1 9 12 1 9 12 1 10 12 1 1 10 12 1 1 9 12 1 9 12 1 10 12 1 1 11 7 12 1 1 100 1 10 10 12 1 11 12 1 1 10 12 1 11 12 1 1 11 12 1 10 12 1 1 10 12 1 1 10 11 100 12 1 1 1 7 1 8 1 9 12 1 1 11 100 12 1 1 10 7 12 1 1 1 10 100 12 1 1 1 10 12 1 1 18 12 1 10 12 1 1 10 12 1 1 9 12 1 1 10 12 1 1 9 12 1 10 12 1 1 11 12 1 9 12 1 9 12 1 10 12 1 9 12 1 11 12 1 1 5 0 9 12 1 10 12 1 1 7 1 10 12 1 1 10 12 1 1 11 12 1 1 11 12 1 1 11 12 1 10 12 1 1 10 12 1 1 9 12 1 10 12 1 1 18 12 1 10 12 1 1 10 12 1 1 10 12 1 1 10 12 1 1 7 1 11 12 1 1 100 1 8 1 10 18 12 1 1 11 100 12 1 1 1 100 1 10 7 12 1 1 100 1 1 1 1 1 1 1 1 1 1 1 1 1 1 1 1 1 1 1 1 1 1 1 1 1 1 1 1 1 1 1 1 1 1 1 1 1 1 1 1 1 1 1 1 1 1 1 1 1 1 1 1 1 1 1 1 1 1 1 1 1 1 1 1 1 1 1 1 1 1 1 1 1 1 1 1 1 1 1 1 1 1 1 1 1 1 1 1 1 1 1 1 1 1 1 1 1 1 1 1 1 1 1 1 1 1 1 1 15 10 7 12 1 1 1 16 15 10 12 16 15 10 12 16 1 15 10 12 16 1 1 100 1 100 1 1
staticfield java/util/stream/AbstractPipeline $assertionsDisabled Z 1
instanceKlass java/util/stream/ReferencePipeline$StatefulOp
instanceKlass java/util/stream/ReferencePipeline$StatelessOp
instanceKlass java/util/stream/ReferencePipeline$Head
ciInstanceKlass java/util/stream/ReferencePipeline 1 1 640 10 7 12 1 1 1 10 12 1 10 12 1 9 7 12 1 1 1 10 7 12 1 1 1 7 1 10 12 1 100 1 10 12 1 11 7 12 1 1 1 11 7 12 1 1 1 10 12 1 1 10 7 12 1 1 1 10 7 12 1 1 1 10 12 1 100 1 9 7 12 1 1 1 10 12 1 10 7 12 1 1 1 7 1 9 12 1 10 12 1 7 1 9 12 1 9 12 1 10 12 1 7 1 10 12 1 100 1 10 12 1 100 1 10 12 1 7 1 10 100 1 10 100 1 10 100 1 10 100 1 10 12 1 100 1 10 100 1 10 100 1 10 100 1 10 12 1 10 7 12 1 1 1 10 7 12 1 1 10 12 1 100 1 10 7 12 1 1 1 10 12 1 10 100 12 1 1 5 0 10 100 12 1 1 1 10 12 1 10 7 12 1 1 10 12 1 1 10 12 1 1 10 12 1 1 11 7 12 1 1 1 18 12 1 1 10 12 1 10 100 12 1 1 1 10 12 1 11 100 12 1 1 1 9 7 12 1 1 1 10 7 12 1 1 7 1 10 12 1 9 12 1 9 12 1 10 7 12 1 1 7 1 10 7 12 1 1 10 12 1 10 12 1 11 7 12 1 1 1 9 7 12 1 1 1 11 7 12 1 1 1 9 12 1 11 12 1 1 11 100 12 1 1 1 11 12 1 1 18 12 1 1 10 12 1 1 10 12 1 9 12 1 11 12 1 1 11 7 12 1 10 12 1 11 7 12 1 1 1 10 12 1 1 11 12 1 10 12 1 1 10 12 1 1 10 12 1 1 11 100 12 1 1 100 1 100 1 1 1 1 1 1 1 1 1 1 1 1 1 1 1 1 1 1 1 1 1 1 1 1 1 1 1 1 1 1 1 1 1 1 1 1 1 1 1 1 1 1 1 1 1 1 1 1 1 1 1 1 1 1 1 1 1 1 1 1 1 1 1 1 1 1 1 1 1 1 1 1 1 1 1 1 1 1 1 1 1 1 1 1 1 1 1 1 1 1 1 1 1 1 1 1 1 1 1 1 1 1 1 1 1 1 1 1 1 1 1 1 1 1 1 1 1 1 1 1 1 1 1 1 1 1 1 1 1 1 1 1 1 1 1 1 1 1 1 1 1 1 1 1 1 1 1 1 1 1 1 1 1 1 1 1 1 1 1 1 1 1 1 1 1 1 1 1 1 1 1 1 1 1 1 1 1 1 1 1 1 1 1 1 1 1 1 1 1 1 1 1 1 1 1 1 1 1 1 1 1 1 100 1 100 1 100 1 100 1 100 1 100 1 100 1 100 1 100 1 100 1 100 1 100 1 100 1 100 1 100 1 100 1 100 1 1 15 10 100 12 1 1 1 16 1 15 10 12 16 16 1 15 10 12 1 100 1 1 1 100 1 1 1 1 1 1 1 100 1 100 1 1
ciInstanceKlass java/util/stream/ReferencePipeline$Head 1 1 80 10 7 12 1 1 1 10 12 1 100 1 10 12 1 10 7 12 1 1 1 10 12 1 1 11 7 12 1 1 1 10 12 1 10 12 1 10 12 1 1 1 1 1 1 1 1 1 1 1 1 1 1 1 1 1 1 1 1 1 1 1 1 1 1 1 1 1 1 1 1 1 1 1 1 1 1 1 1 1
ciInstanceKlass java/lang/invoke/Invokers$Holder 1 1 99 1 100 1 100 1 1 1 1 1 1 1 7 1 7 1 7 1 1 12 10 1 1 12 10 1 1 12 10 1 1 100 1 1 12 9 1 1 1 12 10 1 1 1 12 10 1 1 12 10 1 1 1 12 10 1 1 100 1 1 12 10 1 1 12 10 1 1 12 10 1 12 10 1 1 12 10 1 1 12 10 1 12 10 1 12 10 12 10 1 1 12 10 1 12 10 1 1 1
ciInstanceKlass java/util/function/Function 1 1 77 10 7 12 1 1 1 18 12 1 1 18 18 12 1 11 7 12 1 100 1 1 1 1 1 1 1 1 1 1 1 1 1 1 1 1 1 1 1 1 1 1 1 1 1 1 1 1 1 1 1 1 1 1 15 10 7 12 1 1 1 16 15 11 12 15 11 12 15 11 12 1 100 1 100 1 1
instanceKlass java/util/stream/IntPipeline$1
instanceKlass java/util/stream/ReferencePipeline$7
instanceKlass java/util/stream/ReferencePipeline$3
instanceKlass java/util/stream/ReferencePipeline$2
ciInstanceKlass java/util/stream/ReferencePipeline$StatelessOp 1 1 63 10 7 12 1 1 1 9 7 12 1 1 1 10 100 12 1 1 1 100 1 10 12 1 10 12 1 1 10 7 12 1 1 1 1 1 1 1 1 1 1 1 1 1 1 1 1 1 1 1 100 1 1 1 1 1 1 1 1 1 1 1 1
staticfield java/util/stream/ReferencePipeline$StatelessOp $assertionsDisabled Z 1
instanceKlass org/gradle/process/internal/streams/ExecOutputHandleRunner
instanceKlass java/lang/ProcessImpl$2
instanceKlass java/lang/ProcessHandleImpl
instanceKlass net/rubygrapefruit/platform/internal/jni/WindowsHandleFunctions
instanceKlass org/gradle/process/internal/ProcessBuilderFactory
instanceKlass org/gradle/process/internal/DefaultExecHandle$CompositeStreamsHandler
instanceKlass org/gradle/process/internal/ExecHandleRunner
instanceKlass org/gradle/process/internal/ExecHandleShutdownHookAction
instanceKlass net/rubygrapefruit/platform/internal/DefaultProcessLauncher
instanceKlass net/rubygrapefruit/platform/internal/WindowsProcessLauncher
instanceKlass net/rubygrapefruit/platform/internal/WrapperProcessLauncher
instanceKlass org/gradle/process/internal/DefaultExecHandle
instanceKlass org/gradle/process/internal/ProcessSettings
instanceKlass org/gradle/process/internal/streams/OutputStreamsForwarder
instanceKlass org/gradle/process/internal/DefaultExecActionFactory$1
instanceKlass org/gradle/process/internal/streams/SafeStreams
instanceKlass org/gradle/process/internal/ProcessStreamsSpec
instanceKlass org/gradle/process/internal/ProcessArgumentsSpec
instanceKlass org/gradle/process/internal/streams/EmptyStdInStreamsHandler
instanceKlass org/gradle/process/internal/ExecHandle
instanceKlass org/gradle/process/internal/StreamsHandler
instanceKlass org/gradle/process/internal/DefaultClientExecHandleBuilder
instanceKlass org/gradle/process/internal/ProcessArgumentsSpec$HasExecutable
instanceKlass org/gradle/process/internal/DefaultExecAction
instanceKlass com/flutter/gradle/tasks/BaseFlutterTaskHelper$createExecSpecActionFromTask$1
instanceKlass org/gradle/api/problems/internal/PluginIdLocation
instanceKlass org/gradle/api/problems/internal/DefaultTaskPathLocation
instanceKlass org/gradle/api/problems/internal/TaskPathLocation
instanceKlass org/gradle/internal/execution/steps/PreCreateOutputParentsStep$2
instanceKlass org/gradle/internal/vfs/impl/VersionHierarchy$2
instanceKlass org/gradle/internal/snapshot/DirectorySnapshot$1
instanceKlass org/gradle/internal/execution/history/changes/ExecutionStateChanges$2
instanceKlass org/gradle/internal/execution/history/changes/DefaultFileChange
instanceKlass org/gradle/api/tasks/incremental/InputFileDetails
instanceKlass org/gradle/internal/execution/history/impl/OutputSnapshotUtil$SnapshotFilteringVisitor$1
instanceKlass com/google/common/collect/Maps$13
instanceKlass org/gradle/internal/execution/history/impl/OutputSnapshotUtil
instanceKlass org/gradle/internal/execution/history/OverlappingOutputs
instanceKlass org/gradle/internal/execution/history/impl/DefaultOverlappingOutputDetector$OverlappingOutputsDetectingVisitor$1
instanceKlass org/gradle/internal/execution/history/impl/DefaultOverlappingOutputDetector$OverlappingOutputsDetectingVisitor
instanceKlass org/gradle/internal/reflect/validation/DefaultPluginId
instanceKlass org/gradle/api/problems/internal/DefaultTypeValidationData$DefaultTypeValidationDataBuilder
instanceKlass org/gradle/api/problems/internal/DefaultTypeValidationData
instanceKlass org/gradle/internal/reflect/validation/DelegatingProblemBuilder
instanceKlass org/jetbrains/kotlin/gradle/plugin/statistics/ExecutedTaskMetrics
instanceKlass org/jetbrains/kotlin/gradle/plugin/internal/state/TaskExecutionResults
instanceKlass java/time/Instant$1
instanceKlass com/android/build/gradle/internal/profile/AnalyticsResourceManager$WhenMappings
instanceKlass com/google/wireless/android/sdk/stats/GradleTaskExecution$TaskState$1
instanceKlass org/jetbrains/kotlin/gradle/plugin/statistics/NonSynchronizedMetricsContainer
instanceKlass org/gradle/api/internal/tasks/properties/OutputUnpacker$1
instanceKlass com/android/tools/build/gradle/internal/profile/GradleTaskExecutionType$1
instanceKlass org/jetbrains/kotlin/gradle/plugin/statistics/BuildFusService$Parameters$Inject
instanceKlass java/time/Clock
instanceKlass java/time/InstantSource
instanceKlass com/android/build/gradle/internal/profile/TaskProfilingRecord$Companion
instanceKlass org/gradle/internal/execution/steps/ExecuteStep$Operation$Result$1
instanceKlass org/gradle/internal/execution/steps/ExecuteStep$Operation$Result
instanceKlass org/gradle/internal/execution/steps/ExecuteStep$ExecutionResultImpl
instanceKlass org/gradle/internal/execution/steps/ExecuteStep$3
instanceKlass org/gradle/api/internal/tasks/execution/TaskExecution$2
instanceKlass com/google/protobuf/RepeatedFieldBuilderV3
instanceKlass com/google/wireless/android/sdk/stats/ArtifactAccessOrBuilder
instanceKlass com/google/wireless/android/sdk/stats/VariantPropertiesAccessOrBuilder
instanceKlass com/google/wireless/android/sdk/stats/VariantAccessOrBuilder
instanceKlass com/flutter/gradle/MinSdkVersion
instanceKlass org/gradle/api/internal/tasks/execution/ExecuteTaskActionBuildOperationType$2
instanceKlass org/gradle/api/internal/tasks/execution/ExecuteTaskActionBuildOperationType$1
instanceKlass org/gradle/api/internal/tasks/execution/ExecuteTaskActionBuildOperationType$Result
instanceKlass org/gradle/api/internal/tasks/execution/ExecuteTaskActionBuildOperationType$Details
instanceKlass org/gradle/api/internal/tasks/execution/ExecuteTaskActionBuildOperationType
instanceKlass org/gradle/api/internal/tasks/execution/TaskExecution$3
instanceKlass org/gradle/internal/execution/steps/ExecuteStep$2
instanceKlass org/gradle/internal/execution/steps/ExecuteStep$1$1
instanceKlass org/gradle/internal/execution/steps/ExecuteStep$Operation$Details
instanceKlass org/gradle/internal/execution/steps/ExecuteStep$1
instanceKlass org/gradle/internal/execution/steps/PreCreateOutputParentsStep$1
instanceKlass org/gradle/internal/execution/steps/BroadcastChangingOutputsStep$1
instanceKlass com/android/build/gradle/internal/dependency/BaseDexingTransform$Parameters$Inject
instanceKlass org/gradle/execution/plan/PostExecutionNodeAwareActionNode
instanceKlass com/android/build/gradle/internal/dependency/GenericTransformParameters$Inject
instanceKlass org/gradle/execution/RunRootBuildWorkBuildOperationType$Details
instanceKlass org/gradle/internal/buildtree/BuildOperationFiringBuildTreeWorkExecutor$2
instanceKlass com/android/tools/analytics/JournalingUsageTracker$scheduleJournalTimeout$1
instanceKlass com/google/wireless/android/sdk/stats/AndroidStudioEvent$IdeBrand$1
instanceKlass com/android/tools/analytics/UsageTrackerWriter
instanceKlass com/android/tools/analytics/UsageTracker
instanceKlass com/google/wireless/android/sdk/stats/AndroidStudioEventOrBuilder
instanceKlass com/android/build/gradle/internal/profile/WorkerProfilingRecord
instanceKlass com/android/build/gradle/internal/profile/TaskProfilingRecord
instanceKlass com/android/build/gradle/internal/profile/AnalyticsService$Params$Inject
instanceKlass com/google/common/cache/LocalCache$WriteThroughEntry
instanceKlass com/google/common/cache/LocalCache$HashIterator
instanceKlass com/android/utils/Pair
instanceKlass com/google/protobuf/Writer
instanceKlass com/google/protobuf/ByteOutput
instanceKlass com/android/build/gradle/internal/profile/AnalyticsResourceManagerKt
instanceKlass com/google/protobuf/GeneratedMessageV3$FieldAccessorTable$OneofAccessor
instanceKlass com/google/protobuf/GeneratedMessageV3$FieldAccessorTable$FieldAccessor
instanceKlass com/google/protobuf/GeneratedMessageV3$FieldAccessorTable
instanceKlass com/google/protobuf/Descriptors$1
instanceKlass com/google/protobuf/Descriptors$FieldDescriptor$1
instanceKlass com/google/protobuf/DescriptorProtos$OneofOptionsOrBuilder
instanceKlass com/google/protobuf/DescriptorProtos$FieldDescriptorProto$Type$1
instanceKlass com/google/protobuf/DescriptorProtos$FieldDescriptorProto$Label$1
instanceKlass com/google/protobuf/DescriptorProtos$FieldOptionsOrBuilder
instanceKlass com/google/protobuf/DescriptorProtos$OneofDescriptorProtoOrBuilder
instanceKlass com/google/protobuf/DescriptorProtos$DescriptorProto$ExtensionRangeOrBuilder
instanceKlass com/google/protobuf/DescriptorProtos$DescriptorProto$ReservedRangeOrBuilder
instanceKlass com/google/protobuf/DescriptorProtos$MessageOptionsOrBuilder
instanceKlass com/google/wireless/android/sdk/stats/AndroidStudioStats
instanceKlass com/google/wireless/android/sdk/stats/GradleBuildProject$GradlePlugin$1
instanceKlass com/android/build/gradle/internal/profile/AnalyticsResourceManager$recordPlugins$1
instanceKlass org/gradle/execution/plan/FinalizerGroup$ElementSuccessors
instanceKlass org/gradle/execution/plan/FinalizerGroup$WaitForNodesToComplete
instanceKlass org/gradle/api/internal/artifacts/transform/DefaultPlannedTransformStepIdentity
instanceKlass org/gradle/api/internal/artifacts/transform/TransformStepNode$1
instanceKlass org/gradle/api/internal/artifacts/transform/AttributesToMapConverter
instanceKlass org/gradle/api/internal/artifacts/transform/ComponentToOperationConverter$1
instanceKlass org/gradle/operations/dependencies/variants/ProjectComponentIdentifier
instanceKlass org/gradle/operations/dependencies/variants/ComponentIdentifier
instanceKlass org/gradle/api/internal/artifacts/transform/ComponentToOperationConverter
instanceKlass org/gradle/api/internal/artifacts/transform/DefaultPlannedTransformStep
instanceKlass org/gradle/execution/plan/FinalizerGroup$DoNotBlock
instanceKlass org/gradle/execution/plan/FinalizerGroup$MemberSuccessors
instanceKlass com/android/build/gradle/internal/lint/UastInputs$initializeFromKotlinCompileTask$1$1$1
instanceKlass com/android/build/gradle/internal/lint/UastInputs$initializeFromKotlinCompileTask$2$3
instanceKlass com/android/build/gradle/internal/tasks/MergeGeneratedProguardFilesCreationAction$configure$1
instanceKlass com/android/build/gradle/internal/scope/ArtifactTypeUtil$getDirectories$1
instanceKlass com/android/build/gradle/internal/utils/AndroidXDependency$Companion
instanceKlass com/android/build/gradle/internal/utils/AndroidXDependency
instanceKlass com/android/build/gradle/internal/tasks/LibraryAarJarsTask$Companion
instanceKlass com/android/build/gradle/internal/cxx/build/CxxRegularBuilder$Companion
instanceKlass com/android/build/gradle/internal/cxx/build/CxxRegularBuilder
instanceKlass com/android/build/gradle/internal/tasks/UnsafeOutputsTask$1
instanceKlass com/android/build/gradle/internal/cxx/build/CxxBuilder
instanceKlass com/android/build/gradle/internal/tasks/MergeNativeLibsTaskKt$getSubProjectNativeLibs$1
instanceKlass com/android/build/gradle/internal/tasks/MergeNativeLibsTaskKt$getExternalNativeLibs$1
instanceKlass com/android/build/gradle/internal/tasks/MergeNativeLibsTask$Companion$predicate$1
instanceKlass com/android/build/gradle/internal/tasks/MergeNativeLibsTask$Companion
instanceKlass com/android/build/gradle/internal/BuildToolsExecutableInput
instanceKlass com/android/build/gradle/internal/tasks/DexArchiveBuilderTask$CreationAction$configure$1
instanceKlass com/android/build/gradle/internal/dexing/DexParameters
instanceKlass com/android/build/gradle/internal/tasks/DexArchiveBuilderTask$Companion
instanceKlass com/android/build/gradle/internal/tasks/DexParameterInputs
instanceKlass com/android/build/gradle/internal/tasks/DexArchiveBuilderTask$DexingOutputs
instanceKlass org/gradle/api/internal/artifacts/transform/DefaultTransform$IsolateTransformParameters$1
instanceKlass org/gradle/api/internal/artifacts/transform/DefaultTransformNodeDependency
instanceKlass com/android/build/gradle/internal/dependency/VariantDependencies$Companion$getComponentFilter$6
instanceKlass com/android/build/api/variant/impl/FileBasedDirectoryEntryImpl$asFileTree$1$1
instanceKlass com/android/build/gradle/tasks/CompatibleScreensManifest$CreationAction$configure$1
instanceKlass com/android/manifmerger/ManifestMerger2$Invoker
instanceKlass com/android/build/gradle/tasks/ProcessApplicationManifest$Companion
instanceKlass com/android/build/gradle/internal/AndroidTestTaskManager$createMockableJarTask$1$1
instanceKlass com/android/build/gradle/internal/tasks/ValidateResourcesTask$Companion
instanceKlass org/gradle/execution/plan/edges/ComplexDependencyNodesSet
instanceKlass com/android/build/gradle/internal/core/dsl/impl/features/ShadersDslInfoImpl
instanceKlass com/android/build/gradle/internal/core/dsl/features/ShadersDslInfo
instanceKlass com/android/build/api/component/impl/features/ShadersCreationConfigImpl
instanceKlass com/android/build/gradle/internal/profile/ProfileAwareWorkAction$Parameters
instanceKlass org/gradle/api/internal/tasks/DefaultTaskContainer$2
instanceKlass com/android/build/gradle/internal/tasks/CheckAarMetadataTask$CreationAction$configure$2$1
instanceKlass com/android/build/gradle/internal/tasks/CheckAarMetadataTask$CreationAction$configure$1$1
instanceKlass com/android/build/gradle/internal/tasks/CheckAarMetadataTask$CreationAction$configure$2
instanceKlass com/android/build/gradle/internal/tasks/CheckAarMetadataTask$CreationAction$configure$1
instanceKlass com/android/build/gradle/internal/AndroidJarInput$getAndroidJar$1
instanceKlass com/android/build/gradle/internal/AndroidJarInput$sdkLoader$1
instanceKlass com/android/build/gradle/tasks/ExtractDeepLinksTask$BaseCreationAction$configure$1$2
instanceKlass com/android/build/gradle/tasks/ExtractDeepLinksTask$BaseCreationAction$configure$1$1
instanceKlass com/android/build/gradle/internal/tasks/ProcessJavaResTaskKt$getProjectJavaRes$3$3
instanceKlass com/android/build/gradle/internal/tasks/ProcessJavaResTaskKt$getProjectJavaRes$3$2
instanceKlass com/android/build/gradle/internal/tasks/ProcessJavaResTaskKt$getProjectJavaRes$3$1
instanceKlass com/android/build/gradle/internal/tasks/ProcessJavaResTaskKt$getProjectJavaRes$2
instanceKlass com/android/build/api/variant/impl/FlatSourceDirectoriesImpl$getAsFileTrees$1
instanceKlass com/android/build/gradle/internal/tasks/ProcessJavaResTaskKt
instanceKlass com/android/build/gradle/internal/tasks/ExportConsumerProguardFilesTask$Companion
instanceKlass com/android/build/gradle/tasks/ProcessLibraryArtProfileTask$CreationAction$configure$2$1
instanceKlass com/android/build/gradle/internal/tasks/MergeFileTask$Companion
instanceKlass com/android/build/gradle/internal/utils/CompileData
instanceKlass com/android/build/gradle/internal/tasks/AarMetadataTask$Companion
instanceKlass com/android/build/gradle/tasks/MergeResources$CreationAction$configure$2
instanceKlass org/gradle/api/internal/provider/MapCollectors$SingleEntry
instanceKlass com/android/build/gradle/internal/DependencyResourcesComputer$ResourceSourceSetInput
instanceKlass com/android/build/gradle/tasks/MergeResources$CreationAction$configure$1
instanceKlass com/android/build/gradle/tasks/MergeResources$Companion
instanceKlass org/gradle/work/FileChange
instanceKlass com/android/ide/common/resources/DataMerger
instanceKlass com/android/ide/common/resources/SingleFileProcessor
instanceKlass com/android/build/gradle/internal/DependencyResourcesComputer
instanceKlass com/android/ide/common/resources/ResourcePreprocessor
instanceKlass com/android/build/gradle/tasks/MapSourceSetPathsTask$CreateAction$configure$7
instanceKlass com/android/build/api/variant/impl/LayeredSourceDirectoriesImpl$getVariantSourcesWithFilter$2$2
instanceKlass com/android/build/api/variant/impl/LayeredSourceDirectoriesImpl$getVariantSourcesWithFilter$2$projectDir$1
instanceKlass com/android/build/gradle/tasks/MapSourceSetPathsTask$CreateAction$configure$6$1$2$asFiles$2
instanceKlass com/android/build/gradle/tasks/MapSourceSetPathsTask$CreateAction$configure$6$1$2$asFiles$1
instanceKlass com/android/build/gradle/tasks/MapSourceSetPathsTask$CreateAction$configure$5
instanceKlass com/android/build/gradle/tasks/MapSourceSetPathsTask$CreateAction$configure$4
instanceKlass com/android/build/gradle/tasks/MapSourceSetPathsTask$CreateAction$configure$3
instanceKlass com/android/build/gradle/tasks/MapSourceSetPathsTask$CreateAction$configure$2
instanceKlass com/android/build/gradle/tasks/MapSourceSetPathsTask$CreateAction$configure$1
instanceKlass com/flutter/gradle/tasks/BaseFlutterTaskHelper
instanceKlass org/jetbrains/kotlin/gradle/plugin/android/AndroidGradleWrapperKt
instanceKlass org/jetbrains/kotlin/gradle/plugin/android/AndroidGradleWrapper
instanceKlass org/jetbrains/kotlin/gradle/utils/CompatibilityKt
instanceKlass org/jetbrains/kotlin/gradle/plugin/diagnostics/CheckKotlinGradlePluginConfigurationErrorsKt$locateOrRegisterCheckKotlinGradlePluginErrorsTask$taskProvider$1$2
instanceKlass org/jetbrains/kotlin/gradle/plugin/diagnostics/CheckKotlinGradlePluginConfigurationErrorsKt$locateOrRegisterCheckKotlinGradlePluginErrorsTask$taskProvider$1$1
instanceKlass org/jetbrains/kotlin/gradle/plugin/diagnostics/CheckKotlinGradlePluginConfigurationErrors$Companion
instanceKlass org/jetbrains/kotlin/gradle/tasks/KotlinCompilerPluginData$InputsOutputsState
instanceKlass org/jetbrains/kotlin/gradle/tasks/AbstractKotlinCompile$friendPathsSet$1
instanceKlass com/android/build/gradle/internal/scope/BootClasspathBuilder$computeAdditionalAndRequestedOptionalLibraries$6
instanceKlass com/android/build/gradle/internal/scope/BootClasspathBuilder$computeAdditionalAndRequestedOptionalLibraries$5
instanceKlass com/android/build/gradle/internal/scope/BootClasspathBuilder$computeAdditionalAndRequestedOptionalLibraries$4
instanceKlass com/android/build/gradle/internal/scope/BootClasspathBuilder$computeAdditionalAndRequestedOptionalLibraries$3
instanceKlass com/android/build/gradle/internal/scope/BootClasspathBuilder$computeAdditionalAndRequestedOptionalLibraries$2
instanceKlass com/android/build/gradle/internal/scope/BootClasspathBuilder$computeAdditionalAndRequestedOptionalLibraries$1
instanceKlass com/android/build/gradle/internal/scope/BootClasspathBuilder$CacheKey
instanceKlass com/android/build/gradle/internal/lint/UastInputs$initializeFromKotlinCompileTask$2
instanceKlass com/android/build/gradle/internal/lint/UastInputs$initializeFromKotlinCompileTask$1
instanceKlass com/android/tools/lint/model/LintModelJavaArtifact
instanceKlass com/android/build/gradle/internal/tasks/factory/GlobalTaskCreationConfigImpl$platformAttrs$2$1
instanceKlass com/android/build/gradle/internal/tasks/factory/GlobalTaskCreationConfigImpl$platformAttrs$2$attributes$1
instanceKlass com/android/build/api/component/impl/features/ManifestPlaceholdersCreationConfigImpl
instanceKlass com/android/build/gradle/internal/core/dsl/impl/features/ManifestPlaceholdersDslInfoImpl
instanceKlass com/android/build/gradle/internal/core/dsl/features/ManifestPlaceholdersDslInfo
instanceKlass com/android/build/gradle/tasks/ManifestProcessorTask$Companion
instanceKlass com/android/manifmerger/MergingReport
instanceKlass org/gradle/api/internal/file/DefaultProjectLayout$1
instanceKlass com/android/build/gradle/internal/services/VariantServicesImpl$toRegularFileProvider$1
instanceKlass kotlin/collections/builders/ListBuilder$Itr
instanceKlass kotlin/jvm/internal/markers/KMutableListIterator
instanceKlass kotlin/collections/builders/ListBuilder$Companion
instanceKlass com/android/build/gradle/internal/core/dsl/impl/features/OptimizationDslInfoImpl$WhenMappings
instanceKlass com/android/build/gradle/internal/ide/Utils
instanceKlass com/android/build/gradle/tasks/BundleAar$BaseCreationAction$configure$4
instanceKlass org/gradle/api/internal/file/copy/RegExpNameMapper
instanceKlass com/android/build/gradle/tasks/BundleAar$BaseCreationAction$configure$3
instanceKlass com/android/build/gradle/internal/component/KmpCreationConfig
instanceKlass com/android/build/gradle/tasks/BundleAar$BaseCreationAction$configure$2
instanceKlass com/android/build/gradle/tasks/BundleAar$Companion$prependToCopyPath$1$1
instanceKlass com/android/build/gradle/tasks/BundleAar$Companion$prependToCopyPath$1
instanceKlass com/android/build/gradle/tasks/BundleAar$2
instanceKlass com/android/build/gradle/tasks/BundleAar$1
instanceKlass com/android/build/gradle/tasks/BundleAar$Companion
instanceKlass com/android/build/gradle/internal/tasks/PrepareLintJarForPublishKt$getPublishedCustomLintChecks$1
instanceKlass com/android/build/gradle/internal/tasks/PrepareLintJarForPublishKt$getPublishedCustomLintChecks$attributes$1
instanceKlass com/android/build/gradle/internal/tasks/PrepareLintJarForPublishKt
instanceKlass com/android/build/gradle/internal/tasks/GlobalTask$ConfigureAction
instanceKlass com/android/build/gradle/internal/tasks/PrepareLintJarForPublish$Companion
instanceKlass com/android/build/gradle/internal/component/VariantCreationConfig$lintUseK2UastManualSetting$ret$1
instanceKlass com/android/build/gradle/internal/lint/CustomLintCheckUtils$getLocalCustomLintChecks$1$1
instanceKlass com/android/build/gradle/internal/lint/CustomLintCheckUtils$getLocalCustomLintChecks$1
instanceKlass com/android/build/gradle/internal/lint/CustomLintCheckUtils
instanceKlass com/android/build/gradle/internal/services/LintParallelBuildService$Companion
instanceKlass com/android/build/gradle/internal/services/LintParallelBuildServiceKt$getLintParallelBuildService$1
instanceKlass com/android/build/gradle/internal/services/LintParallelBuildService
instanceKlass com/android/build/gradle/internal/services/LintParallelBuildServiceKt
instanceKlass com/android/build/gradle/internal/lint/EnvironmentVariableInputs$initialize$4
instanceKlass com/android/build/gradle/internal/lint/EnvironmentVariableInputs$initialize$3
instanceKlass com/android/build/gradle/internal/lint/EnvironmentVariableInputs$initialize$2
instanceKlass com/android/build/gradle/internal/lint/EnvironmentVariableInputs$initialize$1
instanceKlass com/android/build/gradle/internal/lint/SystemPropertyInputs$initialize$4
instanceKlass com/android/build/gradle/internal/lint/SystemPropertyInputs$initialize$3
instanceKlass com/android/build/gradle/internal/lint/SystemPropertyInputs$initialize$2
instanceKlass com/android/build/gradle/internal/lint/SystemPropertyInputs$initialize$1
instanceKlass com/android/build/gradle/internal/lint/AndroidLintAnalysisTask$initializeGlobalInputs$3
instanceKlass com/android/build/gradle/internal/lint/AndroidLintAnalysisTask$initializeGlobalInputs$globalLintJarsFromEnvVariable$1
instanceKlass com/android/build/gradle/internal/lint/AndroidLintAnalysisTask$initializeGlobalInputs$2
instanceKlass com/android/build/gradle/internal/lint/AndroidLintAnalysisTask$initializeGlobalInputs$1
instanceKlass com/android/build/gradle/internal/lint/SystemPropertyInputs
instanceKlass com/android/build/gradle/internal/lint/EnvironmentVariableInputs
instanceKlass com/android/build/gradle/internal/lint/UastInputs
instanceKlass com/android/build/gradle/internal/lint/LintTool
instanceKlass com/android/tools/lint/model/LintModelBuildFeatures
instanceKlass com/android/build/gradle/internal/lint/SourceProviderInput$initialize$5
instanceKlass com/android/build/gradle/internal/lint/SourceProviderInput$initialize$4
instanceKlass com/android/build/gradle/internal/lint/SourceProviderInput$initialize$3
instanceKlass com/android/build/gradle/internal/lint/SourceProviderInput$initialize$2
instanceKlass com/android/build/gradle/internal/lint/SourceProviderInput$initialize$1
instanceKlass com/android/build/gradle/internal/utils/DesugarLibUtils$getD8DesugarMethodFileFromTransform$1$1
instanceKlass com/android/build/gradle/internal/utils/DesugarLibUtils$getD8DesugarMethodFileFromTransform$1
instanceKlass com/android/build/gradle/internal/ide/dependencies/Level1RuntimeArtifactCollections
instanceKlass com/android/build/gradle/internal/ide/dependencies/ArtifactUtils
instanceKlass com/android/build/gradle/internal/ide/dependencies/ArtifactCollections
instanceKlass com/android/build/gradle/internal/ide/dependencies/BuildIdentifierMethods$getBuildPath$1
instanceKlass com/android/build/gradle/internal/ide/dependencies/BuildIdentifierMethods
instanceKlass com/android/build/gradle/internal/ide/dependencies/ArtifactCollectionsInputsImpl
instanceKlass com/android/build/gradle/internal/ide/dependencies/ArtifactCollectionsInputs
instanceKlass com/android/tools/lint/model/LintModelDependencies
instanceKlass com/android/build/gradle/internal/lint/KotlinCompilationWrapper
instanceKlass com/android/tools/lint/model/LintModelAndroidArtifact
instanceKlass com/android/tools/lint/model/LintModelArtifact
instanceKlass com/android/build/gradle/internal/lint/DependencyCaches
instanceKlass com/android/build/gradle/internal/lint/SourceProviderInput
instanceKlass com/android/build/gradle/internal/lint/ArtifactInput
instanceKlass com/android/build/gradle/internal/lint/SdkVersionInput
instanceKlass com/android/build/gradle/internal/lint/BuildFeaturesInput
instanceKlass com/android/tools/lint/model/LintModelVariant
instanceKlass com/android/tools/lint/model/LintModelLintOptions
instanceKlass com/android/build/gradle/internal/lint/ProjectInputs$initializeFromProject$1
instanceKlass com/android/build/gradle/internal/lint/LintOptionsInput
instanceKlass com/android/tools/lint/model/LintModelModule
instanceKlass com/android/build/gradle/internal/lint/LintModelWriterTask$partialResultsDirPath$1
instanceKlass com/android/build/gradle/internal/lint/KotlinMultiplatformExtensionWrapper
instanceKlass com/android/build/gradle/internal/lint/ProjectInputs
instanceKlass com/android/build/gradle/internal/lint/VariantInputs
instanceKlass com/android/build/gradle/internal/ide/dependencies/UsesLibraryDependencyCacheBuildService
instanceKlass com/android/build/gradle/internal/databinding/DataBindingExcludeDelegateKt
instanceKlass com/android/build/gradle/internal/tasks/BundleLibraryClassesKt
instanceKlass com/android/build/gradle/internal/databinding/DataBindingExcludeDelegate
instanceKlass org/gradle/api/internal/artifacts/ivyservice/resolveengine/projectresult/ResolvedLocalComponentsResultGraphVisitor$ResolvedProjectConfiguration
instanceKlass org/jetbrains/kotlin/gradle/internal/StdlibDependencyManagementKt$addStdlibDependency$1$1$1$1
instanceKlass org/jetbrains/kotlin/gradle/utils/ReportUtilsKt$addConfigurationMetrics$1$1
instanceKlass org/jetbrains/kotlin/gradle/plugin/statistics/KotlinStdlibConfigurationMetrics
instanceKlass org/jetbrains/kotlin/gradle/internal/StdlibDependencyManagementKt$WhenMappings
instanceKlass org/jetbrains/kotlin/gradle/targets/js/npm/SemverKt
instanceKlass org/jetbrains/kotlin/gradle/internal/KotlinDependenciesManagementKt$allNonProjectDependencies$1
instanceKlass org/jetbrains/kotlin/gradle/plugin/AndroidProjectHandler$wireKotlinTasks$1$2
instanceKlass org/jetbrains/kotlin/gradle/dsl/KotlinCommonOptions$DefaultImpls
instanceKlass org/jetbrains/kotlin/gradle/tasks/configuration/BaseKotlinCompileConfig$2$1$1$2
instanceKlass org/jetbrains/kotlin/gradle/tasks/configuration/BaseKotlinCompileConfig$2$1$1$1
instanceKlass org/jetbrains/kotlin/gradle/tasks/configuration/BaseKotlinCompileConfig$1$3$2
instanceKlass org/jetbrains/kotlin/gradle/tasks/configuration/AbstractKotlinCompileConfig$getClasspathSnapshotDir$1
instanceKlass org/jetbrains/kotlin/gradle/tasks/configuration/BaseKotlinCompileConfig$1$3$classpathEntrySnapshotFiles$1
instanceKlass org/jetbrains/kotlin/gradle/tasks/configuration/AbstractKotlinCompileConfig$2$4
instanceKlass org/jetbrains/kotlin/gradle/tasks/configuration/AbstractKotlinCompileConfig$2$3
instanceKlass org/jetbrains/kotlin/gradle/tasks/configuration/AbstractKotlinCompileConfig$2$2$1
instanceKlass org/jetbrains/kotlin/gradle/tasks/configuration/AbstractKotlinCompileConfig$1$6
instanceKlass org/jetbrains/kotlin/gradle/tasks/configuration/AbstractKotlinCompileConfig$1$5
instanceKlass org/jetbrains/kotlin/gradle/tasks/configuration/AbstractKotlinCompileConfig$1$4
instanceKlass org/jetbrains/kotlin/gradle/tasks/KotlinCompilerExecutionStrategy$Companion
instanceKlass org/jetbrains/kotlin/compilerRunner/KotlinCompilerArgumentsLogLevel$Companion
instanceKlass org/jetbrains/kotlin/gradle/plugin/PropertiesProvider$kotlinCompilerArgumentsLogLevel$1
instanceKlass org/jetbrains/kotlin/gradle/tasks/configuration/AbstractKotlinCompileConfig$1$2
instanceKlass org/jetbrains/kotlin/gradle/tasks/configuration/AbstractKotlinCompileConfig$1$1
instanceKlass org/jetbrains/kotlin/gradle/plugin/mpp/KotlinCompilationsKt$sam$java_util_concurrent_Callable$0
instanceKlass org/jetbrains/kotlin/gradle/tasks/DefaultKotlinJavaToolchain$DefaultJavaToolchainSetter$useAsConvention$1
instanceKlass org/jetbrains/kotlin/gradle/tasks/UsesKotlinJavaToolchain$DefaultImpls
instanceKlass org/jetbrains/kotlin/gradle/tasks/KotlinJvmCompile$DefaultImpls
instanceKlass org/jetbrains/kotlin/gradle/dsl/KotlinJvmCompile$DefaultImpls
instanceKlass org/jetbrains/kotlin/gradle/tasks/KotlinCompile$androidLayoutResources$1
instanceKlass org/jetbrains/kotlin/gradle/tasks/KotlinCompile$javaSources$1
instanceKlass org/jetbrains/kotlin/gradle/tasks/KotlinCompile$ScriptFilterSpec
instanceKlass org/jetbrains/kotlin/gradle/tasks/KotlinCompile$scriptSources$1
instanceKlass org/jetbrains/kotlin/gradle/tasks/K2MultiplatformStructure$RefinesEdge
instanceKlass org/jetbrains/kotlin/gradle/tasks/K2MultiplatformStructure$Fragment
instanceKlass org/jetbrains/kotlin/gradle/tasks/internal/KotlinJvmOptionsCompat
instanceKlass org/jetbrains/kotlin/gradle/tasks/AbstractKotlinCompile$compilerRunner$1
instanceKlass org/jetbrains/kotlin/gradle/tasks/DefaultKotlinJavaToolchain$DefaultJavaToolchainSetter
instanceKlass org/jetbrains/kotlin/gradle/tasks/DefaultKotlinJavaToolchain$DefaultJdkSetter
instanceKlass org/jetbrains/kotlin/gradle/tasks/DefaultKotlinJavaToolchain$currentJvmJdkToolsJar$1
instanceKlass org/jetbrains/kotlin/gradle/tasks/DefaultKotlinJavaToolchain$getToolsJarFromJvm$1
instanceKlass org/jetbrains/kotlin/gradle/tasks/DefaultKotlinJavaToolchain$javaExecutable$1
instanceKlass org/jetbrains/kotlin/gradle/tasks/DefaultKotlinJavaToolchain$javaVersion$1
instanceKlass org/jetbrains/kotlin/gradle/tasks/KotlinJavaToolchain$JavaToolchainSetter
instanceKlass org/jetbrains/kotlin/gradle/tasks/KotlinJavaToolchain$JdkSetter
instanceKlass org/jetbrains/kotlin/gradle/tasks/GradleCompileTaskProviderKt
instanceKlass org/jetbrains/kotlin/compilerRunner/GradleCompilerRunner$Companion
instanceKlass org/jetbrains/kotlin/gradle/tasks/CacheableTasksKt$cacheOnlyIfEnabledForKotlin$1
instanceKlass org/jetbrains/kotlin/gradle/utils/ConfigurationCacheKt
instanceKlass org/jetbrains/kotlin/gradle/tasks/CacheableTasksKt
instanceKlass org/jetbrains/kotlin/build/report/metrics/GcMetrics
instanceKlass org/jetbrains/kotlin/build/report/metrics/BuildAttribute$Companion
instanceKlass org/jetbrains/kotlin/build/report/metrics/BuildAttributeKind$Companion
instanceKlass org/jetbrains/kotlin/build/report/metrics/BuildAttributes$Companion
instanceKlass org/jetbrains/kotlin/build/report/metrics/BuildAttributes
instanceKlass org/jetbrains/kotlin/build/report/metrics/BuildPerformanceMetrics$Companion
instanceKlass org/jetbrains/kotlin/build/report/metrics/BuildPerformanceMetrics
instanceKlass org/jetbrains/kotlin/build/report/metrics/BuildTimes$Companion
instanceKlass org/jetbrains/kotlin/build/report/metrics/BuildTimes
instanceKlass org/jetbrains/kotlin/build/report/metrics/BuildMetricsReporterImpl
instanceKlass org/jetbrains/kotlin/gradle/internal/build/SourcesUtilsKt
instanceKlass org/jetbrains/kotlin/gradle/plugin/CompilerPluginConfig
instanceKlass org/jetbrains/kotlin/build/report/metrics/BuildMetricsReporter
instanceKlass org/jetbrains/kotlin/gradle/tasks/KotlinCompilerPluginData
instanceKlass org/jetbrains/kotlin/gradle/incremental/IncrementalModuleInfoProvider
instanceKlass org/jetbrains/kotlin/gradle/tasks/GradleCompileTaskProvider
instanceKlass org/jetbrains/kotlin/compilerRunner/GradleCompilerRunner
instanceKlass org/jetbrains/kotlin/daemon/common/MultiModuleICSettings
instanceKlass org/jetbrains/kotlin/buildtools/api/SourcesChanges
instanceKlass org/jetbrains/kotlin/gradle/plugin/KotlinCompilerArgumentsProducer$CreateCompilerArgumentsContext
instanceKlass org/jetbrains/kotlin/incremental/IncrementalCompilationFeatures
instanceKlass org/jetbrains/kotlin/gradle/tasks/K2MultiplatformStructure
instanceKlass org/jetbrains/kotlin/incremental/ClasspathChanges
instanceKlass org/jetbrains/kotlin/gradle/tasks/KotlinCompile$ClasspathSnapshotProperties
instanceKlass org/jetbrains/kotlin/gradle/tasks/TaskOutputsBackup
instanceKlass org/jetbrains/kotlin/cli/common/arguments/Freezable
instanceKlass com/android/build/gradle/internal/SdkDirectLoadingStrategy$DirectLoadComponents
instanceKlass com/android/build/gradle/internal/errors/MessageReceiverImplKt
instanceKlass com/android/build/gradle/internal/errors/MessageReceiverImpl$WhenMappings
instanceKlass com/android/ide/common/blame/SourcePosition
instanceKlass com/android/ide/common/blame/SourceFile
instanceKlass com/android/ide/common/blame/SourceFilePosition
instanceKlass com/android/ide/common/blame/Message$Kind$Companion
instanceKlass com/android/ide/common/blame/Message
instanceKlass com/android/build/gradle/internal/errors/SyncIssueReporterImpl$WhenMappings
instanceKlass com/android/build/gradle/internal/ide/SyncIssueImpl
instanceKlass com/android/build/gradle/internal/EmulatorComponents$Companion$build$fileExists$1
instanceKlass com/android/build/gradle/internal/EmulatorComponents$Companion
instanceKlass com/android/build/gradle/internal/EmulatorComponents
instanceKlass com/android/sdklib/repository/targets/OptionalLibraryImpl
instanceKlass com/android/sdklib/repository/targets/PlatformTarget$Library
instanceKlass com/android/sdklib/repository/targets/PlatformTarget
instanceKlass com/android/sdklib/IAndroidTarget
instanceKlass com/sun/xml/bind/v2/runtime/unmarshaller/DefaultIDResolver$1
instanceKlass com/sun/xml/bind/DatatypeConverterImpl
instanceKlass javax/xml/bind/DatatypeConverterInterface
instanceKlass org/xml/sax/helpers/AttributesImpl
instanceKlass com/sun/org/apache/xerces/internal/impl/Constants$ArrayEnumeration
instanceKlass com/sun/org/apache/xerces/internal/impl/Constants
instanceKlass com/sun/org/apache/xerces/internal/parsers/AbstractSAXParser$LocatorProxy
instanceKlass org/xml/sax/ext/Locator2
instanceKlass com/sun/org/apache/xerces/internal/util/XMLSymbols
instanceKlass com/sun/org/apache/xerces/internal/util/XMLChar
instanceKlass com/sun/xml/internal/stream/Entity
instanceKlass com/sun/xml/internal/stream/util/BufferAllocator
instanceKlass com/sun/xml/internal/stream/util/ThreadLocalBufferAllocator
instanceKlass com/sun/org/apache/xerces/internal/impl/XMLEntityManager$EncodingInfo
instanceKlass com/sun/org/apache/xerces/internal/utils/XMLLimitAnalyzer
instanceKlass com/sun/org/apache/xerces/internal/xni/parser/XMLInputSource
instanceKlass com/sun/org/apache/xerces/internal/util/ErrorHandlerWrapper
instanceKlass com/sun/org/apache/xerces/internal/xni/parser/XMLErrorHandler
instanceKlass com/sun/org/apache/xerces/internal/impl/ExternalSubsetResolver
instanceKlass com/sun/org/apache/xerces/internal/util/EntityResolverWrapper
instanceKlass org/xml/sax/ext/EntityResolver2
instanceKlass com/sun/xml/bind/v2/runtime/unmarshaller/TagName
instanceKlass com/sun/xml/bind/v2/runtime/unmarshaller/SAXConnector
instanceKlass com/sun/org/apache/xerces/internal/parsers/AbstractSAXParser$AttributesProxy
instanceKlass org/xml/sax/ext/Attributes2
instanceKlass org/xml/sax/AttributeList
instanceKlass com/sun/org/apache/xerces/internal/util/FeatureState
instanceKlass com/sun/org/apache/xerces/internal/util/PropertyState
instanceKlass com/sun/org/apache/xerces/internal/impl/msg/XMLMessageFormatter
instanceKlass com/sun/org/apache/xerces/internal/util/MessageFormatter
instanceKlass com/sun/org/apache/xerces/internal/impl/XMLVersionDetector
instanceKlass com/sun/org/apache/xerces/internal/impl/validation/ValidationManager
instanceKlass com/sun/org/apache/xerces/internal/impl/dv/dtd/NMTOKENDatatypeValidator
instanceKlass com/sun/org/apache/xerces/internal/impl/dv/dtd/NOTATIONDatatypeValidator
instanceKlass com/sun/org/apache/xerces/internal/impl/dv/dtd/ENTITYDatatypeValidator
